Start training script: Sun Nov 30 13:29:22 2025

+ Training model for task: LEFT_CLICK
label mapping: {'LEFT_PRESS': 0, 'LEFT_RELEASE': 1, 'NONE': 2}
dataset shape: torch.Size([726, 5, 12]), torch.Size([726])
Dataset distribution:
> Train: Counter({np.int64(2): 413, np.int64(1): 93, np.int64(0): 74})
> Val:   Counter({np.int64(2): 104, np.int64(1): 23, np.int64(0): 19})
Using device: cpu
Start training with config: default
Config details: TrainingConfig(name='default', weight=None, learning_rate=0.001, max_epochs=200, early_stopping_patience=10)
[Epoch 1/200] Train Loss: 0.9165 Acc: 0.7121 | Val Loss: 0.7762 Acc: 0.7123
[Epoch 2/200] Train Loss: 0.7841 Acc: 0.7121 | Val Loss: 0.7617 Acc: 0.7123
[Epoch 3/200] Train Loss: 0.7654 Acc: 0.7121 | Val Loss: 0.7460 Acc: 0.7123
[Epoch 4/200] Train Loss: 0.7425 Acc: 0.7121 | Val Loss: 0.7248 Acc: 0.7123
[Epoch 5/200] Train Loss: 0.7110 Acc: 0.7121 | Val Loss: 0.6940 Acc: 0.7123
[Epoch 6/200] Train Loss: 0.6679 Acc: 0.7121 | Val Loss: 0.6403 Acc: 0.7123
[Epoch 7/200] Train Loss: 0.6082 Acc: 0.7138 | Val Loss: 0.5674 Acc: 0.7603
[Epoch 8/200] Train Loss: 0.5373 Acc: 0.7845 | Val Loss: 0.5163 Acc: 0.7945
[Epoch 9/200] Train Loss: 0.4798 Acc: 0.8086 | Val Loss: 0.4717 Acc: 0.8082
[Epoch 10/200] Train Loss: 0.4331 Acc: 0.8259 | Val Loss: 0.4276 Acc: 0.8219
[Epoch 11/200] Train Loss: 0.3956 Acc: 0.8293 | Val Loss: 0.4172 Acc: 0.8219
[Epoch 12/200] Train Loss: 0.3807 Acc: 0.8293 | Val Loss: 0.3697 Acc: 0.8356
[Epoch 13/200] Train Loss: 0.3629 Acc: 0.8276 | Val Loss: 0.3730 Acc: 0.8356
[Epoch 14/200] Train Loss: 0.3544 Acc: 0.8345 | Val Loss: 0.3485 Acc: 0.8493
[Epoch 15/200] Train Loss: 0.3446 Acc: 0.8431 | Val Loss: 0.4372 Acc: 0.8288
[Epoch 16/200] Train Loss: 0.3481 Acc: 0.8517 | Val Loss: 0.3754 Acc: 0.8356
[Epoch 17/200] Train Loss: 0.3443 Acc: 0.8414 | Val Loss: 0.3293 Acc: 0.8493
[Epoch 18/200] Train Loss: 0.3284 Acc: 0.8466 | Val Loss: 0.3150 Acc: 0.8562
[Epoch 19/200] Train Loss: 0.3223 Acc: 0.8517 | Val Loss: 0.3416 Acc: 0.8356
[Epoch 20/200] Train Loss: 0.3470 Acc: 0.8448 | Val Loss: 0.3366 Acc: 0.8425
[Epoch 21/200] Train Loss: 0.3217 Acc: 0.8431 | Val Loss: 0.3039 Acc: 0.8699
[Epoch 22/200] Train Loss: 0.3234 Acc: 0.8552 | Val Loss: 0.3032 Acc: 0.8630
[Epoch 23/200] Train Loss: 0.3185 Acc: 0.8483 | Val Loss: 0.3037 Acc: 0.8630
[Epoch 24/200] Train Loss: 0.3134 Acc: 0.8517 | Val Loss: 0.2988 Acc: 0.8699
[Epoch 25/200] Train Loss: 0.3161 Acc: 0.8448 | Val Loss: 0.2965 Acc: 0.8699
[Epoch 26/200] Train Loss: 0.3101 Acc: 0.8586 | Val Loss: 0.3302 Acc: 0.8493
[Epoch 27/200] Train Loss: 0.3288 Acc: 0.8500 | Val Loss: 0.3572 Acc: 0.8493
[Epoch 28/200] Train Loss: 0.3404 Acc: 0.8517 | Val Loss: 0.3215 Acc: 0.8562
[Epoch 29/200] Train Loss: 0.3125 Acc: 0.8552 | Val Loss: 0.2905 Acc: 0.8699
[Epoch 30/200] Train Loss: 0.3072 Acc: 0.8569 | Val Loss: 0.3228 Acc: 0.8699
[Epoch 31/200] Train Loss: 0.3153 Acc: 0.8534 | Val Loss: 0.2861 Acc: 0.8699
[Epoch 32/200] Train Loss: 0.3145 Acc: 0.8569 | Val Loss: 0.2920 Acc: 0.8767
[Epoch 33/200] Train Loss: 0.3241 Acc: 0.8483 | Val Loss: 0.2919 Acc: 0.8699
[Epoch 34/200] Train Loss: 0.3176 Acc: 0.8500 | Val Loss: 0.2867 Acc: 0.8699
[Epoch 35/200] Train Loss: 0.3003 Acc: 0.8586 | Val Loss: 0.2932 Acc: 0.8699
[Epoch 36/200] Train Loss: 0.3059 Acc: 0.8621 | Val Loss: 0.2903 Acc: 0.8699
[Epoch 37/200] Train Loss: 0.3019 Acc: 0.8603 | Val Loss: 0.3090 Acc: 0.8767
[Epoch 38/200] Train Loss: 0.3094 Acc: 0.8534 | Val Loss: 0.2844 Acc: 0.8699
[Epoch 39/200] Train Loss: 0.2984 Acc: 0.8672 | Val Loss: 0.2820 Acc: 0.8767
[Epoch 40/200] Train Loss: 0.2933 Acc: 0.8672 | Val Loss: 0.3137 Acc: 0.8699
[Epoch 41/200] Train Loss: 0.3164 Acc: 0.8586 | Val Loss: 0.3139 Acc: 0.8767
[Epoch 42/200] Train Loss: 0.2965 Acc: 0.8655 | Val Loss: 0.2782 Acc: 0.8836
[Epoch 43/200] Train Loss: 0.3146 Acc: 0.8690 | Val Loss: 0.2785 Acc: 0.8836
[Epoch 44/200] Train Loss: 0.3029 Acc: 0.8638 | Val Loss: 0.2734 Acc: 0.8904
[Epoch 45/200] Train Loss: 0.2868 Acc: 0.8707 | Val Loss: 0.2725 Acc: 0.8767
[Epoch 46/200] Train Loss: 0.2924 Acc: 0.8603 | Val Loss: 0.3241 Acc: 0.8699
[Epoch 47/200] Train Loss: 0.3014 Acc: 0.8741 | Val Loss: 0.2693 Acc: 0.8973
[Epoch 48/200] Train Loss: 0.2803 Acc: 0.8845 | Val Loss: 0.2782 Acc: 0.8767
[Epoch 49/200] Train Loss: 0.2866 Acc: 0.8810 | Val Loss: 0.2722 Acc: 0.8836
[Epoch 50/200] Train Loss: 0.2825 Acc: 0.8741 | Val Loss: 0.2928 Acc: 0.8767
[Epoch 51/200] Train Loss: 0.2872 Acc: 0.8879 | Val Loss: 0.2617 Acc: 0.9041
[Epoch 52/200] Train Loss: 0.2786 Acc: 0.8672 | Val Loss: 0.2689 Acc: 0.9041
[Epoch 53/200] Train Loss: 0.2938 Acc: 0.8983 | Val Loss: 0.2627 Acc: 0.8836
[Epoch 54/200] Train Loss: 0.2728 Acc: 0.8897 | Val Loss: 0.2566 Acc: 0.9041
[Epoch 55/200] Train Loss: 0.2701 Acc: 0.9086 | Val Loss: 0.2611 Acc: 0.8904
[Epoch 56/200] Train Loss: 0.2645 Acc: 0.9017 | Val Loss: 0.2565 Acc: 0.8836
[Epoch 57/200] Train Loss: 0.2647 Acc: 0.8776 | Val Loss: 0.2485 Acc: 0.9178
[Epoch 58/200] Train Loss: 0.2655 Acc: 0.9259 | Val Loss: 0.2449 Acc: 0.9110
[Epoch 59/200] Train Loss: 0.2606 Acc: 0.9034 | Val Loss: 0.2431 Acc: 0.9178
[Epoch 60/200] Train Loss: 0.2554 Acc: 0.9017 | Val Loss: 0.2378 Acc: 0.9178
[Epoch 61/200] Train Loss: 0.2533 Acc: 0.9276 | Val Loss: 0.2377 Acc: 0.9178
[Epoch 62/200] Train Loss: 0.2642 Acc: 0.9121 | Val Loss: 0.2478 Acc: 0.9521
[Epoch 63/200] Train Loss: 0.2628 Acc: 0.9069 | Val Loss: 0.2319 Acc: 0.9452
[Epoch 64/200] Train Loss: 0.2409 Acc: 0.9155 | Val Loss: 0.2249 Acc: 0.9315
[Epoch 65/200] Train Loss: 0.2405 Acc: 0.9207 | Val Loss: 0.2227 Acc: 0.9315
[Epoch 66/200] Train Loss: 0.2647 Acc: 0.8862 | Val Loss: 0.2422 Acc: 0.9384
[Epoch 67/200] Train Loss: 0.2615 Acc: 0.8983 | Val Loss: 0.2242 Acc: 0.9247
[Epoch 68/200] Train Loss: 0.2292 Acc: 0.9379 | Val Loss: 0.2224 Acc: 0.9384
[Epoch 69/200] Train Loss: 0.2421 Acc: 0.9224 | Val Loss: 0.2165 Acc: 0.9452
[Epoch 70/200] Train Loss: 0.2560 Acc: 0.9052 | Val Loss: 0.2176 Acc: 0.9178
[Epoch 71/200] Train Loss: 0.2212 Acc: 0.9379 | Val Loss: 0.2206 Acc: 0.9247
[Epoch 72/200] Train Loss: 0.2213 Acc: 0.9362 | Val Loss: 0.2092 Acc: 0.9521
[Epoch 73/200] Train Loss: 0.2101 Acc: 0.9310 | Val Loss: 0.2046 Acc: 0.9452
[Epoch 74/200] Train Loss: 0.2116 Acc: 0.9310 | Val Loss: 0.2167 Acc: 0.9384
[Epoch 75/200] Train Loss: 0.2181 Acc: 0.9138 | Val Loss: 0.2273 Acc: 0.9452
[Epoch 76/200] Train Loss: 0.2258 Acc: 0.9241 | Val Loss: 0.1995 Acc: 0.9315
[Epoch 77/200] Train Loss: 0.2037 Acc: 0.9414 | Val Loss: 0.1898 Acc: 0.9452
[Epoch 78/200] Train Loss: 0.2100 Acc: 0.9362 | Val Loss: 0.1836 Acc: 0.9589
[Epoch 79/200] Train Loss: 0.1953 Acc: 0.9431 | Val Loss: 0.1801 Acc: 0.9452
[Epoch 80/200] Train Loss: 0.1929 Acc: 0.9483 | Val Loss: 0.1878 Acc: 0.9452
[Epoch 81/200] Train Loss: 0.2230 Acc: 0.9448 | Val Loss: 0.1965 Acc: 0.9315
[Epoch 82/200] Train Loss: 0.1966 Acc: 0.9431 | Val Loss: 0.1723 Acc: 0.9521
[Epoch 83/200] Train Loss: 0.1927 Acc: 0.9397 | Val Loss: 0.1773 Acc: 0.9589
[Epoch 84/200] Train Loss: 0.1791 Acc: 0.9466 | Val Loss: 0.1766 Acc: 0.9452
[Epoch 85/200] Train Loss: 0.1790 Acc: 0.9517 | Val Loss: 0.1740 Acc: 0.9452
[Epoch 86/200] Train Loss: 0.1788 Acc: 0.9466 | Val Loss: 0.1649 Acc: 0.9521
[Epoch 87/200] Train Loss: 0.1824 Acc: 0.9431 | Val Loss: 0.1543 Acc: 0.9521
[Epoch 88/200] Train Loss: 0.1744 Acc: 0.9483 | Val Loss: 0.1524 Acc: 0.9589
[Epoch 89/200] Train Loss: 0.1632 Acc: 0.9500 | Val Loss: 0.1606 Acc: 0.9521
[Epoch 90/200] Train Loss: 0.1729 Acc: 0.9431 | Val Loss: 0.1519 Acc: 0.9521
[Epoch 91/200] Train Loss: 0.1587 Acc: 0.9483 | Val Loss: 0.1472 Acc: 0.9521
[Epoch 92/200] Train Loss: 0.1587 Acc: 0.9534 | Val Loss: 0.1572 Acc: 0.9452
[Epoch 93/200] Train Loss: 0.1580 Acc: 0.9483 | Val Loss: 0.1370 Acc: 0.9521
[Epoch 94/200] Train Loss: 0.1550 Acc: 0.9552 | Val Loss: 0.1383 Acc: 0.9521
[Epoch 95/200] Train Loss: 0.1454 Acc: 0.9534 | Val Loss: 0.1332 Acc: 0.9589
[Epoch 96/200] Train Loss: 0.1567 Acc: 0.9397 | Val Loss: 0.1446 Acc: 0.9521
[Epoch 97/200] Train Loss: 0.1719 Acc: 0.9379 | Val Loss: 0.1751 Acc: 0.9452
[Epoch 98/200] Train Loss: 0.1580 Acc: 0.9500 | Val Loss: 0.1354 Acc: 0.9521
[Epoch 99/200] Train Loss: 0.1437 Acc: 0.9569 | Val Loss: 0.1320 Acc: 0.9521
[Epoch 100/200] Train Loss: 0.1406 Acc: 0.9586 | Val Loss: 0.1354 Acc: 0.9521
[Epoch 101/200] Train Loss: 0.1385 Acc: 0.9603 | Val Loss: 0.1333 Acc: 0.9521
[Epoch 102/200] Train Loss: 0.1472 Acc: 0.9534 | Val Loss: 0.1535 Acc: 0.9521
[Epoch 103/200] Train Loss: 0.1401 Acc: 0.9569 | Val Loss: 0.1354 Acc: 0.9589
[Epoch 104/200] Train Loss: 0.1311 Acc: 0.9586 | Val Loss: 0.1282 Acc: 0.9589
[Epoch 105/200] Train Loss: 0.1417 Acc: 0.9517 | Val Loss: 0.1315 Acc: 0.9521
[Epoch 106/200] Train Loss: 0.1377 Acc: 0.9431 | Val Loss: 0.1266 Acc: 0.9521
[Epoch 107/200] Train Loss: 0.1405 Acc: 0.9586 | Val Loss: 0.1206 Acc: 0.9521
[Epoch 108/200] Train Loss: 0.1290 Acc: 0.9552 | Val Loss: 0.1380 Acc: 0.9521
[Epoch 109/200] Train Loss: 0.1333 Acc: 0.9621 | Val Loss: 0.1351 Acc: 0.9521
[Epoch 110/200] Train Loss: 0.1661 Acc: 0.9466 | Val Loss: 0.1448 Acc: 0.9658
[Epoch 111/200] Train Loss: 0.1336 Acc: 0.9483 | Val Loss: 0.1436 Acc: 0.9521
[Epoch 112/200] Train Loss: 0.1270 Acc: 0.9552 | Val Loss: 0.1190 Acc: 0.9521
[Epoch 113/200] Train Loss: 0.1239 Acc: 0.9552 | Val Loss: 0.1147 Acc: 0.9521
[Epoch 114/200] Train Loss: 0.1190 Acc: 0.9621 | Val Loss: 0.1114 Acc: 0.9452
[Epoch 115/200] Train Loss: 0.1223 Acc: 0.9552 | Val Loss: 0.1065 Acc: 0.9521
[Epoch 116/200] Train Loss: 0.1140 Acc: 0.9603 | Val Loss: 0.1079 Acc: 0.9521
[Epoch 117/200] Train Loss: 0.1267 Acc: 0.9621 | Val Loss: 0.1229 Acc: 0.9521
[Epoch 118/200] Train Loss: 0.1355 Acc: 0.9431 | Val Loss: 0.1656 Acc: 0.9452
[Epoch 119/200] Train Loss: 0.1334 Acc: 0.9603 | Val Loss: 0.1032 Acc: 0.9521
[Epoch 120/200] Train Loss: 0.1200 Acc: 0.9603 | Val Loss: 0.1245 Acc: 0.9658
[Epoch 121/200] Train Loss: 0.1221 Acc: 0.9586 | Val Loss: 0.1042 Acc: 0.9589
[Epoch 122/200] Train Loss: 0.1160 Acc: 0.9586 | Val Loss: 0.1250 Acc: 0.9589
[Epoch 123/200] Train Loss: 0.1138 Acc: 0.9621 | Val Loss: 0.1038 Acc: 0.9521
[Epoch 124/200] Train Loss: 0.1092 Acc: 0.9621 | Val Loss: 0.1088 Acc: 0.9521
[Epoch 125/200] Train Loss: 0.1238 Acc: 0.9586 | Val Loss: 0.1074 Acc: 0.9521
[Epoch 126/200] Train Loss: 0.1132 Acc: 0.9621 | Val Loss: 0.1202 Acc: 0.9521
[Epoch 127/200] Train Loss: 0.1061 Acc: 0.9603 | Val Loss: 0.1241 Acc: 0.9521
[Epoch 128/200] Train Loss: 0.1244 Acc: 0.9517 | Val Loss: 0.0993 Acc: 0.9521
[Epoch 129/200] Train Loss: 0.1131 Acc: 0.9569 | Val Loss: 0.1130 Acc: 0.9589
[Epoch 130/200] Train Loss: 0.1108 Acc: 0.9552 | Val Loss: 0.0949 Acc: 0.9521
[Epoch 131/200] Train Loss: 0.1156 Acc: 0.9638 | Val Loss: 0.1325 Acc: 0.9521
[Epoch 132/200] Train Loss: 0.1199 Acc: 0.9586 | Val Loss: 0.1421 Acc: 0.9521
[Epoch 133/200] Train Loss: 0.1161 Acc: 0.9586 | Val Loss: 0.1027 Acc: 0.9521
[Epoch 134/200] Train Loss: 0.1070 Acc: 0.9621 | Val Loss: 0.0922 Acc: 0.9658
[Epoch 135/200] Train Loss: 0.1033 Acc: 0.9655 | Val Loss: 0.1054 Acc: 0.9521
[Epoch 136/200] Train Loss: 0.1059 Acc: 0.9690 | Val Loss: 0.0988 Acc: 0.9589
[Epoch 137/200] Train Loss: 0.1072 Acc: 0.9638 | Val Loss: 0.1058 Acc: 0.9521
[Epoch 138/200] Train Loss: 0.1357 Acc: 0.9483 | Val Loss: 0.0888 Acc: 0.9658
[Epoch 139/200] Train Loss: 0.1019 Acc: 0.9569 | Val Loss: 0.1031 Acc: 0.9521
[Epoch 140/200] Train Loss: 0.1076 Acc: 0.9603 | Val Loss: 0.0987 Acc: 0.9521
[Epoch 141/200] Train Loss: 0.1085 Acc: 0.9586 | Val Loss: 0.1028 Acc: 0.9521
[Epoch 142/200] Train Loss: 0.0977 Acc: 0.9603 | Val Loss: 0.0865 Acc: 0.9589
[Epoch 143/200] Train Loss: 0.0990 Acc: 0.9586 | Val Loss: 0.0980 Acc: 0.9589
[Epoch 144/200] Train Loss: 0.1018 Acc: 0.9603 | Val Loss: 0.0911 Acc: 0.9589
[Epoch 145/200] Train Loss: 0.1014 Acc: 0.9638 | Val Loss: 0.0968 Acc: 0.9589
[Epoch 146/200] Train Loss: 0.1345 Acc: 0.9552 | Val Loss: 0.0892 Acc: 0.9589
[Epoch 147/200] Train Loss: 0.1053 Acc: 0.9603 | Val Loss: 0.0883 Acc: 0.9589
[Epoch 148/200] Train Loss: 0.0986 Acc: 0.9621 | Val Loss: 0.0850 Acc: 0.9589
[Epoch 149/200] Train Loss: 0.0937 Acc: 0.9655 | Val Loss: 0.1027 Acc: 0.9726
[Epoch 150/200] Train Loss: 0.1251 Acc: 0.9534 | Val Loss: 0.1359 Acc: 0.9452
[Epoch 151/200] Train Loss: 0.0922 Acc: 0.9672 | Val Loss: 0.0868 Acc: 0.9589
[Epoch 152/200] Train Loss: 0.1120 Acc: 0.9672 | Val Loss: 0.0892 Acc: 0.9589
[Epoch 153/200] Train Loss: 0.1005 Acc: 0.9586 | Val Loss: 0.0900 Acc: 0.9589
[Epoch 154/200] Train Loss: 0.1008 Acc: 0.9638 | Val Loss: 0.0858 Acc: 0.9658
[Epoch 155/200] Train Loss: 0.1218 Acc: 0.9552 | Val Loss: 0.1115 Acc: 0.9521
[Epoch 156/200] Train Loss: 0.1080 Acc: 0.9621 | Val Loss: 0.0897 Acc: 0.9658
[Epoch 157/200] Train Loss: 0.1041 Acc: 0.9534 | Val Loss: 0.1151 Acc: 0.9521
[Epoch 158/200] Train Loss: 0.0992 Acc: 0.9586 | Val Loss: 0.0879 Acc: 0.9589
Early stopped.
Training completed in 5.53 seconds.

+ Training model for task: RIGHT_CLICK
label mapping: {'NONE': 0, 'RIGHT_PRESS': 1, 'RIGHT_RELEASE': 2}
dataset shape: torch.Size([914, 5, 12]), torch.Size([914])
Dataset distribution:
> Train: Counter({np.int64(0): 539, np.int64(2): 102, np.int64(1): 90})
> Val:   Counter({np.int64(0): 135, np.int64(2): 25, np.int64(1): 23})
Using device: cpu
Start training with config: default
Config details: TrainingConfig(name='default', weight=None, learning_rate=0.001, max_epochs=200, early_stopping_patience=10)
[Epoch 1/200] Train Loss: 0.9562 Acc: 0.6060 | Val Loss: 0.7415 Acc: 0.7377
[Epoch 2/200] Train Loss: 0.7229 Acc: 0.7373 | Val Loss: 0.7076 Acc: 0.7377
[Epoch 3/200] Train Loss: 0.6847 Acc: 0.7373 | Val Loss: 0.6863 Acc: 0.7377
[Epoch 4/200] Train Loss: 0.6528 Acc: 0.7373 | Val Loss: 0.6430 Acc: 0.7377
[Epoch 5/200] Train Loss: 0.5944 Acc: 0.7373 | Val Loss: 0.5861 Acc: 0.7377
[Epoch 6/200] Train Loss: 0.5252 Acc: 0.7606 | Val Loss: 0.5454 Acc: 0.8142
[Epoch 7/200] Train Loss: 0.4811 Acc: 0.8044 | Val Loss: 0.4921 Acc: 0.8142
[Epoch 8/200] Train Loss: 0.4361 Acc: 0.8222 | Val Loss: 0.4937 Acc: 0.8142
[Epoch 9/200] Train Loss: 0.4174 Acc: 0.8249 | Val Loss: 0.4444 Acc: 0.8306
[Epoch 10/200] Train Loss: 0.3832 Acc: 0.8276 | Val Loss: 0.4125 Acc: 0.8415
[Epoch 11/200] Train Loss: 0.3746 Acc: 0.8276 | Val Loss: 0.4042 Acc: 0.8470
[Epoch 12/200] Train Loss: 0.3510 Acc: 0.8386 | Val Loss: 0.4036 Acc: 0.8415
[Epoch 13/200] Train Loss: 0.3489 Acc: 0.8358 | Val Loss: 0.3854 Acc: 0.8470
[Epoch 14/200] Train Loss: 0.3417 Acc: 0.8399 | Val Loss: 0.3812 Acc: 0.8415
[Epoch 15/200] Train Loss: 0.3318 Acc: 0.8427 | Val Loss: 0.3728 Acc: 0.8470
[Epoch 16/200] Train Loss: 0.3248 Acc: 0.8536 | Val Loss: 0.3715 Acc: 0.8634
[Epoch 17/200] Train Loss: 0.3273 Acc: 0.8482 | Val Loss: 0.3634 Acc: 0.8470
[Epoch 18/200] Train Loss: 0.3216 Acc: 0.8605 | Val Loss: 0.3562 Acc: 0.8689
[Epoch 19/200] Train Loss: 0.3191 Acc: 0.8468 | Val Loss: 0.3525 Acc: 0.8470
[Epoch 20/200] Train Loss: 0.3173 Acc: 0.8632 | Val Loss: 0.3717 Acc: 0.8415
[Epoch 21/200] Train Loss: 0.3155 Acc: 0.8427 | Val Loss: 0.3494 Acc: 0.8525
[Epoch 22/200] Train Loss: 0.3169 Acc: 0.8482 | Val Loss: 0.5160 Acc: 0.8525
[Epoch 23/200] Train Loss: 0.3413 Acc: 0.8755 | Val Loss: 0.3464 Acc: 0.8634
[Epoch 24/200] Train Loss: 0.3058 Acc: 0.8536 | Val Loss: 0.3760 Acc: 0.8525
[Epoch 25/200] Train Loss: 0.3293 Acc: 0.8454 | Val Loss: 0.3365 Acc: 0.8525
[Epoch 26/200] Train Loss: 0.3216 Acc: 0.8755 | Val Loss: 0.3492 Acc: 0.8743
[Epoch 27/200] Train Loss: 0.3061 Acc: 0.8591 | Val Loss: 0.3309 Acc: 0.8525
[Epoch 28/200] Train Loss: 0.3138 Acc: 0.8769 | Val Loss: 0.4026 Acc: 0.8579
[Epoch 29/200] Train Loss: 0.3113 Acc: 0.8632 | Val Loss: 0.3675 Acc: 0.8525
[Epoch 30/200] Train Loss: 0.3015 Acc: 0.8618 | Val Loss: 0.3291 Acc: 0.8743
[Epoch 31/200] Train Loss: 0.3090 Acc: 0.8673 | Val Loss: 0.3329 Acc: 0.8962
[Epoch 32/200] Train Loss: 0.2956 Acc: 0.8878 | Val Loss: 0.3319 Acc: 0.9180
[Epoch 33/200] Train Loss: 0.2959 Acc: 0.8605 | Val Loss: 0.3275 Acc: 0.8689
[Epoch 34/200] Train Loss: 0.2939 Acc: 0.8536 | Val Loss: 0.3188 Acc: 0.8743
[Epoch 35/200] Train Loss: 0.3127 Acc: 0.8769 | Val Loss: 0.3978 Acc: 0.8743
[Epoch 36/200] Train Loss: 0.3095 Acc: 0.8892 | Val Loss: 0.3161 Acc: 0.8852
[Epoch 37/200] Train Loss: 0.2911 Acc: 0.8605 | Val Loss: 0.3146 Acc: 0.8798
[Epoch 38/200] Train Loss: 0.2922 Acc: 0.8906 | Val Loss: 0.3120 Acc: 0.9016
[Epoch 39/200] Train Loss: 0.2855 Acc: 0.8810 | Val Loss: 0.3114 Acc: 0.8689
[Epoch 40/200] Train Loss: 0.2824 Acc: 0.8755 | Val Loss: 0.3160 Acc: 0.8907
[Epoch 41/200] Train Loss: 0.2852 Acc: 0.8892 | Val Loss: 0.3110 Acc: 0.8962
[Epoch 42/200] Train Loss: 0.2814 Acc: 0.9042 | Val Loss: 0.3409 Acc: 0.8798
[Epoch 43/200] Train Loss: 0.2904 Acc: 0.8728 | Val Loss: 0.3055 Acc: 0.8962
[Epoch 44/200] Train Loss: 0.2950 Acc: 0.9015 | Val Loss: 0.3112 Acc: 0.9016
[Epoch 45/200] Train Loss: 0.2805 Acc: 0.8865 | Val Loss: 0.2997 Acc: 0.9344
[Epoch 46/200] Train Loss: 0.2770 Acc: 0.8947 | Val Loss: 0.2976 Acc: 0.9290
[Epoch 47/200] Train Loss: 0.2730 Acc: 0.9070 | Val Loss: 0.2971 Acc: 0.8962
[Epoch 48/200] Train Loss: 0.2707 Acc: 0.9070 | Val Loss: 0.3018 Acc: 0.9071
[Epoch 49/200] Train Loss: 0.2727 Acc: 0.9111 | Val Loss: 0.2975 Acc: 0.9071
[Epoch 50/200] Train Loss: 0.2768 Acc: 0.9015 | Val Loss: 0.2999 Acc: 0.8962
[Epoch 51/200] Train Loss: 0.2685 Acc: 0.9056 | Val Loss: 0.3129 Acc: 0.8907
[Epoch 52/200] Train Loss: 0.2685 Acc: 0.9111 | Val Loss: 0.2897 Acc: 0.9071
[Epoch 53/200] Train Loss: 0.2599 Acc: 0.9042 | Val Loss: 0.2917 Acc: 0.9180
[Epoch 54/200] Train Loss: 0.2661 Acc: 0.9070 | Val Loss: 0.2777 Acc: 0.9290
[Epoch 55/200] Train Loss: 0.2647 Acc: 0.9124 | Val Loss: 0.2895 Acc: 0.8962
[Epoch 56/200] Train Loss: 0.2605 Acc: 0.9097 | Val Loss: 0.2713 Acc: 0.9180
[Epoch 57/200] Train Loss: 0.2528 Acc: 0.9070 | Val Loss: 0.2805 Acc: 0.9180
[Epoch 58/200] Train Loss: 0.2482 Acc: 0.9097 | Val Loss: 0.2886 Acc: 0.8962
[Epoch 59/200] Train Loss: 0.2630 Acc: 0.9083 | Val Loss: 0.2780 Acc: 0.9126
[Epoch 60/200] Train Loss: 0.2485 Acc: 0.9220 | Val Loss: 0.2588 Acc: 0.9180
[Epoch 61/200] Train Loss: 0.2368 Acc: 0.9124 | Val Loss: 0.2678 Acc: 0.8962
[Epoch 62/200] Train Loss: 0.2537 Acc: 0.9152 | Val Loss: 0.2656 Acc: 0.9071
[Epoch 63/200] Train Loss: 0.2323 Acc: 0.9097 | Val Loss: 0.2512 Acc: 0.9180
[Epoch 64/200] Train Loss: 0.2427 Acc: 0.9152 | Val Loss: 0.2477 Acc: 0.9290
[Epoch 65/200] Train Loss: 0.2313 Acc: 0.9166 | Val Loss: 0.2507 Acc: 0.9344
[Epoch 66/200] Train Loss: 0.2308 Acc: 0.9302 | Val Loss: 0.2605 Acc: 0.9235
[Epoch 67/200] Train Loss: 0.2307 Acc: 0.9179 | Val Loss: 0.2451 Acc: 0.9344
[Epoch 68/200] Train Loss: 0.2333 Acc: 0.9207 | Val Loss: 0.2375 Acc: 0.9399
[Epoch 69/200] Train Loss: 0.2404 Acc: 0.9138 | Val Loss: 0.2468 Acc: 0.9235
[Epoch 70/200] Train Loss: 0.2149 Acc: 0.9261 | Val Loss: 0.2925 Acc: 0.9016
[Epoch 71/200] Train Loss: 0.2255 Acc: 0.9220 | Val Loss: 0.2395 Acc: 0.9235
[Epoch 72/200] Train Loss: 0.2125 Acc: 0.9234 | Val Loss: 0.2332 Acc: 0.9399
[Epoch 73/200] Train Loss: 0.2096 Acc: 0.9193 | Val Loss: 0.2262 Acc: 0.9399
[Epoch 74/200] Train Loss: 0.2098 Acc: 0.9302 | Val Loss: 0.2242 Acc: 0.9290
[Epoch 75/200] Train Loss: 0.2135 Acc: 0.9275 | Val Loss: 0.2172 Acc: 0.9454
[Epoch 76/200] Train Loss: 0.1986 Acc: 0.9371 | Val Loss: 0.2163 Acc: 0.9344
[Epoch 77/200] Train Loss: 0.2061 Acc: 0.9316 | Val Loss: 0.2115 Acc: 0.9454
[Epoch 78/200] Train Loss: 0.2089 Acc: 0.9138 | Val Loss: 0.2259 Acc: 0.9290
[Epoch 79/200] Train Loss: 0.2017 Acc: 0.9316 | Val Loss: 0.2157 Acc: 0.9344
[Epoch 80/200] Train Loss: 0.1940 Acc: 0.9302 | Val Loss: 0.2118 Acc: 0.9454
[Epoch 81/200] Train Loss: 0.1951 Acc: 0.9357 | Val Loss: 0.2308 Acc: 0.9235
[Epoch 82/200] Train Loss: 0.2160 Acc: 0.9248 | Val Loss: 0.2334 Acc: 0.9290
[Epoch 83/200] Train Loss: 0.1899 Acc: 0.9425 | Val Loss: 0.2161 Acc: 0.9399
[Epoch 84/200] Train Loss: 0.1831 Acc: 0.9439 | Val Loss: 0.2117 Acc: 0.9508
[Epoch 85/200] Train Loss: 0.1958 Acc: 0.9289 | Val Loss: 0.2221 Acc: 0.9399
[Epoch 86/200] Train Loss: 0.1837 Acc: 0.9398 | Val Loss: 0.2079 Acc: 0.9399
[Epoch 87/200] Train Loss: 0.1746 Acc: 0.9343 | Val Loss: 0.2144 Acc: 0.9454
[Epoch 88/200] Train Loss: 0.1732 Acc: 0.9494 | Val Loss: 0.1876 Acc: 0.9454
[Epoch 89/200] Train Loss: 0.1790 Acc: 0.9398 | Val Loss: 0.2185 Acc: 0.9399
[Epoch 90/200] Train Loss: 0.1827 Acc: 0.9412 | Val Loss: 0.1860 Acc: 0.9454
[Epoch 91/200] Train Loss: 0.1781 Acc: 0.9343 | Val Loss: 0.2012 Acc: 0.9290
[Epoch 92/200] Train Loss: 0.1687 Acc: 0.9412 | Val Loss: 0.1812 Acc: 0.9454
[Epoch 93/200] Train Loss: 0.1663 Acc: 0.9466 | Val Loss: 0.1882 Acc: 0.9508
[Epoch 94/200] Train Loss: 0.1587 Acc: 0.9466 | Val Loss: 0.1775 Acc: 0.9563
[Epoch 95/200] Train Loss: 0.1617 Acc: 0.9480 | Val Loss: 0.2050 Acc: 0.9454
[Epoch 96/200] Train Loss: 0.1546 Acc: 0.9439 | Val Loss: 0.1777 Acc: 0.9508
[Epoch 97/200] Train Loss: 0.1526 Acc: 0.9521 | Val Loss: 0.1877 Acc: 0.9454
[Epoch 98/200] Train Loss: 0.1522 Acc: 0.9508 | Val Loss: 0.1899 Acc: 0.9454
[Epoch 99/200] Train Loss: 0.1535 Acc: 0.9466 | Val Loss: 0.1643 Acc: 0.9563
[Epoch 100/200] Train Loss: 0.1502 Acc: 0.9535 | Val Loss: 0.1639 Acc: 0.9454
[Epoch 101/200] Train Loss: 0.1518 Acc: 0.9508 | Val Loss: 0.1661 Acc: 0.9508
[Epoch 102/200] Train Loss: 0.1543 Acc: 0.9466 | Val Loss: 0.1601 Acc: 0.9563
[Epoch 103/200] Train Loss: 0.1518 Acc: 0.9521 | Val Loss: 0.1835 Acc: 0.9508
[Epoch 104/200] Train Loss: 0.1536 Acc: 0.9508 | Val Loss: 0.2127 Acc: 0.9344
[Epoch 105/200] Train Loss: 0.1659 Acc: 0.9453 | Val Loss: 0.1834 Acc: 0.9454
[Epoch 106/200] Train Loss: 0.1589 Acc: 0.9494 | Val Loss: 0.1859 Acc: 0.9454
[Epoch 107/200] Train Loss: 0.1406 Acc: 0.9521 | Val Loss: 0.1583 Acc: 0.9563
[Epoch 108/200] Train Loss: 0.1407 Acc: 0.9494 | Val Loss: 0.1636 Acc: 0.9563
[Epoch 109/200] Train Loss: 0.1408 Acc: 0.9549 | Val Loss: 0.1613 Acc: 0.9563
[Epoch 110/200] Train Loss: 0.1392 Acc: 0.9535 | Val Loss: 0.1545 Acc: 0.9563
[Epoch 111/200] Train Loss: 0.1396 Acc: 0.9549 | Val Loss: 0.1488 Acc: 0.9563
[Epoch 112/200] Train Loss: 0.1335 Acc: 0.9494 | Val Loss: 0.1620 Acc: 0.9563
[Epoch 113/200] Train Loss: 0.1382 Acc: 0.9549 | Val Loss: 0.1488 Acc: 0.9617
[Epoch 114/200] Train Loss: 0.1308 Acc: 0.9562 | Val Loss: 0.1524 Acc: 0.9617
[Epoch 115/200] Train Loss: 0.1387 Acc: 0.9562 | Val Loss: 0.1447 Acc: 0.9563
[Epoch 116/200] Train Loss: 0.1344 Acc: 0.9508 | Val Loss: 0.1777 Acc: 0.9454
[Epoch 117/200] Train Loss: 0.1351 Acc: 0.9521 | Val Loss: 0.1488 Acc: 0.9617
[Epoch 118/200] Train Loss: 0.1429 Acc: 0.9549 | Val Loss: 0.1754 Acc: 0.9508
[Epoch 119/200] Train Loss: 0.1452 Acc: 0.9562 | Val Loss: 0.1733 Acc: 0.9454
[Epoch 120/200] Train Loss: 0.1406 Acc: 0.9466 | Val Loss: 0.1627 Acc: 0.9508
[Epoch 121/200] Train Loss: 0.1268 Acc: 0.9603 | Val Loss: 0.1629 Acc: 0.9508
[Epoch 122/200] Train Loss: 0.1352 Acc: 0.9617 | Val Loss: 0.1650 Acc: 0.9563
[Epoch 123/200] Train Loss: 0.1315 Acc: 0.9535 | Val Loss: 0.1432 Acc: 0.9563
[Epoch 124/200] Train Loss: 0.1287 Acc: 0.9562 | Val Loss: 0.1633 Acc: 0.9617
[Epoch 125/200] Train Loss: 0.1267 Acc: 0.9590 | Val Loss: 0.1374 Acc: 0.9617
[Epoch 126/200] Train Loss: 0.1268 Acc: 0.9603 | Val Loss: 0.1579 Acc: 0.9508
[Epoch 127/200] Train Loss: 0.1401 Acc: 0.9508 | Val Loss: 0.1393 Acc: 0.9563
[Epoch 128/200] Train Loss: 0.1319 Acc: 0.9535 | Val Loss: 0.1426 Acc: 0.9563
[Epoch 129/200] Train Loss: 0.1276 Acc: 0.9576 | Val Loss: 0.1612 Acc: 0.9617
[Epoch 130/200] Train Loss: 0.1221 Acc: 0.9562 | Val Loss: 0.1392 Acc: 0.9563
[Epoch 131/200] Train Loss: 0.1179 Acc: 0.9603 | Val Loss: 0.1303 Acc: 0.9617
[Epoch 132/200] Train Loss: 0.1149 Acc: 0.9562 | Val Loss: 0.1341 Acc: 0.9617
[Epoch 133/200] Train Loss: 0.1307 Acc: 0.9521 | Val Loss: 0.1574 Acc: 0.9508
[Epoch 134/200] Train Loss: 0.1153 Acc: 0.9603 | Val Loss: 0.1486 Acc: 0.9508
[Epoch 135/200] Train Loss: 0.1250 Acc: 0.9590 | Val Loss: 0.1274 Acc: 0.9617
[Epoch 136/200] Train Loss: 0.1327 Acc: 0.9521 | Val Loss: 0.1332 Acc: 0.9672
[Epoch 137/200] Train Loss: 0.1219 Acc: 0.9549 | Val Loss: 0.1306 Acc: 0.9617
[Epoch 138/200] Train Loss: 0.1177 Acc: 0.9508 | Val Loss: 0.1391 Acc: 0.9617
[Epoch 139/200] Train Loss: 0.1159 Acc: 0.9576 | Val Loss: 0.1868 Acc: 0.9454
[Epoch 140/200] Train Loss: 0.1192 Acc: 0.9562 | Val Loss: 0.1332 Acc: 0.9563
[Epoch 141/200] Train Loss: 0.1122 Acc: 0.9603 | Val Loss: 0.1304 Acc: 0.9617
[Epoch 142/200] Train Loss: 0.1095 Acc: 0.9576 | Val Loss: 0.1350 Acc: 0.9617
[Epoch 143/200] Train Loss: 0.1229 Acc: 0.9576 | Val Loss: 0.1255 Acc: 0.9617
[Epoch 144/200] Train Loss: 0.1229 Acc: 0.9535 | Val Loss: 0.1314 Acc: 0.9617
[Epoch 145/200] Train Loss: 0.1150 Acc: 0.9576 | Val Loss: 0.1404 Acc: 0.9617
[Epoch 146/200] Train Loss: 0.1214 Acc: 0.9535 | Val Loss: 0.1475 Acc: 0.9454
[Epoch 147/200] Train Loss: 0.1100 Acc: 0.9590 | Val Loss: 0.1218 Acc: 0.9617
[Epoch 148/200] Train Loss: 0.1099 Acc: 0.9603 | Val Loss: 0.1264 Acc: 0.9617
[Epoch 149/200] Train Loss: 0.1158 Acc: 0.9590 | Val Loss: 0.1716 Acc: 0.9563
[Epoch 150/200] Train Loss: 0.1147 Acc: 0.9631 | Val Loss: 0.1391 Acc: 0.9617
[Epoch 151/200] Train Loss: 0.1260 Acc: 0.9562 | Val Loss: 0.1292 Acc: 0.9617
[Epoch 152/200] Train Loss: 0.1065 Acc: 0.9672 | Val Loss: 0.1198 Acc: 0.9617
[Epoch 153/200] Train Loss: 0.1052 Acc: 0.9644 | Val Loss: 0.1204 Acc: 0.9672
[Epoch 154/200] Train Loss: 0.1043 Acc: 0.9644 | Val Loss: 0.1210 Acc: 0.9617
[Epoch 155/200] Train Loss: 0.1165 Acc: 0.9631 | Val Loss: 0.1215 Acc: 0.9617
[Epoch 156/200] Train Loss: 0.1090 Acc: 0.9672 | Val Loss: 0.1182 Acc: 0.9672
[Epoch 157/200] Train Loss: 0.1083 Acc: 0.9590 | Val Loss: 0.1332 Acc: 0.9617
[Epoch 158/200] Train Loss: 0.1099 Acc: 0.9617 | Val Loss: 0.1342 Acc: 0.9617
[Epoch 159/200] Train Loss: 0.1131 Acc: 0.9576 | Val Loss: 0.1351 Acc: 0.9617
[Epoch 160/200] Train Loss: 0.1144 Acc: 0.9508 | Val Loss: 0.1420 Acc: 0.9617
[Epoch 161/200] Train Loss: 0.1199 Acc: 0.9562 | Val Loss: 0.1306 Acc: 0.9563
[Epoch 162/200] Train Loss: 0.1133 Acc: 0.9672 | Val Loss: 0.1232 Acc: 0.9563
[Epoch 163/200] Train Loss: 0.1005 Acc: 0.9617 | Val Loss: 0.1186 Acc: 0.9727
[Epoch 164/200] Train Loss: 0.1009 Acc: 0.9658 | Val Loss: 0.1181 Acc: 0.9617
[Epoch 165/200] Train Loss: 0.1000 Acc: 0.9672 | Val Loss: 0.1142 Acc: 0.9617
[Epoch 166/200] Train Loss: 0.1046 Acc: 0.9590 | Val Loss: 0.1454 Acc: 0.9454
[Epoch 167/200] Train Loss: 0.1073 Acc: 0.9631 | Val Loss: 0.1868 Acc: 0.9399
[Epoch 168/200] Train Loss: 0.1113 Acc: 0.9590 | Val Loss: 0.1180 Acc: 0.9563
[Epoch 169/200] Train Loss: 0.1024 Acc: 0.9603 | Val Loss: 0.1118 Acc: 0.9672
[Epoch 170/200] Train Loss: 0.0981 Acc: 0.9603 | Val Loss: 0.1340 Acc: 0.9563
[Epoch 171/200] Train Loss: 0.1015 Acc: 0.9590 | Val Loss: 0.1129 Acc: 0.9672
[Epoch 172/200] Train Loss: 0.1022 Acc: 0.9603 | Val Loss: 0.1206 Acc: 0.9617
[Epoch 173/200] Train Loss: 0.1021 Acc: 0.9631 | Val Loss: 0.1117 Acc: 0.9672
[Epoch 174/200] Train Loss: 0.1019 Acc: 0.9658 | Val Loss: 0.1128 Acc: 0.9727
[Epoch 175/200] Train Loss: 0.0999 Acc: 0.9590 | Val Loss: 0.1184 Acc: 0.9672
[Epoch 176/200] Train Loss: 0.1111 Acc: 0.9631 | Val Loss: 0.1632 Acc: 0.9508
[Epoch 177/200] Train Loss: 0.1297 Acc: 0.9480 | Val Loss: 0.1145 Acc: 0.9617
[Epoch 178/200] Train Loss: 0.0882 Acc: 0.9754 | Val Loss: 0.1618 Acc: 0.9399
[Epoch 179/200] Train Loss: 0.1009 Acc: 0.9658 | Val Loss: 0.1098 Acc: 0.9617
[Epoch 180/200] Train Loss: 0.0984 Acc: 0.9685 | Val Loss: 0.1532 Acc: 0.9508
[Epoch 181/200] Train Loss: 0.0995 Acc: 0.9658 | Val Loss: 0.1383 Acc: 0.9617
[Epoch 182/200] Train Loss: 0.0980 Acc: 0.9685 | Val Loss: 0.1179 Acc: 0.9563
[Epoch 183/200] Train Loss: 0.1003 Acc: 0.9631 | Val Loss: 0.1103 Acc: 0.9672
[Epoch 184/200] Train Loss: 0.0937 Acc: 0.9658 | Val Loss: 0.1090 Acc: 0.9672
[Epoch 185/200] Train Loss: 0.0978 Acc: 0.9644 | Val Loss: 0.1125 Acc: 0.9617
[Epoch 186/200] Train Loss: 0.0992 Acc: 0.9603 | Val Loss: 0.1293 Acc: 0.9617
[Epoch 187/200] Train Loss: 0.0970 Acc: 0.9631 | Val Loss: 0.1545 Acc: 0.9508
[Epoch 188/200] Train Loss: 0.0940 Acc: 0.9685 | Val Loss: 0.1101 Acc: 0.9672
[Epoch 189/200] Train Loss: 0.0932 Acc: 0.9672 | Val Loss: 0.1198 Acc: 0.9617
[Epoch 190/200] Train Loss: 0.1022 Acc: 0.9631 | Val Loss: 0.1102 Acc: 0.9672
[Epoch 191/200] Train Loss: 0.0938 Acc: 0.9658 | Val Loss: 0.1158 Acc: 0.9617
[Epoch 192/200] Train Loss: 0.0901 Acc: 0.9726 | Val Loss: 0.1320 Acc: 0.9508
[Epoch 193/200] Train Loss: 0.0890 Acc: 0.9658 | Val Loss: 0.1152 Acc: 0.9563
[Epoch 194/200] Train Loss: 0.0976 Acc: 0.9617 | Val Loss: 0.1315 Acc: 0.9617
Early stopped.
Training completed in 8.47 seconds.

+ Training model for task: MENU_NAVIGATION
label mapping: {'LEFT_PRESS': 0, 'LEFT_RELEASE': 1, 'NONE': 2, 'RIGHT_PRESS': 3, 'RIGHT_RELEASE': 4}
dataset shape: torch.Size([614, 5, 12]), torch.Size([614])
Dataset distribution:
> Train: Counter({np.int64(2): 290, np.int64(0): 55, np.int64(1): 53, np.int64(4): 47, np.int64(3): 46})
> Val:   Counter({np.int64(2): 73, np.int64(0): 14, np.int64(1): 13, np.int64(3): 12, np.int64(4): 11})
Using device: cpu
Start training with config: default
Config details: TrainingConfig(name='default', weight=None, learning_rate=0.001, max_epochs=200, early_stopping_patience=10)
[Epoch 1/200] Train Loss: 1.5056 Acc: 0.4705 | Val Loss: 1.3446 Acc: 0.5935
[Epoch 2/200] Train Loss: 1.2320 Acc: 0.5906 | Val Loss: 1.1754 Acc: 0.5935
[Epoch 3/200] Train Loss: 1.1557 Acc: 0.5906 | Val Loss: 1.1180 Acc: 0.5935
[Epoch 4/200] Train Loss: 1.1043 Acc: 0.5906 | Val Loss: 1.0509 Acc: 0.5935
[Epoch 5/200] Train Loss: 1.0345 Acc: 0.5906 | Val Loss: 0.9628 Acc: 0.5935
[Epoch 6/200] Train Loss: 0.9507 Acc: 0.5988 | Val Loss: 0.8742 Acc: 0.6423
[Epoch 7/200] Train Loss: 0.8641 Acc: 0.6517 | Val Loss: 0.7874 Acc: 0.6992
[Epoch 8/200] Train Loss: 0.7857 Acc: 0.7006 | Val Loss: 0.7163 Acc: 0.7236
[Epoch 9/200] Train Loss: 0.7225 Acc: 0.7108 | Val Loss: 0.6614 Acc: 0.7317
[Epoch 10/200] Train Loss: 0.6748 Acc: 0.7332 | Val Loss: 0.6396 Acc: 0.7480
[Epoch 11/200] Train Loss: 0.6426 Acc: 0.7312 | Val Loss: 0.5899 Acc: 0.7724
[Epoch 12/200] Train Loss: 0.6173 Acc: 0.7373 | Val Loss: 0.5943 Acc: 0.7724
[Epoch 13/200] Train Loss: 0.6005 Acc: 0.7475 | Val Loss: 0.5555 Acc: 0.7805
[Epoch 14/200] Train Loss: 0.6097 Acc: 0.7475 | Val Loss: 0.5494 Acc: 0.7805
[Epoch 15/200] Train Loss: 0.5902 Acc: 0.7434 | Val Loss: 0.5307 Acc: 0.7398
[Epoch 16/200] Train Loss: 0.5750 Acc: 0.7495 | Val Loss: 0.5336 Acc: 0.7561
[Epoch 17/200] Train Loss: 0.5767 Acc: 0.7413 | Val Loss: 0.5249 Acc: 0.7480
[Epoch 18/200] Train Loss: 0.5736 Acc: 0.7495 | Val Loss: 0.5153 Acc: 0.7886
[Epoch 19/200] Train Loss: 0.5567 Acc: 0.7536 | Val Loss: 0.4982 Acc: 0.7724
[Epoch 20/200] Train Loss: 0.5686 Acc: 0.7352 | Val Loss: 0.5293 Acc: 0.7561
[Epoch 21/200] Train Loss: 0.5656 Acc: 0.7536 | Val Loss: 0.5478 Acc: 0.7561
[Epoch 22/200] Train Loss: 0.5909 Acc: 0.7475 | Val Loss: 0.4936 Acc: 0.7724
[Epoch 23/200] Train Loss: 0.5444 Acc: 0.7617 | Val Loss: 0.5088 Acc: 0.7967
[Epoch 24/200] Train Loss: 0.5433 Acc: 0.7597 | Val Loss: 0.4898 Acc: 0.7886
[Epoch 25/200] Train Loss: 0.5335 Acc: 0.7536 | Val Loss: 0.4741 Acc: 0.7967
[Epoch 26/200] Train Loss: 0.5333 Acc: 0.7597 | Val Loss: 0.4785 Acc: 0.7805
[Epoch 27/200] Train Loss: 0.5339 Acc: 0.7536 | Val Loss: 0.4878 Acc: 0.7886
[Epoch 28/200] Train Loss: 0.5325 Acc: 0.7597 | Val Loss: 0.5127 Acc: 0.7724
[Epoch 29/200] Train Loss: 0.5507 Acc: 0.7495 | Val Loss: 0.4738 Acc: 0.7886
[Epoch 30/200] Train Loss: 0.5207 Acc: 0.7637 | Val Loss: 0.4768 Acc: 0.7967
[Epoch 31/200] Train Loss: 0.5270 Acc: 0.7597 | Val Loss: 0.4982 Acc: 0.7805
[Epoch 32/200] Train Loss: 0.5201 Acc: 0.7780 | Val Loss: 0.4611 Acc: 0.7967
[Epoch 33/200] Train Loss: 0.5127 Acc: 0.7678 | Val Loss: 0.4628 Acc: 0.7886
[Epoch 34/200] Train Loss: 0.5174 Acc: 0.7719 | Val Loss: 0.4655 Acc: 0.8049
[Epoch 35/200] Train Loss: 0.5031 Acc: 0.7658 | Val Loss: 0.4651 Acc: 0.8049
[Epoch 36/200] Train Loss: 0.5024 Acc: 0.7637 | Val Loss: 0.4593 Acc: 0.7967
[Epoch 37/200] Train Loss: 0.4974 Acc: 0.7658 | Val Loss: 0.4714 Acc: 0.7642
[Epoch 38/200] Train Loss: 0.5134 Acc: 0.7658 | Val Loss: 0.4521 Acc: 0.8049
[Epoch 39/200] Train Loss: 0.5147 Acc: 0.7678 | Val Loss: 0.4628 Acc: 0.8130
[Epoch 40/200] Train Loss: 0.5081 Acc: 0.7699 | Val Loss: 0.4550 Acc: 0.8049
[Epoch 41/200] Train Loss: 0.5061 Acc: 0.7658 | Val Loss: 0.4732 Acc: 0.8130
[Epoch 42/200] Train Loss: 0.5250 Acc: 0.7637 | Val Loss: 0.4444 Acc: 0.8049
[Epoch 43/200] Train Loss: 0.4936 Acc: 0.7719 | Val Loss: 0.4431 Acc: 0.8049
[Epoch 44/200] Train Loss: 0.4945 Acc: 0.7699 | Val Loss: 0.4500 Acc: 0.8211
[Epoch 45/200] Train Loss: 0.4940 Acc: 0.7739 | Val Loss: 0.4581 Acc: 0.8049
[Epoch 46/200] Train Loss: 0.4872 Acc: 0.7719 | Val Loss: 0.4611 Acc: 0.8293
[Epoch 47/200] Train Loss: 0.4889 Acc: 0.7699 | Val Loss: 0.4492 Acc: 0.8049
[Epoch 48/200] Train Loss: 0.4894 Acc: 0.7719 | Val Loss: 0.4326 Acc: 0.8130
[Epoch 49/200] Train Loss: 0.4864 Acc: 0.7678 | Val Loss: 0.4461 Acc: 0.8130
[Epoch 50/200] Train Loss: 0.4840 Acc: 0.7658 | Val Loss: 0.4530 Acc: 0.8211
[Epoch 51/200] Train Loss: 0.4838 Acc: 0.7739 | Val Loss: 0.4431 Acc: 0.8211
[Epoch 52/200] Train Loss: 0.4805 Acc: 0.7841 | Val Loss: 0.4353 Acc: 0.8130
[Epoch 53/200] Train Loss: 0.4888 Acc: 0.7760 | Val Loss: 0.4586 Acc: 0.8211
[Epoch 54/200] Train Loss: 0.4856 Acc: 0.7800 | Val Loss: 0.4348 Acc: 0.8293
[Epoch 55/200] Train Loss: 0.4853 Acc: 0.7821 | Val Loss: 0.4278 Acc: 0.8293
[Epoch 56/200] Train Loss: 0.4994 Acc: 0.7800 | Val Loss: 0.4633 Acc: 0.8130
[Epoch 57/200] Train Loss: 0.4828 Acc: 0.7800 | Val Loss: 0.4430 Acc: 0.8374
[Epoch 58/200] Train Loss: 0.4741 Acc: 0.7800 | Val Loss: 0.4187 Acc: 0.8293
[Epoch 59/200] Train Loss: 0.4788 Acc: 0.7780 | Val Loss: 0.4336 Acc: 0.8211
[Epoch 60/200] Train Loss: 0.4774 Acc: 0.7780 | Val Loss: 0.4295 Acc: 0.8293
[Epoch 61/200] Train Loss: 0.4797 Acc: 0.7617 | Val Loss: 0.4405 Acc: 0.7967
[Epoch 62/200] Train Loss: 0.4756 Acc: 0.7943 | Val Loss: 0.4359 Acc: 0.8211
[Epoch 63/200] Train Loss: 0.4711 Acc: 0.7760 | Val Loss: 0.4259 Acc: 0.8211
[Epoch 64/200] Train Loss: 0.4747 Acc: 0.8004 | Val Loss: 0.4249 Acc: 0.8618
[Epoch 65/200] Train Loss: 0.4701 Acc: 0.7882 | Val Loss: 0.4379 Acc: 0.8374
[Epoch 66/200] Train Loss: 0.4639 Acc: 0.7821 | Val Loss: 0.4210 Acc: 0.8211
[Epoch 67/200] Train Loss: 0.4734 Acc: 0.8024 | Val Loss: 0.4240 Acc: 0.8455
[Epoch 68/200] Train Loss: 0.4613 Acc: 0.7963 | Val Loss: 0.4206 Acc: 0.8455
Early stopped.
Training completed in 1.99 seconds.

+ Training model for task: DRAGGING
label mapping: {'LEFT_PRESS': 0, 'LEFT_RELEASE': 1, 'NONE': 2}
dataset shape: torch.Size([755, 5, 12]), torch.Size([755])
Dataset distribution:
> Train: Counter({np.int64(2): 497, np.int64(1): 55, np.int64(0): 52})
> Val:   Counter({np.int64(2): 124, np.int64(1): 14, np.int64(0): 13})
Using device: cpu
Start training with config: default
Config details: TrainingConfig(name='default', weight=None, learning_rate=0.001, max_epochs=200, early_stopping_patience=10)
[Epoch 1/200] Train Loss: 0.8934 Acc: 0.8228 | Val Loss: 0.6521 Acc: 0.8212
[Epoch 2/200] Train Loss: 0.6076 Acc: 0.8228 | Val Loss: 0.5945 Acc: 0.8212
[Epoch 3/200] Train Loss: 0.5947 Acc: 0.8228 | Val Loss: 0.5807 Acc: 0.8212
[Epoch 4/200] Train Loss: 0.5874 Acc: 0.8228 | Val Loss: 0.5793 Acc: 0.8212
[Epoch 5/200] Train Loss: 0.5878 Acc: 0.8228 | Val Loss: 0.5788 Acc: 0.8212
[Epoch 6/200] Train Loss: 0.5860 Acc: 0.8228 | Val Loss: 0.5778 Acc: 0.8212
[Epoch 7/200] Train Loss: 0.5856 Acc: 0.8228 | Val Loss: 0.5782 Acc: 0.8212
[Epoch 8/200] Train Loss: 0.5842 Acc: 0.8228 | Val Loss: 0.5783 Acc: 0.8212
[Epoch 9/200] Train Loss: 0.5837 Acc: 0.8228 | Val Loss: 0.5760 Acc: 0.8212
[Epoch 10/200] Train Loss: 0.5827 Acc: 0.8228 | Val Loss: 0.5752 Acc: 0.8212
[Epoch 11/200] Train Loss: 0.5921 Acc: 0.8228 | Val Loss: 0.5814 Acc: 0.8212
[Epoch 12/200] Train Loss: 0.5878 Acc: 0.8228 | Val Loss: 0.5749 Acc: 0.8212
[Epoch 13/200] Train Loss: 0.5804 Acc: 0.8228 | Val Loss: 0.5723 Acc: 0.8212
[Epoch 14/200] Train Loss: 0.5795 Acc: 0.8228 | Val Loss: 0.5723 Acc: 0.8212
[Epoch 15/200] Train Loss: 0.5765 Acc: 0.8228 | Val Loss: 0.5702 Acc: 0.8212
[Epoch 16/200] Train Loss: 0.5742 Acc: 0.8228 | Val Loss: 0.5676 Acc: 0.8212
[Epoch 17/200] Train Loss: 0.5728 Acc: 0.8228 | Val Loss: 0.5657 Acc: 0.8212
[Epoch 18/200] Train Loss: 0.5733 Acc: 0.8228 | Val Loss: 0.5651 Acc: 0.8212
[Epoch 19/200] Train Loss: 0.5679 Acc: 0.8228 | Val Loss: 0.5613 Acc: 0.8212
[Epoch 20/200] Train Loss: 0.5648 Acc: 0.8228 | Val Loss: 0.5574 Acc: 0.8212
[Epoch 21/200] Train Loss: 0.5613 Acc: 0.8228 | Val Loss: 0.5548 Acc: 0.8212
[Epoch 22/200] Train Loss: 0.5586 Acc: 0.8228 | Val Loss: 0.5513 Acc: 0.8212
[Epoch 23/200] Train Loss: 0.5577 Acc: 0.8228 | Val Loss: 0.5453 Acc: 0.8212
[Epoch 24/200] Train Loss: 0.5522 Acc: 0.8228 | Val Loss: 0.5395 Acc: 0.8212
[Epoch 25/200] Train Loss: 0.5438 Acc: 0.8228 | Val Loss: 0.5372 Acc: 0.8212
[Epoch 26/200] Train Loss: 0.5419 Acc: 0.8228 | Val Loss: 0.5241 Acc: 0.8212
[Epoch 27/200] Train Loss: 0.5310 Acc: 0.8228 | Val Loss: 0.5180 Acc: 0.8212
[Epoch 28/200] Train Loss: 0.5257 Acc: 0.8228 | Val Loss: 0.5118 Acc: 0.8212
[Epoch 29/200] Train Loss: 0.5179 Acc: 0.8228 | Val Loss: 0.5025 Acc: 0.8212
[Epoch 30/200] Train Loss: 0.5109 Acc: 0.8228 | Val Loss: 0.4918 Acc: 0.8212
[Epoch 31/200] Train Loss: 0.5007 Acc: 0.8228 | Val Loss: 0.4817 Acc: 0.8212
[Epoch 32/200] Train Loss: 0.4959 Acc: 0.8228 | Val Loss: 0.4785 Acc: 0.8212
[Epoch 33/200] Train Loss: 0.4846 Acc: 0.8228 | Val Loss: 0.4649 Acc: 0.8212
[Epoch 34/200] Train Loss: 0.4748 Acc: 0.8228 | Val Loss: 0.4512 Acc: 0.8212
[Epoch 35/200] Train Loss: 0.4672 Acc: 0.8228 | Val Loss: 0.4477 Acc: 0.8278
[Epoch 36/200] Train Loss: 0.4611 Acc: 0.8311 | Val Loss: 0.4501 Acc: 0.8411
[Epoch 37/200] Train Loss: 0.4538 Acc: 0.8361 | Val Loss: 0.4236 Acc: 0.8278
[Epoch 38/200] Train Loss: 0.4374 Acc: 0.8427 | Val Loss: 0.4093 Acc: 0.8411
[Epoch 39/200] Train Loss: 0.4289 Acc: 0.8427 | Val Loss: 0.4007 Acc: 0.8477
[Epoch 40/200] Train Loss: 0.4195 Acc: 0.8493 | Val Loss: 0.3909 Acc: 0.8477
[Epoch 41/200] Train Loss: 0.4195 Acc: 0.8560 | Val Loss: 0.3890 Acc: 0.8609
[Epoch 42/200] Train Loss: 0.4163 Acc: 0.8543 | Val Loss: 0.3821 Acc: 0.8675
[Epoch 43/200] Train Loss: 0.4004 Acc: 0.8642 | Val Loss: 0.3758 Acc: 0.8675
[Epoch 44/200] Train Loss: 0.3901 Acc: 0.8626 | Val Loss: 0.3561 Acc: 0.8543
[Epoch 45/200] Train Loss: 0.3888 Acc: 0.8692 | Val Loss: 0.3513 Acc: 0.8675
[Epoch 46/200] Train Loss: 0.3804 Acc: 0.8725 | Val Loss: 0.3424 Acc: 0.8675
[Epoch 47/200] Train Loss: 0.3731 Acc: 0.8709 | Val Loss: 0.3358 Acc: 0.8675
[Epoch 48/200] Train Loss: 0.3663 Acc: 0.8742 | Val Loss: 0.3277 Acc: 0.8675
[Epoch 49/200] Train Loss: 0.3616 Acc: 0.8808 | Val Loss: 0.3350 Acc: 0.8675
[Epoch 50/200] Train Loss: 0.3522 Acc: 0.8775 | Val Loss: 0.3335 Acc: 0.8874
[Epoch 51/200] Train Loss: 0.3603 Acc: 0.8742 | Val Loss: 0.3436 Acc: 0.8874
[Epoch 52/200] Train Loss: 0.3522 Acc: 0.8791 | Val Loss: 0.3325 Acc: 0.8808
[Epoch 53/200] Train Loss: 0.3618 Acc: 0.8808 | Val Loss: 0.3156 Acc: 0.8874
[Epoch 54/200] Train Loss: 0.3470 Acc: 0.8775 | Val Loss: 0.3036 Acc: 0.8874
[Epoch 55/200] Train Loss: 0.3432 Acc: 0.8742 | Val Loss: 0.3129 Acc: 0.8940
[Epoch 56/200] Train Loss: 0.3412 Acc: 0.8825 | Val Loss: 0.2991 Acc: 0.8808
[Epoch 57/200] Train Loss: 0.3508 Acc: 0.8808 | Val Loss: 0.3094 Acc: 0.8808
[Epoch 58/200] Train Loss: 0.3503 Acc: 0.8742 | Val Loss: 0.2933 Acc: 0.8742
[Epoch 59/200] Train Loss: 0.3349 Acc: 0.8825 | Val Loss: 0.3005 Acc: 0.8742
[Epoch 60/200] Train Loss: 0.3314 Acc: 0.8825 | Val Loss: 0.3013 Acc: 0.8874
[Epoch 61/200] Train Loss: 0.3287 Acc: 0.8758 | Val Loss: 0.2920 Acc: 0.8808
[Epoch 62/200] Train Loss: 0.3326 Acc: 0.8907 | Val Loss: 0.2845 Acc: 0.8874
[Epoch 63/200] Train Loss: 0.3251 Acc: 0.8808 | Val Loss: 0.3414 Acc: 0.8808
[Epoch 64/200] Train Loss: 0.3395 Acc: 0.8825 | Val Loss: 0.3024 Acc: 0.8940
[Epoch 65/200] Train Loss: 0.3258 Acc: 0.8791 | Val Loss: 0.3070 Acc: 0.9139
[Epoch 66/200] Train Loss: 0.3261 Acc: 0.8825 | Val Loss: 0.2883 Acc: 0.9073
[Epoch 67/200] Train Loss: 0.3302 Acc: 0.8808 | Val Loss: 0.2824 Acc: 0.8874
[Epoch 68/200] Train Loss: 0.3254 Acc: 0.8891 | Val Loss: 0.2905 Acc: 0.9205
[Epoch 69/200] Train Loss: 0.3166 Acc: 0.8841 | Val Loss: 0.2780 Acc: 0.9007
[Epoch 70/200] Train Loss: 0.3225 Acc: 0.8874 | Val Loss: 0.2787 Acc: 0.8874
[Epoch 71/200] Train Loss: 0.3262 Acc: 0.8858 | Val Loss: 0.2697 Acc: 0.8874
[Epoch 72/200] Train Loss: 0.3240 Acc: 0.8841 | Val Loss: 0.2681 Acc: 0.8940
[Epoch 73/200] Train Loss: 0.3113 Acc: 0.8841 | Val Loss: 0.2763 Acc: 0.8808
[Epoch 74/200] Train Loss: 0.3111 Acc: 0.8891 | Val Loss: 0.2701 Acc: 0.8874
[Epoch 75/200] Train Loss: 0.3197 Acc: 0.8791 | Val Loss: 0.2599 Acc: 0.8940
[Epoch 76/200] Train Loss: 0.3071 Acc: 0.8858 | Val Loss: 0.2902 Acc: 0.9073
[Epoch 77/200] Train Loss: 0.3154 Acc: 0.8891 | Val Loss: 0.2587 Acc: 0.9007
[Epoch 78/200] Train Loss: 0.3044 Acc: 0.8907 | Val Loss: 0.2735 Acc: 0.9205
[Epoch 79/200] Train Loss: 0.3081 Acc: 0.8874 | Val Loss: 0.2605 Acc: 0.8874
[Epoch 80/200] Train Loss: 0.3014 Acc: 0.8940 | Val Loss: 0.2629 Acc: 0.8874
[Epoch 81/200] Train Loss: 0.3022 Acc: 0.8924 | Val Loss: 0.2691 Acc: 0.9272
[Epoch 82/200] Train Loss: 0.3050 Acc: 0.8957 | Val Loss: 0.2774 Acc: 0.9139
[Epoch 83/200] Train Loss: 0.3212 Acc: 0.8940 | Val Loss: 0.2526 Acc: 0.9073
[Epoch 84/200] Train Loss: 0.3082 Acc: 0.8940 | Val Loss: 0.2536 Acc: 0.9007
[Epoch 85/200] Train Loss: 0.3068 Acc: 0.8858 | Val Loss: 0.2528 Acc: 0.8940
[Epoch 86/200] Train Loss: 0.2962 Acc: 0.8940 | Val Loss: 0.2485 Acc: 0.9139
[Epoch 87/200] Train Loss: 0.2974 Acc: 0.8957 | Val Loss: 0.2850 Acc: 0.9139
[Epoch 88/200] Train Loss: 0.3031 Acc: 0.8974 | Val Loss: 0.2469 Acc: 0.9139
[Epoch 89/200] Train Loss: 0.2984 Acc: 0.8907 | Val Loss: 0.2630 Acc: 0.9205
[Epoch 90/200] Train Loss: 0.3061 Acc: 0.8990 | Val Loss: 0.2497 Acc: 0.9205
[Epoch 91/200] Train Loss: 0.2929 Acc: 0.9023 | Val Loss: 0.2439 Acc: 0.9272
[Epoch 92/200] Train Loss: 0.2898 Acc: 0.9023 | Val Loss: 0.2332 Acc: 0.9205
[Epoch 93/200] Train Loss: 0.2890 Acc: 0.9007 | Val Loss: 0.2371 Acc: 0.9205
[Epoch 94/200] Train Loss: 0.2909 Acc: 0.9007 | Val Loss: 0.2366 Acc: 0.9338
[Epoch 95/200] Train Loss: 0.2817 Acc: 0.8940 | Val Loss: 0.2319 Acc: 0.9205
[Epoch 96/200] Train Loss: 0.2795 Acc: 0.8974 | Val Loss: 0.2260 Acc: 0.9205
[Epoch 97/200] Train Loss: 0.2780 Acc: 0.8990 | Val Loss: 0.2384 Acc: 0.9338
[Epoch 98/200] Train Loss: 0.2804 Acc: 0.9056 | Val Loss: 0.2336 Acc: 0.9338
[Epoch 99/200] Train Loss: 0.2715 Acc: 0.9056 | Val Loss: 0.2235 Acc: 0.9205
[Epoch 100/200] Train Loss: 0.2740 Acc: 0.9073 | Val Loss: 0.2319 Acc: 0.9338
[Epoch 101/200] Train Loss: 0.2792 Acc: 0.8990 | Val Loss: 0.2215 Acc: 0.9272
[Epoch 102/200] Train Loss: 0.2808 Acc: 0.8990 | Val Loss: 0.2154 Acc: 0.9205
[Epoch 103/200] Train Loss: 0.2761 Acc: 0.9007 | Val Loss: 0.2162 Acc: 0.9139
[Epoch 104/200] Train Loss: 0.2658 Acc: 0.9040 | Val Loss: 0.2231 Acc: 0.9272
[Epoch 105/200] Train Loss: 0.2850 Acc: 0.9106 | Val Loss: 0.2521 Acc: 0.9007
[Epoch 106/200] Train Loss: 0.2723 Acc: 0.9089 | Val Loss: 0.2094 Acc: 0.9338
[Epoch 107/200] Train Loss: 0.2597 Acc: 0.9073 | Val Loss: 0.2011 Acc: 0.9470
[Epoch 108/200] Train Loss: 0.2622 Acc: 0.9189 | Val Loss: 0.2249 Acc: 0.9338
[Epoch 109/200] Train Loss: 0.2655 Acc: 0.9139 | Val Loss: 0.2038 Acc: 0.9404
[Epoch 110/200] Train Loss: 0.2631 Acc: 0.9106 | Val Loss: 0.2150 Acc: 0.9470
[Epoch 111/200] Train Loss: 0.2646 Acc: 0.9073 | Val Loss: 0.2100 Acc: 0.9404
[Epoch 112/200] Train Loss: 0.2530 Acc: 0.9156 | Val Loss: 0.1983 Acc: 0.9338
[Epoch 113/200] Train Loss: 0.2465 Acc: 0.9189 | Val Loss: 0.1979 Acc: 0.9404
[Epoch 114/200] Train Loss: 0.2587 Acc: 0.9089 | Val Loss: 0.2066 Acc: 0.9536
[Epoch 115/200] Train Loss: 0.2513 Acc: 0.9156 | Val Loss: 0.1916 Acc: 0.9272
[Epoch 116/200] Train Loss: 0.2459 Acc: 0.9139 | Val Loss: 0.1926 Acc: 0.9404
[Epoch 117/200] Train Loss: 0.2584 Acc: 0.9222 | Val Loss: 0.2009 Acc: 0.9536
[Epoch 118/200] Train Loss: 0.2466 Acc: 0.9238 | Val Loss: 0.1815 Acc: 0.9536
[Epoch 119/200] Train Loss: 0.2503 Acc: 0.9189 | Val Loss: 0.2090 Acc: 0.9470
[Epoch 120/200] Train Loss: 0.2555 Acc: 0.9089 | Val Loss: 0.1892 Acc: 0.9470
[Epoch 121/200] Train Loss: 0.2442 Acc: 0.9238 | Val Loss: 0.1768 Acc: 0.9603
[Epoch 122/200] Train Loss: 0.2334 Acc: 0.9338 | Val Loss: 0.1712 Acc: 0.9603
[Epoch 123/200] Train Loss: 0.2277 Acc: 0.9288 | Val Loss: 0.1970 Acc: 0.9536
[Epoch 124/200] Train Loss: 0.2319 Acc: 0.9172 | Val Loss: 0.1641 Acc: 0.9470
[Epoch 125/200] Train Loss: 0.2385 Acc: 0.9255 | Val Loss: 0.1682 Acc: 0.9603
[Epoch 126/200] Train Loss: 0.2343 Acc: 0.9222 | Val Loss: 0.1683 Acc: 0.9470
[Epoch 127/200] Train Loss: 0.2252 Acc: 0.9255 | Val Loss: 0.1702 Acc: 0.9603
[Epoch 128/200] Train Loss: 0.2239 Acc: 0.9338 | Val Loss: 0.1670 Acc: 0.9470
[Epoch 129/200] Train Loss: 0.2243 Acc: 0.9189 | Val Loss: 0.1655 Acc: 0.9470
[Epoch 130/200] Train Loss: 0.2303 Acc: 0.9172 | Val Loss: 0.1842 Acc: 0.9536
[Epoch 131/200] Train Loss: 0.2276 Acc: 0.9222 | Val Loss: 0.1850 Acc: 0.9603
[Epoch 132/200] Train Loss: 0.2144 Acc: 0.9272 | Val Loss: 0.1640 Acc: 0.9603
[Epoch 133/200] Train Loss: 0.2064 Acc: 0.9321 | Val Loss: 0.1589 Acc: 0.9536
[Epoch 134/200] Train Loss: 0.2109 Acc: 0.9354 | Val Loss: 0.1626 Acc: 0.9536
[Epoch 135/200] Train Loss: 0.2081 Acc: 0.9354 | Val Loss: 0.1481 Acc: 0.9603
[Epoch 136/200] Train Loss: 0.2050 Acc: 0.9371 | Val Loss: 0.1542 Acc: 0.9470
[Epoch 137/200] Train Loss: 0.2068 Acc: 0.9288 | Val Loss: 0.1445 Acc: 0.9603
[Epoch 138/200] Train Loss: 0.2221 Acc: 0.9354 | Val Loss: 0.1917 Acc: 0.9603
[Epoch 139/200] Train Loss: 0.2027 Acc: 0.9338 | Val Loss: 0.1585 Acc: 0.9536
[Epoch 140/200] Train Loss: 0.1963 Acc: 0.9371 | Val Loss: 0.1601 Acc: 0.9603
[Epoch 141/200] Train Loss: 0.1951 Acc: 0.9354 | Val Loss: 0.1402 Acc: 0.9603
[Epoch 142/200] Train Loss: 0.2067 Acc: 0.9338 | Val Loss: 0.1615 Acc: 0.9536
[Epoch 143/200] Train Loss: 0.1991 Acc: 0.9404 | Val Loss: 0.1406 Acc: 0.9669
[Epoch 144/200] Train Loss: 0.1995 Acc: 0.9305 | Val Loss: 0.1514 Acc: 0.9536
[Epoch 145/200] Train Loss: 0.1986 Acc: 0.9404 | Val Loss: 0.1361 Acc: 0.9603
[Epoch 146/200] Train Loss: 0.1970 Acc: 0.9338 | Val Loss: 0.1405 Acc: 0.9603
[Epoch 147/200] Train Loss: 0.1953 Acc: 0.9338 | Val Loss: 0.1898 Acc: 0.9669
[Epoch 148/200] Train Loss: 0.1997 Acc: 0.9421 | Val Loss: 0.1380 Acc: 0.9603
[Epoch 149/200] Train Loss: 0.1779 Acc: 0.9421 | Val Loss: 0.1468 Acc: 0.9536
[Epoch 150/200] Train Loss: 0.1845 Acc: 0.9371 | Val Loss: 0.1338 Acc: 0.9603
[Epoch 151/200] Train Loss: 0.1814 Acc: 0.9404 | Val Loss: 0.1400 Acc: 0.9536
[Epoch 152/200] Train Loss: 0.1980 Acc: 0.9321 | Val Loss: 0.1508 Acc: 0.9603
[Epoch 153/200] Train Loss: 0.1774 Acc: 0.9404 | Val Loss: 0.1403 Acc: 0.9603
[Epoch 154/200] Train Loss: 0.1768 Acc: 0.9387 | Val Loss: 0.1248 Acc: 0.9603
[Epoch 155/200] Train Loss: 0.1928 Acc: 0.9371 | Val Loss: 0.1325 Acc: 0.9536
[Epoch 156/200] Train Loss: 0.1783 Acc: 0.9437 | Val Loss: 0.1478 Acc: 0.9669
[Epoch 157/200] Train Loss: 0.1809 Acc: 0.9387 | Val Loss: 0.1335 Acc: 0.9603
[Epoch 158/200] Train Loss: 0.1739 Acc: 0.9437 | Val Loss: 0.1485 Acc: 0.9669
[Epoch 159/200] Train Loss: 0.1977 Acc: 0.9404 | Val Loss: 0.1307 Acc: 0.9536
[Epoch 160/200] Train Loss: 0.1790 Acc: 0.9387 | Val Loss: 0.1292 Acc: 0.9603
[Epoch 161/200] Train Loss: 0.1780 Acc: 0.9371 | Val Loss: 0.1194 Acc: 0.9603
[Epoch 162/200] Train Loss: 0.1987 Acc: 0.9321 | Val Loss: 0.2693 Acc: 0.8940
[Epoch 163/200] Train Loss: 0.2046 Acc: 0.9338 | Val Loss: 0.1503 Acc: 0.9603
[Epoch 164/200] Train Loss: 0.1782 Acc: 0.9470 | Val Loss: 0.1235 Acc: 0.9603
[Epoch 165/200] Train Loss: 0.1771 Acc: 0.9404 | Val Loss: 0.1225 Acc: 0.9603
[Epoch 166/200] Train Loss: 0.1678 Acc: 0.9487 | Val Loss: 0.1418 Acc: 0.9536
[Epoch 167/200] Train Loss: 0.2009 Acc: 0.9288 | Val Loss: 0.1971 Acc: 0.9404
[Epoch 168/200] Train Loss: 0.2135 Acc: 0.9272 | Val Loss: 0.1229 Acc: 0.9603
[Epoch 169/200] Train Loss: 0.1601 Acc: 0.9520 | Val Loss: 0.1305 Acc: 0.9603
[Epoch 170/200] Train Loss: 0.1604 Acc: 0.9454 | Val Loss: 0.1243 Acc: 0.9603
[Epoch 171/200] Train Loss: 0.1542 Acc: 0.9437 | Val Loss: 0.1322 Acc: 0.9603
Early stopped.
Training completed in 6.31 seconds.

+ Training model for task: POINT_N_CLICK
label mapping: {'LEFT_PRESS': 0, 'LEFT_RELEASE': 1, 'NONE': 2}
dataset shape: torch.Size([930, 5, 12]), torch.Size([930])
Dataset distribution:
> Train: Counter({np.int64(2): 456, np.int64(1): 154, np.int64(0): 134})
> Val:   Counter({np.int64(2): 114, np.int64(1): 38, np.int64(0): 34})
Using device: cpu
Start training with config: default
Config details: TrainingConfig(name='default', weight=None, learning_rate=0.001, max_epochs=200, early_stopping_patience=10)
[Epoch 1/200] Train Loss: 1.0241 Acc: 0.5484 | Val Loss: 0.9157 Acc: 0.6129
[Epoch 2/200] Train Loss: 0.8978 Acc: 0.6129 | Val Loss: 0.8818 Acc: 0.6129
[Epoch 3/200] Train Loss: 0.8445 Acc: 0.6129 | Val Loss: 0.8133 Acc: 0.6129
[Epoch 4/200] Train Loss: 0.7641 Acc: 0.6250 | Val Loss: 0.7330 Acc: 0.7043
[Epoch 5/200] Train Loss: 0.6912 Acc: 0.7083 | Val Loss: 0.6788 Acc: 0.7204
[Epoch 6/200] Train Loss: 0.6301 Acc: 0.7339 | Val Loss: 0.6649 Acc: 0.7097
[Epoch 7/200] Train Loss: 0.5886 Acc: 0.7379 | Val Loss: 0.6208 Acc: 0.7204
[Epoch 8/200] Train Loss: 0.5708 Acc: 0.7419 | Val Loss: 0.6067 Acc: 0.7258
[Epoch 9/200] Train Loss: 0.6010 Acc: 0.7419 | Val Loss: 0.6001 Acc: 0.7258
[Epoch 10/200] Train Loss: 0.5659 Acc: 0.7500 | Val Loss: 0.6100 Acc: 0.7258
[Epoch 11/200] Train Loss: 0.5604 Acc: 0.7460 | Val Loss: 0.5936 Acc: 0.7204
[Epoch 12/200] Train Loss: 0.5442 Acc: 0.7702 | Val Loss: 0.6235 Acc: 0.6989
[Epoch 13/200] Train Loss: 0.5538 Acc: 0.7567 | Val Loss: 0.6606 Acc: 0.6989
[Epoch 14/200] Train Loss: 0.5424 Acc: 0.7702 | Val Loss: 0.5898 Acc: 0.7312
[Epoch 15/200] Train Loss: 0.5435 Acc: 0.7634 | Val Loss: 0.5852 Acc: 0.7527
[Epoch 16/200] Train Loss: 0.5406 Acc: 0.7675 | Val Loss: 0.5905 Acc: 0.7366
[Epoch 17/200] Train Loss: 0.5326 Acc: 0.7728 | Val Loss: 0.5804 Acc: 0.7258
[Epoch 18/200] Train Loss: 0.5373 Acc: 0.7755 | Val Loss: 0.5767 Acc: 0.7258
[Epoch 19/200] Train Loss: 0.5335 Acc: 0.7728 | Val Loss: 0.5961 Acc: 0.7258
[Epoch 20/200] Train Loss: 0.5294 Acc: 0.7742 | Val Loss: 0.5768 Acc: 0.7258
[Epoch 21/200] Train Loss: 0.5250 Acc: 0.7849 | Val Loss: 0.5782 Acc: 0.7473
[Epoch 22/200] Train Loss: 0.5252 Acc: 0.7782 | Val Loss: 0.6028 Acc: 0.7258
[Epoch 23/200] Train Loss: 0.5470 Acc: 0.7769 | Val Loss: 0.6283 Acc: 0.7204
[Epoch 24/200] Train Loss: 0.5350 Acc: 0.7567 | Val Loss: 0.5733 Acc: 0.7581
[Epoch 25/200] Train Loss: 0.5285 Acc: 0.7836 | Val Loss: 0.5736 Acc: 0.7258
[Epoch 26/200] Train Loss: 0.5263 Acc: 0.7863 | Val Loss: 0.5969 Acc: 0.7366
[Epoch 27/200] Train Loss: 0.5296 Acc: 0.7540 | Val Loss: 0.5689 Acc: 0.7366
[Epoch 28/200] Train Loss: 0.5228 Acc: 0.7917 | Val Loss: 0.5695 Acc: 0.7366
[Epoch 29/200] Train Loss: 0.5306 Acc: 0.7849 | Val Loss: 0.5887 Acc: 0.7634
[Epoch 30/200] Train Loss: 0.5174 Acc: 0.7634 | Val Loss: 0.6230 Acc: 0.7419
[Epoch 31/200] Train Loss: 0.5304 Acc: 0.7702 | Val Loss: 0.5701 Acc: 0.7581
[Epoch 32/200] Train Loss: 0.5185 Acc: 0.7876 | Val Loss: 0.5728 Acc: 0.7258
[Epoch 33/200] Train Loss: 0.5142 Acc: 0.7917 | Val Loss: 0.5684 Acc: 0.7419
[Epoch 34/200] Train Loss: 0.5125 Acc: 0.7849 | Val Loss: 0.5628 Acc: 0.7527
[Epoch 35/200] Train Loss: 0.5146 Acc: 0.8011 | Val Loss: 0.5762 Acc: 0.7419
[Epoch 36/200] Train Loss: 0.5080 Acc: 0.7984 | Val Loss: 0.5921 Acc: 0.7312
[Epoch 37/200] Train Loss: 0.5154 Acc: 0.7970 | Val Loss: 0.5638 Acc: 0.7473
[Epoch 38/200] Train Loss: 0.5110 Acc: 0.7890 | Val Loss: 0.5592 Acc: 0.7473
[Epoch 39/200] Train Loss: 0.5155 Acc: 0.8038 | Val Loss: 0.5649 Acc: 0.7419
[Epoch 40/200] Train Loss: 0.5121 Acc: 0.7984 | Val Loss: 0.5914 Acc: 0.7419
[Epoch 41/200] Train Loss: 0.5126 Acc: 0.8038 | Val Loss: 0.5561 Acc: 0.7688
[Epoch 42/200] Train Loss: 0.5023 Acc: 0.8065 | Val Loss: 0.5659 Acc: 0.7527
[Epoch 43/200] Train Loss: 0.5105 Acc: 0.8011 | Val Loss: 0.5561 Acc: 0.7688
[Epoch 44/200] Train Loss: 0.4977 Acc: 0.8065 | Val Loss: 0.5691 Acc: 0.7527
[Epoch 45/200] Train Loss: 0.4961 Acc: 0.8212 | Val Loss: 0.5693 Acc: 0.7527
[Epoch 46/200] Train Loss: 0.5046 Acc: 0.8239 | Val Loss: 0.5449 Acc: 0.7796
[Epoch 47/200] Train Loss: 0.4986 Acc: 0.8306 | Val Loss: 0.5601 Acc: 0.7742
[Epoch 48/200] Train Loss: 0.5135 Acc: 0.8024 | Val Loss: 0.5619 Acc: 0.7849
[Epoch 49/200] Train Loss: 0.4902 Acc: 0.8293 | Val Loss: 0.5456 Acc: 0.7796
[Epoch 50/200] Train Loss: 0.4824 Acc: 0.8374 | Val Loss: 0.5474 Acc: 0.7796
[Epoch 51/200] Train Loss: 0.4768 Acc: 0.8454 | Val Loss: 0.5336 Acc: 0.8011
[Epoch 52/200] Train Loss: 0.4790 Acc: 0.8347 | Val Loss: 0.5420 Acc: 0.7849
[Epoch 53/200] Train Loss: 0.4703 Acc: 0.8562 | Val Loss: 0.5216 Acc: 0.8333
[Epoch 54/200] Train Loss: 0.4697 Acc: 0.8575 | Val Loss: 0.5232 Acc: 0.8280
[Epoch 55/200] Train Loss: 0.4840 Acc: 0.8132 | Val Loss: 0.5388 Acc: 0.8011
[Epoch 56/200] Train Loss: 0.4569 Acc: 0.8548 | Val Loss: 0.5131 Acc: 0.8441
[Epoch 57/200] Train Loss: 0.4548 Acc: 0.8575 | Val Loss: 0.5301 Acc: 0.7849
[Epoch 58/200] Train Loss: 0.4521 Acc: 0.8696 | Val Loss: 0.5488 Acc: 0.8172
[Epoch 59/200] Train Loss: 0.4534 Acc: 0.8629 | Val Loss: 0.5250 Acc: 0.8226
[Epoch 60/200] Train Loss: 0.4403 Acc: 0.8629 | Val Loss: 0.4925 Acc: 0.8656
[Epoch 61/200] Train Loss: 0.4341 Acc: 0.8683 | Val Loss: 0.4911 Acc: 0.8548
[Epoch 62/200] Train Loss: 0.4168 Acc: 0.8831 | Val Loss: 0.4929 Acc: 0.8011
[Epoch 63/200] Train Loss: 0.4332 Acc: 0.8441 | Val Loss: 0.5011 Acc: 0.8011
[Epoch 64/200] Train Loss: 0.4045 Acc: 0.8790 | Val Loss: 0.4692 Acc: 0.8710
[Epoch 65/200] Train Loss: 0.4148 Acc: 0.8750 | Val Loss: 0.4661 Acc: 0.8172
[Epoch 66/200] Train Loss: 0.3990 Acc: 0.8911 | Val Loss: 0.4643 Acc: 0.8387
[Epoch 67/200] Train Loss: 0.3931 Acc: 0.8844 | Val Loss: 0.4416 Acc: 0.8656
[Epoch 68/200] Train Loss: 0.3793 Acc: 0.8911 | Val Loss: 0.4453 Acc: 0.8495
[Epoch 69/200] Train Loss: 0.3817 Acc: 0.8777 | Val Loss: 0.4506 Acc: 0.8226
[Epoch 70/200] Train Loss: 0.3718 Acc: 0.8858 | Val Loss: 0.4228 Acc: 0.8763
[Epoch 71/200] Train Loss: 0.3727 Acc: 0.8884 | Val Loss: 0.4407 Acc: 0.8280
[Epoch 72/200] Train Loss: 0.3525 Acc: 0.8938 | Val Loss: 0.4102 Acc: 0.8656
[Epoch 73/200] Train Loss: 0.3443 Acc: 0.9073 | Val Loss: 0.4200 Acc: 0.8441
[Epoch 74/200] Train Loss: 0.3484 Acc: 0.8925 | Val Loss: 0.3954 Acc: 0.8763
[Epoch 75/200] Train Loss: 0.3318 Acc: 0.9005 | Val Loss: 0.4003 Acc: 0.8656
[Epoch 76/200] Train Loss: 0.3274 Acc: 0.9046 | Val Loss: 0.3915 Acc: 0.8763
[Epoch 77/200] Train Loss: 0.3491 Acc: 0.8750 | Val Loss: 0.4081 Acc: 0.8333
[Epoch 78/200] Train Loss: 0.3121 Acc: 0.9153 | Val Loss: 0.3922 Acc: 0.8548
[Epoch 79/200] Train Loss: 0.3245 Acc: 0.8911 | Val Loss: 0.3876 Acc: 0.8548
[Epoch 80/200] Train Loss: 0.3083 Acc: 0.9153 | Val Loss: 0.3706 Acc: 0.8871
[Epoch 81/200] Train Loss: 0.3131 Acc: 0.8952 | Val Loss: 0.3859 Acc: 0.8710
[Epoch 82/200] Train Loss: 0.3025 Acc: 0.9073 | Val Loss: 0.3558 Acc: 0.8817
[Epoch 83/200] Train Loss: 0.2921 Acc: 0.9167 | Val Loss: 0.3675 Acc: 0.8763
[Epoch 84/200] Train Loss: 0.2934 Acc: 0.9086 | Val Loss: 0.3729 Acc: 0.8817
[Epoch 85/200] Train Loss: 0.2845 Acc: 0.9059 | Val Loss: 0.3610 Acc: 0.8710
[Epoch 86/200] Train Loss: 0.2809 Acc: 0.9180 | Val Loss: 0.3579 Acc: 0.8817
[Epoch 87/200] Train Loss: 0.2796 Acc: 0.9153 | Val Loss: 0.4168 Acc: 0.8333
[Epoch 88/200] Train Loss: 0.2858 Acc: 0.9126 | Val Loss: 0.4054 Acc: 0.8495
[Epoch 89/200] Train Loss: 0.3080 Acc: 0.9005 | Val Loss: 0.4002 Acc: 0.8441
[Epoch 90/200] Train Loss: 0.2761 Acc: 0.9194 | Val Loss: 0.3188 Acc: 0.8925
[Epoch 91/200] Train Loss: 0.2639 Acc: 0.9247 | Val Loss: 0.3423 Acc: 0.8656
[Epoch 92/200] Train Loss: 0.2633 Acc: 0.9194 | Val Loss: 0.3907 Acc: 0.8387
[Epoch 93/200] Train Loss: 0.2859 Acc: 0.8911 | Val Loss: 0.3315 Acc: 0.8925
[Epoch 94/200] Train Loss: 0.2720 Acc: 0.9019 | Val Loss: 0.3108 Acc: 0.8871
[Epoch 95/200] Train Loss: 0.2557 Acc: 0.9167 | Val Loss: 0.3266 Acc: 0.8871
[Epoch 96/200] Train Loss: 0.2549 Acc: 0.9274 | Val Loss: 0.3132 Acc: 0.8871
[Epoch 97/200] Train Loss: 0.2528 Acc: 0.9194 | Val Loss: 0.2958 Acc: 0.8978
[Epoch 98/200] Train Loss: 0.2377 Acc: 0.9274 | Val Loss: 0.2818 Acc: 0.9086
[Epoch 99/200] Train Loss: 0.2344 Acc: 0.9247 | Val Loss: 0.2907 Acc: 0.8978
[Epoch 100/200] Train Loss: 0.2249 Acc: 0.9315 | Val Loss: 0.3453 Acc: 0.8548
[Epoch 101/200] Train Loss: 0.2567 Acc: 0.9086 | Val Loss: 0.2808 Acc: 0.8925
[Epoch 102/200] Train Loss: 0.2294 Acc: 0.9220 | Val Loss: 0.2714 Acc: 0.9086
[Epoch 103/200] Train Loss: 0.2301 Acc: 0.9274 | Val Loss: 0.2954 Acc: 0.8871
[Epoch 104/200] Train Loss: 0.2193 Acc: 0.9355 | Val Loss: 0.2797 Acc: 0.9086
[Epoch 105/200] Train Loss: 0.2460 Acc: 0.9113 | Val Loss: 0.2824 Acc: 0.9086
[Epoch 106/200] Train Loss: 0.2385 Acc: 0.9247 | Val Loss: 0.2777 Acc: 0.8925
[Epoch 107/200] Train Loss: 0.2233 Acc: 0.9180 | Val Loss: 0.2640 Acc: 0.9032
[Epoch 108/200] Train Loss: 0.2226 Acc: 0.9341 | Val Loss: 0.2642 Acc: 0.9086
[Epoch 109/200] Train Loss: 0.2137 Acc: 0.9355 | Val Loss: 0.2634 Acc: 0.9140
[Epoch 110/200] Train Loss: 0.2068 Acc: 0.9355 | Val Loss: 0.2852 Acc: 0.8978
[Epoch 111/200] Train Loss: 0.2111 Acc: 0.9315 | Val Loss: 0.2643 Acc: 0.8978
[Epoch 112/200] Train Loss: 0.2053 Acc: 0.9315 | Val Loss: 0.2498 Acc: 0.9032
[Epoch 113/200] Train Loss: 0.2108 Acc: 0.9301 | Val Loss: 0.2699 Acc: 0.9086
[Epoch 114/200] Train Loss: 0.2255 Acc: 0.9247 | Val Loss: 0.2709 Acc: 0.9086
[Epoch 115/200] Train Loss: 0.2223 Acc: 0.9315 | Val Loss: 0.2496 Acc: 0.9247
[Epoch 116/200] Train Loss: 0.2212 Acc: 0.9261 | Val Loss: 0.2552 Acc: 0.9140
[Epoch 117/200] Train Loss: 0.2206 Acc: 0.9234 | Val Loss: 0.3555 Acc: 0.8548
[Epoch 118/200] Train Loss: 0.2233 Acc: 0.9220 | Val Loss: 0.2563 Acc: 0.9140
[Epoch 119/200] Train Loss: 0.2020 Acc: 0.9355 | Val Loss: 0.2397 Acc: 0.9247
[Epoch 120/200] Train Loss: 0.1904 Acc: 0.9422 | Val Loss: 0.2511 Acc: 0.9032
[Epoch 121/200] Train Loss: 0.1958 Acc: 0.9355 | Val Loss: 0.2544 Acc: 0.9140
[Epoch 122/200] Train Loss: 0.2021 Acc: 0.9301 | Val Loss: 0.2367 Acc: 0.9140
[Epoch 123/200] Train Loss: 0.1912 Acc: 0.9355 | Val Loss: 0.2543 Acc: 0.9140
[Epoch 124/200] Train Loss: 0.1851 Acc: 0.9395 | Val Loss: 0.2723 Acc: 0.8925
[Epoch 125/200] Train Loss: 0.1847 Acc: 0.9368 | Val Loss: 0.2214 Acc: 0.9140
[Epoch 126/200] Train Loss: 0.1816 Acc: 0.9395 | Val Loss: 0.2330 Acc: 0.9140
[Epoch 127/200] Train Loss: 0.1904 Acc: 0.9382 | Val Loss: 0.2274 Acc: 0.9194
[Epoch 128/200] Train Loss: 0.1941 Acc: 0.9355 | Val Loss: 0.2338 Acc: 0.9086
[Epoch 129/200] Train Loss: 0.1965 Acc: 0.9328 | Val Loss: 0.2264 Acc: 0.9194
[Epoch 130/200] Train Loss: 0.1830 Acc: 0.9422 | Val Loss: 0.2078 Acc: 0.9409
[Epoch 131/200] Train Loss: 0.1784 Acc: 0.9382 | Val Loss: 0.2191 Acc: 0.9247
[Epoch 132/200] Train Loss: 0.1861 Acc: 0.9395 | Val Loss: 0.2222 Acc: 0.9140
[Epoch 133/200] Train Loss: 0.1764 Acc: 0.9422 | Val Loss: 0.2079 Acc: 0.9355
[Epoch 134/200] Train Loss: 0.1748 Acc: 0.9435 | Val Loss: 0.2310 Acc: 0.9194
[Epoch 135/200] Train Loss: 0.1833 Acc: 0.9341 | Val Loss: 0.1994 Acc: 0.9409
[Epoch 136/200] Train Loss: 0.1948 Acc: 0.9328 | Val Loss: 0.2028 Acc: 0.9301
[Epoch 137/200] Train Loss: 0.1731 Acc: 0.9476 | Val Loss: 0.2094 Acc: 0.9140
[Epoch 138/200] Train Loss: 0.1628 Acc: 0.9435 | Val Loss: 0.2044 Acc: 0.9247
[Epoch 139/200] Train Loss: 0.1606 Acc: 0.9476 | Val Loss: 0.2123 Acc: 0.9247
[Epoch 140/200] Train Loss: 0.1603 Acc: 0.9530 | Val Loss: 0.2218 Acc: 0.9194
[Epoch 141/200] Train Loss: 0.1889 Acc: 0.9355 | Val Loss: 0.2143 Acc: 0.9140
[Epoch 142/200] Train Loss: 0.1717 Acc: 0.9435 | Val Loss: 0.1957 Acc: 0.9301
[Epoch 143/200] Train Loss: 0.1731 Acc: 0.9409 | Val Loss: 0.2413 Acc: 0.9086
[Epoch 144/200] Train Loss: 0.1800 Acc: 0.9382 | Val Loss: 0.2300 Acc: 0.8925
[Epoch 145/200] Train Loss: 0.1796 Acc: 0.9409 | Val Loss: 0.2260 Acc: 0.9032
[Epoch 146/200] Train Loss: 0.1627 Acc: 0.9462 | Val Loss: 0.1869 Acc: 0.9409
[Epoch 147/200] Train Loss: 0.1731 Acc: 0.9382 | Val Loss: 0.2007 Acc: 0.9462
[Epoch 148/200] Train Loss: 0.1563 Acc: 0.9516 | Val Loss: 0.1943 Acc: 0.9355
[Epoch 149/200] Train Loss: 0.1592 Acc: 0.9543 | Val Loss: 0.1846 Acc: 0.9355
[Epoch 150/200] Train Loss: 0.1549 Acc: 0.9489 | Val Loss: 0.1980 Acc: 0.9247
[Epoch 151/200] Train Loss: 0.1670 Acc: 0.9395 | Val Loss: 0.2376 Acc: 0.8925
[Epoch 152/200] Train Loss: 0.1560 Acc: 0.9503 | Val Loss: 0.2032 Acc: 0.9247
[Epoch 153/200] Train Loss: 0.1580 Acc: 0.9476 | Val Loss: 0.1976 Acc: 0.9140
[Epoch 154/200] Train Loss: 0.1497 Acc: 0.9516 | Val Loss: 0.1981 Acc: 0.9194
[Epoch 155/200] Train Loss: 0.1509 Acc: 0.9503 | Val Loss: 0.1758 Acc: 0.9462
[Epoch 156/200] Train Loss: 0.1466 Acc: 0.9516 | Val Loss: 0.1753 Acc: 0.9409
[Epoch 157/200] Train Loss: 0.1534 Acc: 0.9503 | Val Loss: 0.1799 Acc: 0.9516
[Epoch 158/200] Train Loss: 0.1596 Acc: 0.9449 | Val Loss: 0.1728 Acc: 0.9462
[Epoch 159/200] Train Loss: 0.1482 Acc: 0.9556 | Val Loss: 0.1798 Acc: 0.9194
[Epoch 160/200] Train Loss: 0.1437 Acc: 0.9570 | Val Loss: 0.1758 Acc: 0.9462
[Epoch 161/200] Train Loss: 0.1435 Acc: 0.9503 | Val Loss: 0.1891 Acc: 0.9355
[Epoch 162/200] Train Loss: 0.1428 Acc: 0.9556 | Val Loss: 0.1654 Acc: 0.9516
[Epoch 163/200] Train Loss: 0.1399 Acc: 0.9583 | Val Loss: 0.1789 Acc: 0.9516
[Epoch 164/200] Train Loss: 0.1445 Acc: 0.9530 | Val Loss: 0.1654 Acc: 0.9462
[Epoch 165/200] Train Loss: 0.1403 Acc: 0.9530 | Val Loss: 0.2235 Acc: 0.9247
[Epoch 166/200] Train Loss: 0.1773 Acc: 0.9382 | Val Loss: 0.1867 Acc: 0.9086
[Epoch 167/200] Train Loss: 0.1623 Acc: 0.9489 | Val Loss: 0.1840 Acc: 0.9194
[Epoch 168/200] Train Loss: 0.1580 Acc: 0.9489 | Val Loss: 0.1875 Acc: 0.9140
[Epoch 169/200] Train Loss: 0.1424 Acc: 0.9476 | Val Loss: 0.1677 Acc: 0.9355
[Epoch 170/200] Train Loss: 0.1439 Acc: 0.9503 | Val Loss: 0.2030 Acc: 0.9247
[Epoch 171/200] Train Loss: 0.1742 Acc: 0.9435 | Val Loss: 0.1618 Acc: 0.9409
[Epoch 172/200] Train Loss: 0.1682 Acc: 0.9341 | Val Loss: 0.1681 Acc: 0.9516
[Epoch 173/200] Train Loss: 0.1411 Acc: 0.9570 | Val Loss: 0.1637 Acc: 0.9462
[Epoch 174/200] Train Loss: 0.1512 Acc: 0.9530 | Val Loss: 0.1818 Acc: 0.9355
[Epoch 175/200] Train Loss: 0.1472 Acc: 0.9516 | Val Loss: 0.1756 Acc: 0.9516
[Epoch 176/200] Train Loss: 0.1463 Acc: 0.9449 | Val Loss: 0.1581 Acc: 0.9409
[Epoch 177/200] Train Loss: 0.1399 Acc: 0.9570 | Val Loss: 0.1732 Acc: 0.9301
[Epoch 178/200] Train Loss: 0.1386 Acc: 0.9530 | Val Loss: 0.1870 Acc: 0.9247
[Epoch 179/200] Train Loss: 0.1365 Acc: 0.9610 | Val Loss: 0.1572 Acc: 0.9516
[Epoch 180/200] Train Loss: 0.1342 Acc: 0.9583 | Val Loss: 0.1640 Acc: 0.9516
[Epoch 181/200] Train Loss: 0.1492 Acc: 0.9543 | Val Loss: 0.1666 Acc: 0.9301
[Epoch 182/200] Train Loss: 0.1462 Acc: 0.9516 | Val Loss: 0.1695 Acc: 0.9247
[Epoch 183/200] Train Loss: 0.1694 Acc: 0.9489 | Val Loss: 0.1639 Acc: 0.9462
[Epoch 184/200] Train Loss: 0.1417 Acc: 0.9435 | Val Loss: 0.1586 Acc: 0.9462
[Epoch 185/200] Train Loss: 0.1381 Acc: 0.9476 | Val Loss: 0.1666 Acc: 0.9194
[Epoch 186/200] Train Loss: 0.1384 Acc: 0.9556 | Val Loss: 0.1904 Acc: 0.9355
[Epoch 187/200] Train Loss: 0.1514 Acc: 0.9489 | Val Loss: 0.1987 Acc: 0.9086
[Epoch 188/200] Train Loss: 0.1267 Acc: 0.9610 | Val Loss: 0.1708 Acc: 0.9355
[Epoch 189/200] Train Loss: 0.1374 Acc: 0.9530 | Val Loss: 0.1667 Acc: 0.9409
Early stopped.
Training completed in 8.31 seconds.
