start train: Sat Nov 15 09:30:19 2025
Train size: 1472, Val size: 368
Using device: cuda
Traceback (most recent call last):
  File "/nfs/undergrad/11/b11902038/Desktop/aircursor/gesture_model/train.py", line 94, in <module>
    train_loss, train_acc = train_one_epoch(
                            ~~~~~~~~~~~~~~~^
        model, train_loader, optimizer, criterion, device
        ^^^^^^^^^^^^^^^^^^^^^^^^^^^^^^^^^^^^^^^^^^^^^^^^^
    )
    ^
  File "/nfs/undergrad/11/b11902038/Desktop/aircursor/gesture_model/train.py", line 36, in train_one_epoch
    loss = criterion(out, y)
  File "/usr/lib/python3.13/site-packages/torch/nn/modules/module.py", line 1775, in _wrapped_call_impl
    return self._call_impl(*args, **kwargs)
           ~~~~~~~~~~~~~~~^^^^^^^^^^^^^^^^^
  File "/usr/lib/python3.13/site-packages/torch/nn/modules/module.py", line 1786, in _call_impl
    return forward_call(*args, **kwargs)
  File "/usr/lib/python3.13/site-packages/torch/nn/modules/loss.py", line 1385, in forward
    return F.cross_entropy(
           ~~~~~~~~~~~~~~~^
        input,
        ^^^^^^
    ...<4 lines>...
        label_smoothing=self.label_smoothing,
        ^^^^^^^^^^^^^^^^^^^^^^^^^^^^^^^^^^^^^
    )
    ^
  File "/usr/lib/python3.13/site-packages/torch/nn/functional.py", line 3458, in cross_entropy
    return torch._C._nn.cross_entropy_loss(
           ~~~~~~~~~~~~~~~~~~~~~~~~~~~~~~~^
        input,
        ^^^^^^
    ...<4 lines>...
        label_smoothing,
        ^^^^^^^^^^^^^^^^
    )
    ^
NotImplementedError: "nll_loss_forward_reduce_cuda_kernel_2d_index" not implemented for 'Int'
start train: Sat Nov 15 09:30:54 2025
Train size: 1472, Val size: 368
Using device: cuda
[Epoch 1/30] Train Loss: 1.8197 Acc: 0.2636 | Val Loss: 1.6466 Acc: 0.3288
[Epoch 2/30] Train Loss: 1.5563 Acc: 0.3193 | Val Loss: 1.6114 Acc: 0.3043
[Epoch 3/30] Train Loss: 1.4854 Acc: 0.3492 | Val Loss: 1.4434 Acc: 0.3832
[Epoch 4/30] Train Loss: 1.2541 Acc: 0.5102 | Val Loss: 1.1923 Acc: 0.5598
[Epoch 5/30] Train Loss: 1.0557 Acc: 0.5700 | Val Loss: 1.0309 Acc: 0.5652
[Epoch 6/30] Train Loss: 0.9531 Acc: 0.6135 | Val Loss: 0.9658 Acc: 0.6005
[Epoch 7/30] Train Loss: 0.9319 Acc: 0.6121 | Val Loss: 0.9377 Acc: 0.5951
[Epoch 8/30] Train Loss: 0.8749 Acc: 0.6562 | Val Loss: 0.8882 Acc: 0.6630
[Epoch 9/30] Train Loss: 0.8358 Acc: 0.6848 | Val Loss: 0.8474 Acc: 0.6875
[Epoch 10/30] Train Loss: 0.8108 Acc: 0.7045 | Val Loss: 0.8210 Acc: 0.6821
[Epoch 11/30] Train Loss: 0.7614 Acc: 0.7201 | Val Loss: 0.7625 Acc: 0.7092
[Epoch 12/30] Train Loss: 0.7310 Acc: 0.7486 | Val Loss: 0.7833 Acc: 0.7038
[Epoch 13/30] Train Loss: 0.6920 Acc: 0.7717 | Val Loss: 0.7204 Acc: 0.7310
[Epoch 14/30] Train Loss: 0.6498 Acc: 0.7717 | Val Loss: 0.6697 Acc: 0.7310
[Epoch 15/30] Train Loss: 0.6166 Acc: 0.7853 | Val Loss: 0.6486 Acc: 0.7364
[Epoch 16/30] Train Loss: 0.6011 Acc: 0.7901 | Val Loss: 0.6529 Acc: 0.7473
[Epoch 17/30] Train Loss: 0.5789 Acc: 0.7989 | Val Loss: 0.6062 Acc: 0.7717
[Epoch 18/30] Train Loss: 0.5561 Acc: 0.8173 | Val Loss: 0.5997 Acc: 0.7745
[Epoch 19/30] Train Loss: 0.5393 Acc: 0.8139 | Val Loss: 0.5850 Acc: 0.7853
[Epoch 20/30] Train Loss: 0.5245 Acc: 0.8159 | Val Loss: 0.5674 Acc: 0.7962
[Epoch 21/30] Train Loss: 0.5159 Acc: 0.8139 | Val Loss: 0.5631 Acc: 0.7826
[Epoch 22/30] Train Loss: 0.5165 Acc: 0.8152 | Val Loss: 0.5866 Acc: 0.7663
[Epoch 23/30] Train Loss: 0.5076 Acc: 0.8207 | Val Loss: 0.5911 Acc: 0.7772
[Epoch 24/30] Train Loss: 0.5000 Acc: 0.8145 | Val Loss: 0.5342 Acc: 0.7745
[Epoch 25/30] Train Loss: 0.4817 Acc: 0.8227 | Val Loss: 0.5138 Acc: 0.8043
[Epoch 26/30] Train Loss: 0.4848 Acc: 0.8200 | Val Loss: 0.5353 Acc: 0.7935
[Epoch 27/30] Train Loss: 0.4808 Acc: 0.8376 | Val Loss: 0.5143 Acc: 0.7880
[Epoch 28/30] Train Loss: 0.4726 Acc: 0.8315 | Val Loss: 0.5151 Acc: 0.8071
[Epoch 29/30] Train Loss: 0.4663 Acc: 0.8342 | Val Loss: 0.5259 Acc: 0.7935
[Epoch 30/30] Train Loss: 0.4673 Acc: 0.8281 | Val Loss: 0.4952 Acc: 0.8179
start train: Sat Nov 15 09:35:39 2025
Using device: cuda
Train size: 1472, Val size: 368
[Epoch 1/100] Train Loss: 1.7726 Acc: 0.3125 | Val Loss: 1.6063 Acc: 0.2935
[Epoch 2/100] Train Loss: 1.5715 Acc: 0.3274 | Val Loss: 1.5835 Acc: 0.2935
[Epoch 3/100] Train Loss: 1.5729 Acc: 0.3084 | Val Loss: 1.5768 Acc: 0.3533
[Epoch 4/100] Train Loss: 1.5542 Acc: 0.3295 | Val Loss: 1.5530 Acc: 0.3533
[Epoch 5/100] Train Loss: 1.5186 Acc: 0.3254 | Val Loss: 1.4729 Acc: 0.3533
[Epoch 6/100] Train Loss: 1.3793 Acc: 0.4029 | Val Loss: 1.2442 Acc: 0.5408
[Epoch 7/100] Train Loss: 1.0861 Acc: 0.5938 | Val Loss: 1.0249 Acc: 0.6603
[Epoch 8/100] Train Loss: 0.9724 Acc: 0.6325 | Val Loss: 0.9188 Acc: 0.6821
[Epoch 9/100] Train Loss: 0.8618 Acc: 0.7106 | Val Loss: 0.7909 Acc: 0.7636
[Epoch 10/100] Train Loss: 0.7770 Acc: 0.7520 | Val Loss: 0.7614 Acc: 0.7473
[Epoch 11/100] Train Loss: 0.7337 Acc: 0.7568 | Val Loss: 0.6620 Acc: 0.7826
[Epoch 12/100] Train Loss: 0.6912 Acc: 0.7663 | Val Loss: 0.6691 Acc: 0.7853
[Epoch 13/100] Train Loss: 0.6881 Acc: 0.7697 | Val Loss: 0.6137 Acc: 0.7799
[Epoch 14/100] Train Loss: 0.6511 Acc: 0.7704 | Val Loss: 0.6062 Acc: 0.7717
[Epoch 15/100] Train Loss: 0.6407 Acc: 0.7874 | Val Loss: 0.6488 Acc: 0.7772
[Epoch 16/100] Train Loss: 0.6754 Acc: 0.7609 | Val Loss: 0.5946 Acc: 0.7908
[Epoch 17/100] Train Loss: 0.6133 Acc: 0.7880 | Val Loss: 0.5746 Acc: 0.7989
[Epoch 18/100] Train Loss: 0.6066 Acc: 0.7867 | Val Loss: 0.5680 Acc: 0.7989
[Epoch 19/100] Train Loss: 0.5893 Acc: 0.7928 | Val Loss: 0.5563 Acc: 0.7826
[Epoch 20/100] Train Loss: 0.6044 Acc: 0.7799 | Val Loss: 0.5564 Acc: 0.7853
[Epoch 21/100] Train Loss: 0.5784 Acc: 0.7942 | Val Loss: 0.5408 Acc: 0.7989
[Epoch 22/100] Train Loss: 0.5861 Acc: 0.7840 | Val Loss: 0.5905 Acc: 0.7663
[Epoch 23/100] Train Loss: 0.5678 Acc: 0.7969 | Val Loss: 0.5707 Acc: 0.7745
[Epoch 24/100] Train Loss: 0.5915 Acc: 0.7765 | Val Loss: 0.5654 Acc: 0.7772
[Epoch 25/100] Train Loss: 0.5570 Acc: 0.8010 | Val Loss: 0.5187 Acc: 0.7935
[Epoch 26/100] Train Loss: 0.5497 Acc: 0.7955 | Val Loss: 0.5115 Acc: 0.7962
[Epoch 27/100] Train Loss: 0.5363 Acc: 0.7989 | Val Loss: 0.5192 Acc: 0.7908
[Epoch 28/100] Train Loss: 0.5276 Acc: 0.7976 | Val Loss: 0.4910 Acc: 0.8016
[Epoch 29/100] Train Loss: 0.5486 Acc: 0.7867 | Val Loss: 0.4977 Acc: 0.8098
[Epoch 30/100] Train Loss: 0.5222 Acc: 0.7982 | Val Loss: 0.4891 Acc: 0.8125
[Epoch 31/100] Train Loss: 0.4973 Acc: 0.8071 | Val Loss: 0.4982 Acc: 0.8098
[Epoch 32/100] Train Loss: 0.4920 Acc: 0.8173 | Val Loss: 0.4783 Acc: 0.8152
[Epoch 33/100] Train Loss: 0.5077 Acc: 0.8071 | Val Loss: 0.4775 Acc: 0.8234
[Epoch 34/100] Train Loss: 0.4955 Acc: 0.8152 | Val Loss: 0.5783 Acc: 0.7663
[Epoch 35/100] Train Loss: 0.4922 Acc: 0.8152 | Val Loss: 0.4682 Acc: 0.8261
[Epoch 36/100] Train Loss: 0.4704 Acc: 0.8234 | Val Loss: 0.4742 Acc: 0.8261
[Epoch 37/100] Train Loss: 0.4808 Acc: 0.8179 | Val Loss: 0.4582 Acc: 0.8207
[Epoch 38/100] Train Loss: 0.4589 Acc: 0.8220 | Val Loss: 0.4586 Acc: 0.8125
[Epoch 39/100] Train Loss: 0.4647 Acc: 0.8274 | Val Loss: 0.5002 Acc: 0.8016
[Epoch 40/100] Train Loss: 0.4671 Acc: 0.8247 | Val Loss: 0.4361 Acc: 0.8261
[Epoch 41/100] Train Loss: 0.4618 Acc: 0.8234 | Val Loss: 0.5073 Acc: 0.7935
[Epoch 42/100] Train Loss: 0.4742 Acc: 0.8179 | Val Loss: 0.4466 Acc: 0.8478
[Epoch 43/100] Train Loss: 0.4722 Acc: 0.8213 | Val Loss: 0.4502 Acc: 0.8397
[Epoch 44/100] Train Loss: 0.4571 Acc: 0.8308 | Val Loss: 0.4675 Acc: 0.8098
[Epoch 45/100] Train Loss: 0.4563 Acc: 0.8342 | Val Loss: 0.4606 Acc: 0.8125
[Epoch 46/100] Train Loss: 0.4440 Acc: 0.8295 | Val Loss: 0.4590 Acc: 0.7853
[Epoch 47/100] Train Loss: 0.4552 Acc: 0.8261 | Val Loss: 0.4333 Acc: 0.8315
[Epoch 48/100] Train Loss: 0.4461 Acc: 0.8295 | Val Loss: 0.4442 Acc: 0.8098
[Epoch 49/100] Train Loss: 0.4295 Acc: 0.8363 | Val Loss: 0.4750 Acc: 0.7935
[Epoch 50/100] Train Loss: 0.4354 Acc: 0.8254 | Val Loss: 0.4480 Acc: 0.8234
[Epoch 51/100] Train Loss: 0.4187 Acc: 0.8356 | Val Loss: 0.4217 Acc: 0.8098
[Epoch 52/100] Train Loss: 0.4309 Acc: 0.8376 | Val Loss: 0.4134 Acc: 0.8234
[Epoch 53/100] Train Loss: 0.4230 Acc: 0.8322 | Val Loss: 0.4141 Acc: 0.8424
[Epoch 54/100] Train Loss: 0.4167 Acc: 0.8363 | Val Loss: 0.4369 Acc: 0.8288
[Epoch 55/100] Train Loss: 0.4363 Acc: 0.8363 | Val Loss: 0.5078 Acc: 0.7799
[Epoch 56/100] Train Loss: 0.4366 Acc: 0.8404 | Val Loss: 0.4299 Acc: 0.8234
[Epoch 57/100] Train Loss: 0.4108 Acc: 0.8363 | Val Loss: 0.4434 Acc: 0.8207
[Epoch 58/100] Train Loss: 0.4174 Acc: 0.8383 | Val Loss: 0.4378 Acc: 0.8125
[Epoch 59/100] Train Loss: 0.4240 Acc: 0.8342 | Val Loss: 0.4252 Acc: 0.8478
[Epoch 60/100] Train Loss: 0.4223 Acc: 0.8404 | Val Loss: 0.4027 Acc: 0.8125
[Epoch 61/100] Train Loss: 0.3962 Acc: 0.8499 | Val Loss: 0.4388 Acc: 0.8098
[Epoch 62/100] Train Loss: 0.4108 Acc: 0.8363 | Val Loss: 0.4405 Acc: 0.8179
[Epoch 63/100] Train Loss: 0.4200 Acc: 0.8417 | Val Loss: 0.4202 Acc: 0.8179
[Epoch 64/100] Train Loss: 0.4366 Acc: 0.8315 | Val Loss: 0.4937 Acc: 0.8016
[Epoch 65/100] Train Loss: 0.4009 Acc: 0.8424 | Val Loss: 0.4007 Acc: 0.8288
[Epoch 66/100] Train Loss: 0.3968 Acc: 0.8505 | Val Loss: 0.4101 Acc: 0.8342
[Epoch 67/100] Train Loss: 0.3947 Acc: 0.8505 | Val Loss: 0.4066 Acc: 0.8288
[Epoch 68/100] Train Loss: 0.3899 Acc: 0.8478 | Val Loss: 0.4205 Acc: 0.8179
[Epoch 69/100] Train Loss: 0.4010 Acc: 0.8410 | Val Loss: 0.3998 Acc: 0.8451
[Epoch 70/100] Train Loss: 0.3905 Acc: 0.8431 | Val Loss: 0.4889 Acc: 0.8016
[Epoch 71/100] Train Loss: 0.4306 Acc: 0.8349 | Val Loss: 0.5107 Acc: 0.7826
[Epoch 72/100] Train Loss: 0.3773 Acc: 0.8465 | Val Loss: 0.4079 Acc: 0.8397
[Epoch 73/100] Train Loss: 0.3803 Acc: 0.8587 | Val Loss: 0.4304 Acc: 0.8098
[Epoch 74/100] Train Loss: 0.3910 Acc: 0.8512 | Val Loss: 0.3934 Acc: 0.8533
[Epoch 75/100] Train Loss: 0.3773 Acc: 0.8499 | Val Loss: 0.3911 Acc: 0.8397
[Epoch 76/100] Train Loss: 0.3682 Acc: 0.8607 | Val Loss: 0.3825 Acc: 0.8424
[Epoch 77/100] Train Loss: 0.3885 Acc: 0.8499 | Val Loss: 0.3812 Acc: 0.8397
[Epoch 78/100] Train Loss: 0.3765 Acc: 0.8553 | Val Loss: 0.4057 Acc: 0.8288
[Epoch 79/100] Train Loss: 0.3676 Acc: 0.8567 | Val Loss: 0.3894 Acc: 0.8505
[Epoch 80/100] Train Loss: 0.3663 Acc: 0.8601 | Val Loss: 0.3920 Acc: 0.8288
[Epoch 81/100] Train Loss: 0.3658 Acc: 0.8512 | Val Loss: 0.4408 Acc: 0.8370
[Epoch 82/100] Train Loss: 0.3742 Acc: 0.8499 | Val Loss: 0.3914 Acc: 0.8560
[Epoch 83/100] Train Loss: 0.3638 Acc: 0.8485 | Val Loss: 0.3917 Acc: 0.8478
[Epoch 84/100] Train Loss: 0.3667 Acc: 0.8573 | Val Loss: 0.3761 Acc: 0.8533
[Epoch 85/100] Train Loss: 0.3563 Acc: 0.8512 | Val Loss: 0.4270 Acc: 0.8315
[Epoch 86/100] Train Loss: 0.3496 Acc: 0.8641 | Val Loss: 0.3669 Acc: 0.8397
[Epoch 87/100] Train Loss: 0.3650 Acc: 0.8512 | Val Loss: 0.3796 Acc: 0.8451
[Epoch 88/100] Train Loss: 0.3834 Acc: 0.8397 | Val Loss: 0.3787 Acc: 0.8342
[Epoch 89/100] Train Loss: 0.3739 Acc: 0.8492 | Val Loss: 0.3986 Acc: 0.8261
[Epoch 90/100] Train Loss: 0.3455 Acc: 0.8641 | Val Loss: 0.3911 Acc: 0.8451
[Epoch 91/100] Train Loss: 0.3522 Acc: 0.8675 | Val Loss: 0.3622 Acc: 0.8614
[Epoch 92/100] Train Loss: 0.3585 Acc: 0.8553 | Val Loss: 0.4086 Acc: 0.8451
[Epoch 93/100] Train Loss: 0.3730 Acc: 0.8553 | Val Loss: 0.3987 Acc: 0.8478
[Epoch 94/100] Train Loss: 0.3543 Acc: 0.8573 | Val Loss: 0.3455 Acc: 0.8560
[Epoch 95/100] Train Loss: 0.3343 Acc: 0.8641 | Val Loss: 0.3481 Acc: 0.8641
[Epoch 96/100] Train Loss: 0.3362 Acc: 0.8614 | Val Loss: 0.4020 Acc: 0.8152
[Epoch 97/100] Train Loss: 0.3426 Acc: 0.8648 | Val Loss: 0.3687 Acc: 0.8424
[Epoch 98/100] Train Loss: 0.3381 Acc: 0.8607 | Val Loss: 0.3606 Acc: 0.8478
[Epoch 99/100] Train Loss: 0.3432 Acc: 0.8635 | Val Loss: 0.4049 Acc: 0.8451
[Epoch 100/100] Train Loss: 0.3384 Acc: 0.8621 | Val Loss: 0.3426 Acc: 0.8804
Completed in 39.19 seconds.
start train: Sat Nov 15 09:38:10 2025
Using device: cuda
Train size: 1472, Val size: 368
[Epoch 1/100] Train Loss: 1.8219 Acc: 0.2969 | Val Loss: 1.5138 Acc: 0.3315
[Epoch 2/100] Train Loss: 1.6067 Acc: 0.3193 | Val Loss: 1.4815 Acc: 0.3315
[Epoch 3/100] Train Loss: 1.5660 Acc: 0.3200 | Val Loss: 1.4120 Acc: 0.3641
[Epoch 4/100] Train Loss: 1.4667 Acc: 0.3356 | Val Loss: 1.2531 Acc: 0.3641
[Epoch 5/100] Train Loss: 1.2917 Acc: 0.4185 | Val Loss: 1.0268 Acc: 0.5978
[Epoch 6/100] Train Loss: 1.0476 Acc: 0.5346 | Val Loss: 0.8579 Acc: 0.6957
[Epoch 7/100] Train Loss: 0.9473 Acc: 0.6291 | Val Loss: 0.8028 Acc: 0.7147
[Epoch 8/100] Train Loss: 0.9156 Acc: 0.6338 | Val Loss: 0.7983 Acc: 0.7228
[Epoch 9/100] Train Loss: 0.8558 Acc: 0.6977 | Val Loss: 0.7277 Acc: 0.7337
[Epoch 10/100] Train Loss: 0.7976 Acc: 0.7378 | Val Loss: 0.6261 Acc: 0.7908
[Epoch 11/100] Train Loss: 0.7449 Acc: 0.7493 | Val Loss: 0.5942 Acc: 0.8098
[Epoch 12/100] Train Loss: 0.7087 Acc: 0.7609 | Val Loss: 0.5557 Acc: 0.8043
[Epoch 13/100] Train Loss: 0.6703 Acc: 0.7643 | Val Loss: 0.5155 Acc: 0.8152
[Epoch 14/100] Train Loss: 0.6473 Acc: 0.7629 | Val Loss: 0.5193 Acc: 0.8315
[Epoch 15/100] Train Loss: 0.6361 Acc: 0.7649 | Val Loss: 0.4744 Acc: 0.8234
[Epoch 16/100] Train Loss: 0.6146 Acc: 0.7690 | Val Loss: 0.4835 Acc: 0.8179
[Epoch 17/100] Train Loss: 0.5991 Acc: 0.7880 | Val Loss: 0.4751 Acc: 0.8370
[Epoch 18/100] Train Loss: 0.5878 Acc: 0.7812 | Val Loss: 0.4384 Acc: 0.8397
[Epoch 19/100] Train Loss: 0.5836 Acc: 0.7901 | Val Loss: 0.4347 Acc: 0.8587
[Epoch 20/100] Train Loss: 0.5641 Acc: 0.7982 | Val Loss: 0.4606 Acc: 0.8397
[Epoch 21/100] Train Loss: 0.5666 Acc: 0.7948 | Val Loss: 0.4426 Acc: 0.8451
[Epoch 22/100] Train Loss: 0.5450 Acc: 0.7996 | Val Loss: 0.4219 Acc: 0.8478
[Epoch 23/100] Train Loss: 0.5467 Acc: 0.7921 | Val Loss: 0.4164 Acc: 0.8533
[Epoch 24/100] Train Loss: 0.5347 Acc: 0.8057 | Val Loss: 0.4360 Acc: 0.8370
[Epoch 25/100] Train Loss: 0.5537 Acc: 0.7894 | Val Loss: 0.4450 Acc: 0.8315
[Epoch 26/100] Train Loss: 0.5363 Acc: 0.8023 | Val Loss: 0.4071 Acc: 0.8533
[Epoch 27/100] Train Loss: 0.5281 Acc: 0.8003 | Val Loss: 0.4061 Acc: 0.8370
[Epoch 28/100] Train Loss: 0.5245 Acc: 0.8152 | Val Loss: 0.4545 Acc: 0.8261
[Epoch 29/100] Train Loss: 0.5196 Acc: 0.8050 | Val Loss: 0.4101 Acc: 0.8533
[Epoch 30/100] Train Loss: 0.5078 Acc: 0.8091 | Val Loss: 0.4355 Acc: 0.8370
[Epoch 31/100] Train Loss: 0.5053 Acc: 0.8179 | Val Loss: 0.4231 Acc: 0.8234
[Epoch 32/100] Train Loss: 0.5013 Acc: 0.8105 | Val Loss: 0.4098 Acc: 0.8478
Early stopping triggered.
Completed in 14.11 seconds.
start train: Sat Nov 15 09:38:47 2025
Using device: cuda
Train size: 1472, Val size: 368
[Epoch 1/100] Train Loss: 1.7657 Acc: 0.3098 | Val Loss: 1.5883 Acc: 0.3152
[Epoch 2/100] Train Loss: 1.5839 Acc: 0.3302 | Val Loss: 1.5699 Acc: 0.3478
[Epoch 3/100] Train Loss: 1.5675 Acc: 0.3349 | Val Loss: 1.5609 Acc: 0.3478
[Epoch 4/100] Train Loss: 1.5542 Acc: 0.3186 | Val Loss: 1.5290 Acc: 0.3478
[Epoch 5/100] Train Loss: 1.5006 Acc: 0.3261 | Val Loss: 1.4392 Acc: 0.3478
[Epoch 6/100] Train Loss: 1.3261 Acc: 0.4538 | Val Loss: 1.1479 Acc: 0.5245
[Epoch 7/100] Train Loss: 1.0551 Acc: 0.5666 | Val Loss: 0.9902 Acc: 0.6332
[Epoch 8/100] Train Loss: 0.9573 Acc: 0.5951 | Val Loss: 0.9211 Acc: 0.6467
[Epoch 9/100] Train Loss: 0.8951 Acc: 0.6399 | Val Loss: 0.8811 Acc: 0.6685
[Epoch 10/100] Train Loss: 0.8443 Acc: 0.6773 | Val Loss: 0.8565 Acc: 0.6141
[Epoch 11/100] Train Loss: 0.8263 Acc: 0.6658 | Val Loss: 0.8092 Acc: 0.7228
[Epoch 12/100] Train Loss: 0.7656 Acc: 0.7208 | Val Loss: 0.7591 Acc: 0.7201
[Epoch 13/100] Train Loss: 0.7164 Acc: 0.7480 | Val Loss: 0.7141 Acc: 0.7554
[Epoch 14/100] Train Loss: 0.6804 Acc: 0.7677 | Val Loss: 0.6736 Acc: 0.7690
[Epoch 15/100] Train Loss: 0.6448 Acc: 0.7738 | Val Loss: 0.6559 Acc: 0.7745
[Epoch 16/100] Train Loss: 0.6234 Acc: 0.7806 | Val Loss: 0.6194 Acc: 0.7772
[Epoch 17/100] Train Loss: 0.6094 Acc: 0.7826 | Val Loss: 0.6046 Acc: 0.7853
[Epoch 18/100] Train Loss: 0.6005 Acc: 0.7751 | Val Loss: 0.5902 Acc: 0.7799
[Epoch 19/100] Train Loss: 0.5846 Acc: 0.7785 | Val Loss: 0.5772 Acc: 0.7935
[Epoch 20/100] Train Loss: 0.5767 Acc: 0.7846 | Val Loss: 0.5859 Acc: 0.7772
[Epoch 21/100] Train Loss: 0.5680 Acc: 0.7874 | Val Loss: 0.5882 Acc: 0.7772
[Epoch 22/100] Train Loss: 0.5689 Acc: 0.7874 | Val Loss: 0.5787 Acc: 0.7962
[Epoch 23/100] Train Loss: 0.5642 Acc: 0.7935 | Val Loss: 0.5518 Acc: 0.7935
[Epoch 24/100] Train Loss: 0.5559 Acc: 0.7853 | Val Loss: 0.5411 Acc: 0.8043
[Epoch 25/100] Train Loss: 0.5417 Acc: 0.7942 | Val Loss: 0.5914 Acc: 0.7853
[Epoch 26/100] Train Loss: 0.5380 Acc: 0.7928 | Val Loss: 0.5796 Acc: 0.7935
[Epoch 27/100] Train Loss: 0.5486 Acc: 0.7880 | Val Loss: 0.5512 Acc: 0.8071
[Epoch 28/100] Train Loss: 0.5271 Acc: 0.7969 | Val Loss: 0.5311 Acc: 0.8016
[Epoch 29/100] Train Loss: 0.5251 Acc: 0.7969 | Val Loss: 0.5205 Acc: 0.8098
[Epoch 30/100] Train Loss: 0.5199 Acc: 0.7989 | Val Loss: 0.5711 Acc: 0.7826
[Epoch 31/100] Train Loss: 0.5769 Acc: 0.7779 | Val Loss: 0.5696 Acc: 0.8071
[Epoch 32/100] Train Loss: 0.5095 Acc: 0.8071 | Val Loss: 0.5086 Acc: 0.8261
[Epoch 33/100] Train Loss: 0.4984 Acc: 0.8071 | Val Loss: 0.5137 Acc: 0.8179
[Epoch 34/100] Train Loss: 0.4931 Acc: 0.8098 | Val Loss: 0.4895 Acc: 0.7962
[Epoch 35/100] Train Loss: 0.4970 Acc: 0.8105 | Val Loss: 0.4900 Acc: 0.8234
[Epoch 36/100] Train Loss: 0.4860 Acc: 0.8159 | Val Loss: 0.4949 Acc: 0.8207
[Epoch 37/100] Train Loss: 0.4730 Acc: 0.8240 | Val Loss: 0.4798 Acc: 0.8179
[Epoch 38/100] Train Loss: 0.4854 Acc: 0.8193 | Val Loss: 0.4913 Acc: 0.8043
[Epoch 39/100] Train Loss: 0.4798 Acc: 0.8240 | Val Loss: 0.4774 Acc: 0.8207
[Epoch 40/100] Train Loss: 0.4714 Acc: 0.8173 | Val Loss: 0.5037 Acc: 0.8179
[Epoch 41/100] Train Loss: 0.4684 Acc: 0.8213 | Val Loss: 0.4605 Acc: 0.8125
[Epoch 42/100] Train Loss: 0.4655 Acc: 0.8111 | Val Loss: 0.4767 Acc: 0.8179
[Epoch 43/100] Train Loss: 0.4596 Acc: 0.8227 | Val Loss: 0.4911 Acc: 0.8152
[Epoch 44/100] Train Loss: 0.4703 Acc: 0.8173 | Val Loss: 0.5154 Acc: 0.7853
[Epoch 45/100] Train Loss: 0.4906 Acc: 0.8077 | Val Loss: 0.4558 Acc: 0.8342
[Epoch 46/100] Train Loss: 0.4536 Acc: 0.8336 | Val Loss: 0.4758 Acc: 0.8207
[Epoch 47/100] Train Loss: 0.4469 Acc: 0.8179 | Val Loss: 0.4544 Acc: 0.8261
[Epoch 48/100] Train Loss: 0.4441 Acc: 0.8220 | Val Loss: 0.4630 Acc: 0.8234
[Epoch 49/100] Train Loss: 0.4512 Acc: 0.8207 | Val Loss: 0.4584 Acc: 0.8370
[Epoch 50/100] Train Loss: 0.4488 Acc: 0.8349 | Val Loss: 0.4458 Acc: 0.8424
[Epoch 51/100] Train Loss: 0.4348 Acc: 0.8349 | Val Loss: 0.4227 Acc: 0.8587
[Epoch 52/100] Train Loss: 0.4371 Acc: 0.8308 | Val Loss: 0.5244 Acc: 0.7962
[Epoch 53/100] Train Loss: 0.4289 Acc: 0.8410 | Val Loss: 0.4332 Acc: 0.8505
[Epoch 54/100] Train Loss: 0.4194 Acc: 0.8438 | Val Loss: 0.4241 Acc: 0.8451
[Epoch 55/100] Train Loss: 0.4246 Acc: 0.8336 | Val Loss: 0.4285 Acc: 0.8397
[Epoch 56/100] Train Loss: 0.4472 Acc: 0.8288 | Val Loss: 0.4399 Acc: 0.8370
[Epoch 57/100] Train Loss: 0.4423 Acc: 0.8234 | Val Loss: 0.4202 Acc: 0.8505
[Epoch 58/100] Train Loss: 0.4073 Acc: 0.8485 | Val Loss: 0.4142 Acc: 0.8641
[Epoch 59/100] Train Loss: 0.4157 Acc: 0.8465 | Val Loss: 0.4532 Acc: 0.8451
[Epoch 60/100] Train Loss: 0.4106 Acc: 0.8478 | Val Loss: 0.4131 Acc: 0.8342
[Epoch 61/100] Train Loss: 0.4083 Acc: 0.8471 | Val Loss: 0.4040 Acc: 0.8424
[Epoch 62/100] Train Loss: 0.4107 Acc: 0.8471 | Val Loss: 0.4136 Acc: 0.8641
[Epoch 63/100] Train Loss: 0.4348 Acc: 0.8363 | Val Loss: 0.4443 Acc: 0.8234
[Epoch 64/100] Train Loss: 0.4216 Acc: 0.8356 | Val Loss: 0.3845 Acc: 0.8777
[Epoch 65/100] Train Loss: 0.4030 Acc: 0.8499 | Val Loss: 0.4089 Acc: 0.8533
[Epoch 66/100] Train Loss: 0.3841 Acc: 0.8689 | Val Loss: 0.4034 Acc: 0.8832
[Epoch 67/100] Train Loss: 0.3823 Acc: 0.8709 | Val Loss: 0.3703 Acc: 0.8750
[Epoch 68/100] Train Loss: 0.3855 Acc: 0.8621 | Val Loss: 0.4076 Acc: 0.8424
[Epoch 69/100] Train Loss: 0.3765 Acc: 0.8621 | Val Loss: 0.3696 Acc: 0.8750
[Epoch 70/100] Train Loss: 0.3762 Acc: 0.8614 | Val Loss: 0.3983 Acc: 0.8397
[Epoch 71/100] Train Loss: 0.3989 Acc: 0.8471 | Val Loss: 0.3767 Acc: 0.8832
[Epoch 72/100] Train Loss: 0.3766 Acc: 0.8682 | Val Loss: 0.3801 Acc: 0.8696
[Epoch 73/100] Train Loss: 0.3695 Acc: 0.8777 | Val Loss: 0.3631 Acc: 0.8804
[Epoch 74/100] Train Loss: 0.3716 Acc: 0.8594 | Val Loss: 0.3807 Acc: 0.8777
[Epoch 75/100] Train Loss: 0.3673 Acc: 0.8696 | Val Loss: 0.3574 Acc: 0.8777
[Epoch 76/100] Train Loss: 0.3569 Acc: 0.8716 | Val Loss: 0.3874 Acc: 0.8587
[Epoch 77/100] Train Loss: 0.3725 Acc: 0.8648 | Val Loss: 0.3598 Acc: 0.8641
[Epoch 78/100] Train Loss: 0.3679 Acc: 0.8696 | Val Loss: 0.3504 Acc: 0.8940
[Epoch 79/100] Train Loss: 0.3620 Acc: 0.8709 | Val Loss: 0.3498 Acc: 0.8886
[Epoch 80/100] Train Loss: 0.3518 Acc: 0.8743 | Val Loss: 0.3399 Acc: 0.8913
[Epoch 81/100] Train Loss: 0.3617 Acc: 0.8648 | Val Loss: 0.3620 Acc: 0.8859
[Epoch 82/100] Train Loss: 0.3511 Acc: 0.8791 | Val Loss: 0.3464 Acc: 0.8750
[Epoch 83/100] Train Loss: 0.3437 Acc: 0.8764 | Val Loss: 0.3507 Acc: 0.8859
[Epoch 84/100] Train Loss: 0.3443 Acc: 0.8723 | Val Loss: 0.3482 Acc: 0.8832
[Epoch 85/100] Train Loss: 0.3320 Acc: 0.8804 | Val Loss: 0.3397 Acc: 0.8967
[Epoch 86/100] Train Loss: 0.3342 Acc: 0.8784 | Val Loss: 0.3311 Acc: 0.8913
[Epoch 87/100] Train Loss: 0.3490 Acc: 0.8716 | Val Loss: 0.3576 Acc: 0.8696
[Epoch 88/100] Train Loss: 0.3399 Acc: 0.8730 | Val Loss: 0.3233 Acc: 0.8995
[Epoch 89/100] Train Loss: 0.3305 Acc: 0.8845 | Val Loss: 0.3207 Acc: 0.8804
[Epoch 90/100] Train Loss: 0.3216 Acc: 0.8845 | Val Loss: 0.3041 Acc: 0.8913
[Epoch 91/100] Train Loss: 0.3597 Acc: 0.8573 | Val Loss: 0.3414 Acc: 0.8940
[Epoch 92/100] Train Loss: 0.3422 Acc: 0.8655 | Val Loss: 0.3241 Acc: 0.8859
[Epoch 93/100] Train Loss: 0.3135 Acc: 0.8893 | Val Loss: 0.2930 Acc: 0.8967
[Epoch 94/100] Train Loss: 0.3138 Acc: 0.8845 | Val Loss: 0.3350 Acc: 0.8832
[Epoch 95/100] Train Loss: 0.3185 Acc: 0.8838 | Val Loss: 0.2932 Acc: 0.8995
[Epoch 96/100] Train Loss: 0.3135 Acc: 0.8838 | Val Loss: 0.2947 Acc: 0.8940
[Epoch 97/100] Train Loss: 0.3123 Acc: 0.8899 | Val Loss: 0.3111 Acc: 0.8913
[Epoch 98/100] Train Loss: 0.3212 Acc: 0.8757 | Val Loss: 0.3353 Acc: 0.8804
[Epoch 99/100] Train Loss: 0.3197 Acc: 0.8838 | Val Loss: 0.3104 Acc: 0.8940
[Epoch 100/100] Train Loss: 0.3332 Acc: 0.8668 | Val Loss: 0.3006 Acc: 0.8967
Completed in 39.44 seconds.
