Start training script: Wed Nov 26 17:50:03 2025

+ Training model for task: BA_LEFT_CLICK
label mapping: {'LEFT_PRESS': 0, 'LEFT_RELEASE': 1, 'NONE': 2}
dataset size: torch.Size([726, 5, 12]), torch.Size([726])
Dataset distribution:
> Train: Counter({np.int64(2): 413, np.int64(1): 93, np.int64(0): 74})
> Val:   Counter({np.int64(2): 104, np.int64(1): 23, np.int64(0): 19})
Using device: cpu
Start training with config: default
[Epoch 1/200] Train Loss: 1.0821 Acc: 0.4069 | Val Loss: 0.9516 Acc: 0.7123
[Epoch 2/200] Train Loss: 0.8184 Acc: 0.7121 | Val Loss: 0.8004 Acc: 0.7123
[Epoch 3/200] Train Loss: 0.7811 Acc: 0.7121 | Val Loss: 0.7636 Acc: 0.7123
[Epoch 4/200] Train Loss: 0.7558 Acc: 0.7121 | Val Loss: 0.7452 Acc: 0.7123
[Epoch 5/200] Train Loss: 0.7347 Acc: 0.7121 | Val Loss: 0.7238 Acc: 0.7123
[Epoch 6/200] Train Loss: 0.7095 Acc: 0.7121 | Val Loss: 0.6926 Acc: 0.7123
[Epoch 7/200] Train Loss: 0.6731 Acc: 0.7121 | Val Loss: 0.6558 Acc: 0.7123
[Epoch 8/200] Train Loss: 0.6292 Acc: 0.7121 | Val Loss: 0.6034 Acc: 0.7123
[Epoch 9/200] Train Loss: 0.5713 Acc: 0.7207 | Val Loss: 0.5475 Acc: 0.7603
[Epoch 10/200] Train Loss: 0.5183 Acc: 0.7672 | Val Loss: 0.5016 Acc: 0.8082
[Epoch 11/200] Train Loss: 0.4680 Acc: 0.8034 | Val Loss: 0.4511 Acc: 0.8219
[Epoch 12/200] Train Loss: 0.4255 Acc: 0.8190 | Val Loss: 0.4084 Acc: 0.8356
[Epoch 13/200] Train Loss: 0.3935 Acc: 0.8310 | Val Loss: 0.3833 Acc: 0.8493
[Epoch 14/200] Train Loss: 0.3651 Acc: 0.8362 | Val Loss: 0.3609 Acc: 0.8356
[Epoch 15/200] Train Loss: 0.3477 Acc: 0.8362 | Val Loss: 0.3571 Acc: 0.8562
[Epoch 16/200] Train Loss: 0.3443 Acc: 0.8448 | Val Loss: 0.3313 Acc: 0.8493
[Epoch 17/200] Train Loss: 0.3309 Acc: 0.8414 | Val Loss: 0.3209 Acc: 0.8562
[Epoch 18/200] Train Loss: 0.3328 Acc: 0.8483 | Val Loss: 0.3307 Acc: 0.8493
[Epoch 19/200] Train Loss: 0.3243 Acc: 0.8397 | Val Loss: 0.3095 Acc: 0.8630
[Epoch 20/200] Train Loss: 0.3192 Acc: 0.8534 | Val Loss: 0.3246 Acc: 0.8562
[Epoch 21/200] Train Loss: 0.3350 Acc: 0.8483 | Val Loss: 0.3046 Acc: 0.8562
[Epoch 22/200] Train Loss: 0.3257 Acc: 0.8448 | Val Loss: 0.3126 Acc: 0.8493
[Epoch 23/200] Train Loss: 0.3176 Acc: 0.8379 | Val Loss: 0.2997 Acc: 0.8699
[Epoch 24/200] Train Loss: 0.3201 Acc: 0.8466 | Val Loss: 0.2969 Acc: 0.8699
[Epoch 25/200] Train Loss: 0.3119 Acc: 0.8448 | Val Loss: 0.2963 Acc: 0.8630
[Epoch 26/200] Train Loss: 0.3125 Acc: 0.8500 | Val Loss: 0.2954 Acc: 0.8630
[Epoch 27/200] Train Loss: 0.3092 Acc: 0.8500 | Val Loss: 0.3029 Acc: 0.8767
[Epoch 28/200] Train Loss: 0.3084 Acc: 0.8603 | Val Loss: 0.3260 Acc: 0.8425
[Epoch 29/200] Train Loss: 0.3297 Acc: 0.8466 | Val Loss: 0.3406 Acc: 0.8425
[Epoch 30/200] Train Loss: 0.3235 Acc: 0.8466 | Val Loss: 0.2892 Acc: 0.8699
[Epoch 31/200] Train Loss: 0.3081 Acc: 0.8483 | Val Loss: 0.3126 Acc: 0.8493
[Epoch 32/200] Train Loss: 0.3139 Acc: 0.8500 | Val Loss: 0.3101 Acc: 0.8562
[Epoch 33/200] Train Loss: 0.3187 Acc: 0.8517 | Val Loss: 0.3191 Acc: 0.8562
[Epoch 34/200] Train Loss: 0.3103 Acc: 0.8534 | Val Loss: 0.2914 Acc: 0.8630
[Epoch 35/200] Train Loss: 0.3075 Acc: 0.8500 | Val Loss: 0.2903 Acc: 0.8699
[Epoch 36/200] Train Loss: 0.3094 Acc: 0.8448 | Val Loss: 0.2880 Acc: 0.8699
[Epoch 37/200] Train Loss: 0.3090 Acc: 0.8431 | Val Loss: 0.2965 Acc: 0.8630
[Epoch 38/200] Train Loss: 0.3080 Acc: 0.8517 | Val Loss: 0.2894 Acc: 0.8699
[Epoch 39/200] Train Loss: 0.3256 Acc: 0.8500 | Val Loss: 0.2842 Acc: 0.8562
[Epoch 40/200] Train Loss: 0.3192 Acc: 0.8517 | Val Loss: 0.3060 Acc: 0.8767
[Epoch 41/200] Train Loss: 0.3541 Acc: 0.8483 | Val Loss: 0.3153 Acc: 0.8699
[Epoch 42/200] Train Loss: 0.2926 Acc: 0.8638 | Val Loss: 0.2824 Acc: 0.8767
[Epoch 43/200] Train Loss: 0.2990 Acc: 0.8638 | Val Loss: 0.2813 Acc: 0.8699
[Epoch 44/200] Train Loss: 0.2968 Acc: 0.8603 | Val Loss: 0.2886 Acc: 0.8836
[Epoch 45/200] Train Loss: 0.2990 Acc: 0.8655 | Val Loss: 0.3118 Acc: 0.8630
[Epoch 46/200] Train Loss: 0.2967 Acc: 0.8655 | Val Loss: 0.2753 Acc: 0.8767
[Epoch 47/200] Train Loss: 0.3005 Acc: 0.8672 | Val Loss: 0.2757 Acc: 0.8767
[Epoch 48/200] Train Loss: 0.2884 Acc: 0.8707 | Val Loss: 0.2763 Acc: 0.8836
[Epoch 49/200] Train Loss: 0.2879 Acc: 0.8724 | Val Loss: 0.2755 Acc: 0.8767
[Epoch 50/200] Train Loss: 0.2971 Acc: 0.8621 | Val Loss: 0.2871 Acc: 0.8630
[Epoch 51/200] Train Loss: 0.2815 Acc: 0.8793 | Val Loss: 0.2700 Acc: 0.8973
[Epoch 52/200] Train Loss: 0.2833 Acc: 0.8741 | Val Loss: 0.2653 Acc: 0.8904
[Epoch 53/200] Train Loss: 0.2851 Acc: 0.8793 | Val Loss: 0.2641 Acc: 0.8973
[Epoch 54/200] Train Loss: 0.2838 Acc: 0.8586 | Val Loss: 0.2657 Acc: 0.8904
[Epoch 55/200] Train Loss: 0.2835 Acc: 0.8741 | Val Loss: 0.2636 Acc: 0.9041
[Epoch 56/200] Train Loss: 0.2926 Acc: 0.8776 | Val Loss: 0.2580 Acc: 0.8973
[Epoch 57/200] Train Loss: 0.2808 Acc: 0.8776 | Val Loss: 0.2643 Acc: 0.8836
[Epoch 58/200] Train Loss: 0.2720 Acc: 0.8879 | Val Loss: 0.2565 Acc: 0.9178
[Epoch 59/200] Train Loss: 0.2709 Acc: 0.8862 | Val Loss: 0.2530 Acc: 0.8973
[Epoch 60/200] Train Loss: 0.2715 Acc: 0.8828 | Val Loss: 0.2562 Acc: 0.9247
[Epoch 61/200] Train Loss: 0.2715 Acc: 0.8914 | Val Loss: 0.2499 Acc: 0.8973
[Epoch 62/200] Train Loss: 0.2625 Acc: 0.8914 | Val Loss: 0.2443 Acc: 0.9041
[Epoch 63/200] Train Loss: 0.2638 Acc: 0.8810 | Val Loss: 0.2477 Acc: 0.8973
[Epoch 64/200] Train Loss: 0.2566 Acc: 0.9000 | Val Loss: 0.2735 Acc: 0.8836
[Epoch 65/200] Train Loss: 0.2769 Acc: 0.8776 | Val Loss: 0.2501 Acc: 0.9384
[Epoch 66/200] Train Loss: 0.2809 Acc: 0.9052 | Val Loss: 0.2810 Acc: 0.8699
[Epoch 67/200] Train Loss: 0.2510 Acc: 0.8983 | Val Loss: 0.2317 Acc: 0.9452
[Epoch 68/200] Train Loss: 0.2492 Acc: 0.8914 | Val Loss: 0.2447 Acc: 0.9521
[Epoch 69/200] Train Loss: 0.2560 Acc: 0.9155 | Val Loss: 0.2280 Acc: 0.9521
[Epoch 70/200] Train Loss: 0.2424 Acc: 0.9414 | Val Loss: 0.2280 Acc: 0.9041
[Epoch 71/200] Train Loss: 0.2485 Acc: 0.9086 | Val Loss: 0.2594 Acc: 0.9247
[Epoch 72/200] Train Loss: 0.2359 Acc: 0.9207 | Val Loss: 0.2197 Acc: 0.9521
[Epoch 73/200] Train Loss: 0.2363 Acc: 0.9328 | Val Loss: 0.2138 Acc: 0.9521
[Epoch 74/200] Train Loss: 0.2277 Acc: 0.9276 | Val Loss: 0.2158 Acc: 0.9521
[Epoch 75/200] Train Loss: 0.2237 Acc: 0.9328 | Val Loss: 0.2107 Acc: 0.9384
[Epoch 76/200] Train Loss: 0.2295 Acc: 0.9431 | Val Loss: 0.2192 Acc: 0.9384
[Epoch 77/200] Train Loss: 0.2179 Acc: 0.9345 | Val Loss: 0.2025 Acc: 0.9589
[Epoch 78/200] Train Loss: 0.2138 Acc: 0.9466 | Val Loss: 0.2039 Acc: 0.9452
[Epoch 79/200] Train Loss: 0.2131 Acc: 0.9431 | Val Loss: 0.1970 Acc: 0.9521
[Epoch 80/200] Train Loss: 0.2149 Acc: 0.9345 | Val Loss: 0.1920 Acc: 0.9589
[Epoch 81/200] Train Loss: 0.2153 Acc: 0.9414 | Val Loss: 0.2044 Acc: 0.9589
[Epoch 82/200] Train Loss: 0.2259 Acc: 0.9431 | Val Loss: 0.2304 Acc: 0.9521
[Epoch 83/200] Train Loss: 0.2198 Acc: 0.9362 | Val Loss: 0.1928 Acc: 0.9658
[Epoch 84/200] Train Loss: 0.2072 Acc: 0.9466 | Val Loss: 0.1825 Acc: 0.9521
[Epoch 85/200] Train Loss: 0.2075 Acc: 0.9276 | Val Loss: 0.1982 Acc: 0.9384
[Epoch 86/200] Train Loss: 0.2068 Acc: 0.9224 | Val Loss: 0.1967 Acc: 0.9589
[Epoch 87/200] Train Loss: 0.1915 Acc: 0.9483 | Val Loss: 0.1706 Acc: 0.9521
[Epoch 88/200] Train Loss: 0.1969 Acc: 0.9414 | Val Loss: 0.1985 Acc: 0.9247
[Epoch 89/200] Train Loss: 0.2239 Acc: 0.9241 | Val Loss: 0.1901 Acc: 0.9247
[Epoch 90/200] Train Loss: 0.1833 Acc: 0.9448 | Val Loss: 0.1748 Acc: 0.9589
[Epoch 91/200] Train Loss: 0.1782 Acc: 0.9500 | Val Loss: 0.1653 Acc: 0.9521
[Epoch 92/200] Train Loss: 0.1876 Acc: 0.9500 | Val Loss: 0.1686 Acc: 0.9521
[Epoch 93/200] Train Loss: 0.1767 Acc: 0.9500 | Val Loss: 0.1727 Acc: 0.9589
[Epoch 94/200] Train Loss: 0.2008 Acc: 0.9379 | Val Loss: 0.1651 Acc: 0.9521
[Epoch 95/200] Train Loss: 0.1673 Acc: 0.9500 | Val Loss: 0.1684 Acc: 0.9589
[Epoch 96/200] Train Loss: 0.1685 Acc: 0.9466 | Val Loss: 0.1481 Acc: 0.9589
[Epoch 97/200] Train Loss: 0.1594 Acc: 0.9552 | Val Loss: 0.1470 Acc: 0.9521
[Epoch 98/200] Train Loss: 0.1643 Acc: 0.9500 | Val Loss: 0.1561 Acc: 0.9521
[Epoch 99/200] Train Loss: 0.1594 Acc: 0.9569 | Val Loss: 0.1766 Acc: 0.9452
[Epoch 100/200] Train Loss: 0.1835 Acc: 0.9345 | Val Loss: 0.1450 Acc: 0.9589
[Epoch 101/200] Train Loss: 0.1612 Acc: 0.9431 | Val Loss: 0.1508 Acc: 0.9521
[Epoch 102/200] Train Loss: 0.1535 Acc: 0.9534 | Val Loss: 0.1567 Acc: 0.9521
[Epoch 103/200] Train Loss: 0.1516 Acc: 0.9534 | Val Loss: 0.1365 Acc: 0.9589
[Epoch 104/200] Train Loss: 0.1617 Acc: 0.9483 | Val Loss: 0.1713 Acc: 0.9384
[Epoch 105/200] Train Loss: 0.1620 Acc: 0.9517 | Val Loss: 0.1872 Acc: 0.9315
[Epoch 106/200] Train Loss: 0.1551 Acc: 0.9517 | Val Loss: 0.1418 Acc: 0.9589
[Epoch 107/200] Train Loss: 0.1888 Acc: 0.9362 | Val Loss: 0.1369 Acc: 0.9521
[Epoch 108/200] Train Loss: 0.1475 Acc: 0.9569 | Val Loss: 0.1536 Acc: 0.9521
[Epoch 109/200] Train Loss: 0.1452 Acc: 0.9534 | Val Loss: 0.1721 Acc: 0.9521
[Epoch 110/200] Train Loss: 0.1572 Acc: 0.9466 | Val Loss: 0.1334 Acc: 0.9589
[Epoch 111/200] Train Loss: 0.1438 Acc: 0.9569 | Val Loss: 0.1336 Acc: 0.9658
[Epoch 112/200] Train Loss: 0.1533 Acc: 0.9483 | Val Loss: 0.1608 Acc: 0.9521
[Epoch 113/200] Train Loss: 0.1731 Acc: 0.9379 | Val Loss: 0.1593 Acc: 0.9452
[Epoch 114/200] Train Loss: 0.1371 Acc: 0.9603 | Val Loss: 0.1264 Acc: 0.9521
[Epoch 115/200] Train Loss: 0.1331 Acc: 0.9534 | Val Loss: 0.1197 Acc: 0.9521
[Epoch 116/200] Train Loss: 0.1305 Acc: 0.9603 | Val Loss: 0.1268 Acc: 0.9589
[Epoch 117/200] Train Loss: 0.1293 Acc: 0.9655 | Val Loss: 0.1159 Acc: 0.9589
[Epoch 118/200] Train Loss: 0.1252 Acc: 0.9621 | Val Loss: 0.1329 Acc: 0.9589
[Epoch 119/200] Train Loss: 0.1282 Acc: 0.9621 | Val Loss: 0.1218 Acc: 0.9589
[Epoch 120/200] Train Loss: 0.1289 Acc: 0.9638 | Val Loss: 0.1303 Acc: 0.9452
[Epoch 121/200] Train Loss: 0.1264 Acc: 0.9638 | Val Loss: 0.1218 Acc: 0.9521
[Epoch 122/200] Train Loss: 0.1298 Acc: 0.9552 | Val Loss: 0.1223 Acc: 0.9521
[Epoch 123/200] Train Loss: 0.1270 Acc: 0.9586 | Val Loss: 0.1091 Acc: 0.9589
[Epoch 124/200] Train Loss: 0.1160 Acc: 0.9655 | Val Loss: 0.1304 Acc: 0.9589
[Epoch 125/200] Train Loss: 0.1315 Acc: 0.9586 | Val Loss: 0.1492 Acc: 0.9521
[Epoch 126/200] Train Loss: 0.1252 Acc: 0.9586 | Val Loss: 0.1059 Acc: 0.9658
[Epoch 127/200] Train Loss: 0.1197 Acc: 0.9569 | Val Loss: 0.1115 Acc: 0.9521
[Epoch 128/200] Train Loss: 0.1161 Acc: 0.9672 | Val Loss: 0.1044 Acc: 0.9521
[Epoch 129/200] Train Loss: 0.1211 Acc: 0.9603 | Val Loss: 0.1066 Acc: 0.9589
[Epoch 130/200] Train Loss: 0.1192 Acc: 0.9603 | Val Loss: 0.1046 Acc: 0.9589
[Epoch 131/200] Train Loss: 0.1289 Acc: 0.9569 | Val Loss: 0.1005 Acc: 0.9658
[Epoch 132/200] Train Loss: 0.1488 Acc: 0.9500 | Val Loss: 0.1262 Acc: 0.9452
[Epoch 133/200] Train Loss: 0.1234 Acc: 0.9638 | Val Loss: 0.1015 Acc: 0.9589
[Epoch 134/200] Train Loss: 0.1189 Acc: 0.9638 | Val Loss: 0.1210 Acc: 0.9521
[Epoch 135/200] Train Loss: 0.1120 Acc: 0.9638 | Val Loss: 0.1031 Acc: 0.9658
[Epoch 136/200] Train Loss: 0.1388 Acc: 0.9638 | Val Loss: 0.1287 Acc: 0.9589
[Epoch 137/200] Train Loss: 0.1130 Acc: 0.9586 | Val Loss: 0.0965 Acc: 0.9589
[Epoch 138/200] Train Loss: 0.1089 Acc: 0.9655 | Val Loss: 0.1150 Acc: 0.9521
[Epoch 139/200] Train Loss: 0.1516 Acc: 0.9293 | Val Loss: 0.1526 Acc: 0.9452
[Epoch 140/200] Train Loss: 0.1309 Acc: 0.9552 | Val Loss: 0.1196 Acc: 0.9589
[Epoch 141/200] Train Loss: 0.1133 Acc: 0.9586 | Val Loss: 0.1006 Acc: 0.9589
[Epoch 142/200] Train Loss: 0.1144 Acc: 0.9707 | Val Loss: 0.1018 Acc: 0.9521
[Epoch 143/200] Train Loss: 0.1060 Acc: 0.9690 | Val Loss: 0.0924 Acc: 0.9589
[Epoch 144/200] Train Loss: 0.1074 Acc: 0.9638 | Val Loss: 0.0937 Acc: 0.9589
[Epoch 145/200] Train Loss: 0.1011 Acc: 0.9638 | Val Loss: 0.0926 Acc: 0.9658
[Epoch 146/200] Train Loss: 0.1104 Acc: 0.9655 | Val Loss: 0.1123 Acc: 0.9521
[Epoch 147/200] Train Loss: 0.1024 Acc: 0.9690 | Val Loss: 0.0870 Acc: 0.9726
[Epoch 148/200] Train Loss: 0.1097 Acc: 0.9638 | Val Loss: 0.1023 Acc: 0.9589
[Epoch 149/200] Train Loss: 0.1051 Acc: 0.9638 | Val Loss: 0.1042 Acc: 0.9658
[Epoch 150/200] Train Loss: 0.1041 Acc: 0.9638 | Val Loss: 0.0877 Acc: 0.9658
[Epoch 151/200] Train Loss: 0.0993 Acc: 0.9638 | Val Loss: 0.0907 Acc: 0.9589
[Epoch 152/200] Train Loss: 0.0951 Acc: 0.9690 | Val Loss: 0.1169 Acc: 0.9521
[Epoch 153/200] Train Loss: 0.1036 Acc: 0.9621 | Val Loss: 0.0852 Acc: 0.9589
[Epoch 154/200] Train Loss: 0.1108 Acc: 0.9603 | Val Loss: 0.0844 Acc: 0.9589
[Epoch 155/200] Train Loss: 0.1157 Acc: 0.9569 | Val Loss: 0.1129 Acc: 0.9521
[Epoch 156/200] Train Loss: 0.1002 Acc: 0.9672 | Val Loss: 0.1545 Acc: 0.9521
[Epoch 157/200] Train Loss: 0.1183 Acc: 0.9621 | Val Loss: 0.1000 Acc: 0.9658
[Epoch 158/200] Train Loss: 0.0986 Acc: 0.9638 | Val Loss: 0.0952 Acc: 0.9589
[Epoch 159/200] Train Loss: 0.1091 Acc: 0.9621 | Val Loss: 0.0872 Acc: 0.9658
[Epoch 160/200] Train Loss: 0.0941 Acc: 0.9707 | Val Loss: 0.0951 Acc: 0.9658
[Epoch 161/200] Train Loss: 0.1030 Acc: 0.9690 | Val Loss: 0.0803 Acc: 0.9658
[Epoch 162/200] Train Loss: 0.1129 Acc: 0.9534 | Val Loss: 0.0961 Acc: 0.9795
[Epoch 163/200] Train Loss: 0.1023 Acc: 0.9672 | Val Loss: 0.1278 Acc: 0.9521
[Epoch 164/200] Train Loss: 0.0996 Acc: 0.9690 | Val Loss: 0.0912 Acc: 0.9589
[Epoch 165/200] Train Loss: 0.0919 Acc: 0.9672 | Val Loss: 0.0846 Acc: 0.9589
[Epoch 166/200] Train Loss: 0.0933 Acc: 0.9655 | Val Loss: 0.0791 Acc: 0.9589
[Epoch 167/200] Train Loss: 0.0914 Acc: 0.9638 | Val Loss: 0.0833 Acc: 0.9521
[Epoch 168/200] Train Loss: 0.1046 Acc: 0.9569 | Val Loss: 0.0973 Acc: 0.9589
[Epoch 169/200] Train Loss: 0.0939 Acc: 0.9655 | Val Loss: 0.1044 Acc: 0.9726
[Epoch 170/200] Train Loss: 0.1011 Acc: 0.9690 | Val Loss: 0.0850 Acc: 0.9589
[Epoch 171/200] Train Loss: 0.1124 Acc: 0.9500 | Val Loss: 0.1090 Acc: 0.9863
[Epoch 172/200] Train Loss: 0.0921 Acc: 0.9707 | Val Loss: 0.0969 Acc: 0.9521
[Epoch 173/200] Train Loss: 0.0945 Acc: 0.9569 | Val Loss: 0.0790 Acc: 0.9658
[Epoch 174/200] Train Loss: 0.0894 Acc: 0.9672 | Val Loss: 0.1208 Acc: 0.9521
[Epoch 175/200] Train Loss: 0.0977 Acc: 0.9655 | Val Loss: 0.0737 Acc: 0.9863
[Epoch 176/200] Train Loss: 0.0908 Acc: 0.9690 | Val Loss: 0.0735 Acc: 0.9863
[Epoch 177/200] Train Loss: 0.0922 Acc: 0.9655 | Val Loss: 0.0908 Acc: 0.9589
[Epoch 178/200] Train Loss: 0.0909 Acc: 0.9621 | Val Loss: 0.0779 Acc: 0.9589
[Epoch 179/200] Train Loss: 0.0845 Acc: 0.9672 | Val Loss: 0.0778 Acc: 0.9589
[Epoch 180/200] Train Loss: 0.0907 Acc: 0.9672 | Val Loss: 0.0742 Acc: 0.9726
[Epoch 181/200] Train Loss: 0.0968 Acc: 0.9638 | Val Loss: 0.0887 Acc: 0.9589
[Epoch 182/200] Train Loss: 0.0896 Acc: 0.9741 | Val Loss: 0.0765 Acc: 0.9589
[Epoch 183/200] Train Loss: 0.0853 Acc: 0.9707 | Val Loss: 0.0792 Acc: 0.9726
[Epoch 184/200] Train Loss: 0.0988 Acc: 0.9586 | Val Loss: 0.0725 Acc: 0.9658
[Epoch 185/200] Train Loss: 0.0934 Acc: 0.9655 | Val Loss: 0.0901 Acc: 0.9658
[Epoch 186/200] Train Loss: 0.0953 Acc: 0.9603 | Val Loss: 0.0911 Acc: 0.9589
[Epoch 187/200] Train Loss: 0.0912 Acc: 0.9621 | Val Loss: 0.0719 Acc: 0.9726
[Epoch 188/200] Train Loss: 0.0833 Acc: 0.9690 | Val Loss: 0.0893 Acc: 0.9589
[Epoch 189/200] Train Loss: 0.0905 Acc: 0.9603 | Val Loss: 0.0853 Acc: 0.9795
[Epoch 190/200] Train Loss: 0.0827 Acc: 0.9707 | Val Loss: 0.0972 Acc: 0.9589
[Epoch 191/200] Train Loss: 0.0999 Acc: 0.9655 | Val Loss: 0.0776 Acc: 0.9795
[Epoch 192/200] Train Loss: 0.0828 Acc: 0.9672 | Val Loss: 0.0769 Acc: 0.9658
[Epoch 193/200] Train Loss: 0.0851 Acc: 0.9655 | Val Loss: 0.1017 Acc: 0.9658
[Epoch 194/200] Train Loss: 0.0906 Acc: 0.9690 | Val Loss: 0.0833 Acc: 0.9726
[Epoch 195/200] Train Loss: 0.0842 Acc: 0.9672 | Val Loss: 0.0908 Acc: 0.9658
[Epoch 196/200] Train Loss: 0.0882 Acc: 0.9690 | Val Loss: 0.0803 Acc: 0.9726
[Epoch 197/200] Train Loss: 0.0894 Acc: 0.9724 | Val Loss: 0.0690 Acc: 0.9658
[Epoch 198/200] Train Loss: 0.0871 Acc: 0.9724 | Val Loss: 0.0892 Acc: 0.9589
[Epoch 199/200] Train Loss: 0.0815 Acc: 0.9690 | Val Loss: 0.0693 Acc: 0.9589
[Epoch 200/200] Train Loss: 0.0942 Acc: 0.9638 | Val Loss: 0.0687 Acc: 0.9726
Training completed in 7.04 seconds.

+ Training model for task: BA_RIGHT_CLICK
label mapping: {'NONE': 0, 'RIGHT_PRESS': 1, 'RIGHT_RELEASE': 2}
dataset size: torch.Size([914, 5, 12]), torch.Size([914])
Dataset distribution:
> Train: Counter({np.int64(0): 539, np.int64(2): 102, np.int64(1): 90})
> Val:   Counter({np.int64(0): 135, np.int64(2): 25, np.int64(1): 23})
Using device: cpu
Start training with config: default
[Epoch 1/200] Train Loss: 0.9204 Acc: 0.7141 | Val Loss: 0.7169 Acc: 0.7377
[Epoch 2/200] Train Loss: 0.7054 Acc: 0.7373 | Val Loss: 0.6972 Acc: 0.7377
[Epoch 3/200] Train Loss: 0.6695 Acc: 0.7373 | Val Loss: 0.6578 Acc: 0.7377
[Epoch 4/200] Train Loss: 0.6163 Acc: 0.7373 | Val Loss: 0.6162 Acc: 0.7377
[Epoch 5/200] Train Loss: 0.5519 Acc: 0.7551 | Val Loss: 0.5600 Acc: 0.7596
[Epoch 6/200] Train Loss: 0.4912 Acc: 0.7962 | Val Loss: 0.5028 Acc: 0.8142
[Epoch 7/200] Train Loss: 0.4488 Acc: 0.8167 | Val Loss: 0.4641 Acc: 0.8142
[Epoch 8/200] Train Loss: 0.4118 Acc: 0.8235 | Val Loss: 0.4439 Acc: 0.8251
[Epoch 9/200] Train Loss: 0.3831 Acc: 0.8276 | Val Loss: 0.4163 Acc: 0.8415
[Epoch 10/200] Train Loss: 0.3625 Acc: 0.8331 | Val Loss: 0.4014 Acc: 0.8415
[Epoch 11/200] Train Loss: 0.3558 Acc: 0.8276 | Val Loss: 0.3912 Acc: 0.8415
[Epoch 12/200] Train Loss: 0.3469 Acc: 0.8413 | Val Loss: 0.3843 Acc: 0.8415
[Epoch 13/200] Train Loss: 0.3571 Acc: 0.8317 | Val Loss: 0.3914 Acc: 0.8142
[Epoch 14/200] Train Loss: 0.3368 Acc: 0.8386 | Val Loss: 0.3733 Acc: 0.8470
[Epoch 15/200] Train Loss: 0.3359 Acc: 0.8386 | Val Loss: 0.3717 Acc: 0.8306
[Epoch 16/200] Train Loss: 0.3297 Acc: 0.8591 | Val Loss: 0.3646 Acc: 0.8525
[Epoch 17/200] Train Loss: 0.3274 Acc: 0.8495 | Val Loss: 0.3576 Acc: 0.8689
[Epoch 18/200] Train Loss: 0.3210 Acc: 0.8495 | Val Loss: 0.3526 Acc: 0.8689
[Epoch 19/200] Train Loss: 0.3179 Acc: 0.8454 | Val Loss: 0.3499 Acc: 0.8743
[Epoch 20/200] Train Loss: 0.3120 Acc: 0.8550 | Val Loss: 0.3472 Acc: 0.8470
[Epoch 21/200] Train Loss: 0.3142 Acc: 0.8728 | Val Loss: 0.3416 Acc: 0.8852
[Epoch 22/200] Train Loss: 0.3119 Acc: 0.8769 | Val Loss: 0.3641 Acc: 0.8689
[Epoch 23/200] Train Loss: 0.3141 Acc: 0.8605 | Val Loss: 0.3657 Acc: 0.8689
[Epoch 24/200] Train Loss: 0.3206 Acc: 0.8769 | Val Loss: 0.3463 Acc: 0.8525
[Epoch 25/200] Train Loss: 0.3037 Acc: 0.8796 | Val Loss: 0.3333 Acc: 0.8798
[Epoch 26/200] Train Loss: 0.3239 Acc: 0.8851 | Val Loss: 0.3482 Acc: 0.8743
[Epoch 27/200] Train Loss: 0.3163 Acc: 0.8700 | Val Loss: 0.3312 Acc: 0.8798
[Epoch 28/200] Train Loss: 0.2989 Acc: 0.8919 | Val Loss: 0.3263 Acc: 0.8852
[Epoch 29/200] Train Loss: 0.2955 Acc: 0.8796 | Val Loss: 0.3384 Acc: 0.8798
[Epoch 30/200] Train Loss: 0.2976 Acc: 0.8878 | Val Loss: 0.3268 Acc: 0.9016
[Epoch 31/200] Train Loss: 0.2937 Acc: 0.8782 | Val Loss: 0.3252 Acc: 0.8852
[Epoch 32/200] Train Loss: 0.2879 Acc: 0.8960 | Val Loss: 0.3181 Acc: 0.8962
[Epoch 33/200] Train Loss: 0.2864 Acc: 0.8988 | Val Loss: 0.3174 Acc: 0.8743
[Epoch 34/200] Train Loss: 0.2872 Acc: 0.8933 | Val Loss: 0.3102 Acc: 0.8907
[Epoch 35/200] Train Loss: 0.2855 Acc: 0.9029 | Val Loss: 0.3216 Acc: 0.8689
[Epoch 36/200] Train Loss: 0.2876 Acc: 0.9029 | Val Loss: 0.3202 Acc: 0.8907
[Epoch 37/200] Train Loss: 0.2807 Acc: 0.9042 | Val Loss: 0.3053 Acc: 0.8907
[Epoch 38/200] Train Loss: 0.2753 Acc: 0.8933 | Val Loss: 0.2991 Acc: 0.8962
[Epoch 39/200] Train Loss: 0.2856 Acc: 0.8906 | Val Loss: 0.3283 Acc: 0.8852
[Epoch 40/200] Train Loss: 0.2794 Acc: 0.9001 | Val Loss: 0.2971 Acc: 0.8852
[Epoch 41/200] Train Loss: 0.2707 Acc: 0.9015 | Val Loss: 0.2980 Acc: 0.8689
[Epoch 42/200] Train Loss: 0.2722 Acc: 0.8988 | Val Loss: 0.2943 Acc: 0.8852
[Epoch 43/200] Train Loss: 0.2659 Acc: 0.9042 | Val Loss: 0.2897 Acc: 0.8907
[Epoch 44/200] Train Loss: 0.2626 Acc: 0.8919 | Val Loss: 0.2823 Acc: 0.9235
[Epoch 45/200] Train Loss: 0.2777 Acc: 0.9015 | Val Loss: 0.3380 Acc: 0.8798
[Epoch 46/200] Train Loss: 0.2867 Acc: 0.8933 | Val Loss: 0.2776 Acc: 0.9235
[Epoch 47/200] Train Loss: 0.2764 Acc: 0.9056 | Val Loss: 0.2837 Acc: 0.8852
[Epoch 48/200] Train Loss: 0.2673 Acc: 0.9001 | Val Loss: 0.2929 Acc: 0.8798
[Epoch 49/200] Train Loss: 0.2594 Acc: 0.9029 | Val Loss: 0.2684 Acc: 0.9126
[Epoch 50/200] Train Loss: 0.2597 Acc: 0.9111 | Val Loss: 0.3013 Acc: 0.8743
[Epoch 51/200] Train Loss: 0.2517 Acc: 0.9056 | Val Loss: 0.2643 Acc: 0.9235
[Epoch 52/200] Train Loss: 0.2504 Acc: 0.9083 | Val Loss: 0.2718 Acc: 0.9180
[Epoch 53/200] Train Loss: 0.2443 Acc: 0.9042 | Val Loss: 0.2584 Acc: 0.9290
[Epoch 54/200] Train Loss: 0.2387 Acc: 0.9152 | Val Loss: 0.2548 Acc: 0.9344
[Epoch 55/200] Train Loss: 0.2406 Acc: 0.9083 | Val Loss: 0.2507 Acc: 0.9344
[Epoch 56/200] Train Loss: 0.2382 Acc: 0.9138 | Val Loss: 0.2519 Acc: 0.9290
[Epoch 57/200] Train Loss: 0.2375 Acc: 0.9166 | Val Loss: 0.2971 Acc: 0.9126
[Epoch 58/200] Train Loss: 0.2529 Acc: 0.9111 | Val Loss: 0.2477 Acc: 0.9235
[Epoch 59/200] Train Loss: 0.2389 Acc: 0.9248 | Val Loss: 0.2477 Acc: 0.9399
[Epoch 60/200] Train Loss: 0.2199 Acc: 0.9289 | Val Loss: 0.3162 Acc: 0.8798
[Epoch 61/200] Train Loss: 0.2407 Acc: 0.9111 | Val Loss: 0.2466 Acc: 0.9290
[Epoch 62/200] Train Loss: 0.2282 Acc: 0.9234 | Val Loss: 0.2462 Acc: 0.9235
[Epoch 63/200] Train Loss: 0.2288 Acc: 0.9330 | Val Loss: 0.2515 Acc: 0.9126
[Epoch 64/200] Train Loss: 0.2176 Acc: 0.9289 | Val Loss: 0.2384 Acc: 0.9344
[Epoch 65/200] Train Loss: 0.2206 Acc: 0.9193 | Val Loss: 0.3192 Acc: 0.9016
[Epoch 66/200] Train Loss: 0.2288 Acc: 0.9289 | Val Loss: 0.2267 Acc: 0.9399
[Epoch 67/200] Train Loss: 0.2176 Acc: 0.9371 | Val Loss: 0.2400 Acc: 0.9126
[Epoch 68/200] Train Loss: 0.2074 Acc: 0.9316 | Val Loss: 0.2169 Acc: 0.9508
[Epoch 69/200] Train Loss: 0.2072 Acc: 0.9371 | Val Loss: 0.2160 Acc: 0.9508
[Epoch 70/200] Train Loss: 0.1939 Acc: 0.9371 | Val Loss: 0.2095 Acc: 0.9508
[Epoch 71/200] Train Loss: 0.1987 Acc: 0.9357 | Val Loss: 0.2083 Acc: 0.9454
[Epoch 72/200] Train Loss: 0.1930 Acc: 0.9384 | Val Loss: 0.2147 Acc: 0.9235
[Epoch 73/200] Train Loss: 0.1861 Acc: 0.9466 | Val Loss: 0.2023 Acc: 0.9508
[Epoch 74/200] Train Loss: 0.1876 Acc: 0.9371 | Val Loss: 0.2020 Acc: 0.9508
[Epoch 75/200] Train Loss: 0.2000 Acc: 0.9412 | Val Loss: 0.2260 Acc: 0.9344
[Epoch 76/200] Train Loss: 0.1885 Acc: 0.9412 | Val Loss: 0.2065 Acc: 0.9454
[Epoch 77/200] Train Loss: 0.1847 Acc: 0.9384 | Val Loss: 0.2243 Acc: 0.9344
[Epoch 78/200] Train Loss: 0.1816 Acc: 0.9412 | Val Loss: 0.2209 Acc: 0.9454
[Epoch 79/200] Train Loss: 0.1890 Acc: 0.9425 | Val Loss: 0.2455 Acc: 0.9235
[Epoch 80/200] Train Loss: 0.1983 Acc: 0.9412 | Val Loss: 0.2036 Acc: 0.9399
[Epoch 81/200] Train Loss: 0.1756 Acc: 0.9412 | Val Loss: 0.2112 Acc: 0.9454
[Epoch 82/200] Train Loss: 0.1719 Acc: 0.9521 | Val Loss: 0.2271 Acc: 0.9344
[Epoch 83/200] Train Loss: 0.1720 Acc: 0.9535 | Val Loss: 0.2090 Acc: 0.9454
[Epoch 84/200] Train Loss: 0.1647 Acc: 0.9466 | Val Loss: 0.1890 Acc: 0.9454
[Epoch 85/200] Train Loss: 0.1691 Acc: 0.9494 | Val Loss: 0.2460 Acc: 0.9180
[Epoch 86/200] Train Loss: 0.1653 Acc: 0.9412 | Val Loss: 0.2143 Acc: 0.9344
[Epoch 87/200] Train Loss: 0.1793 Acc: 0.9316 | Val Loss: 0.1751 Acc: 0.9563
[Epoch 88/200] Train Loss: 0.1830 Acc: 0.9398 | Val Loss: 0.1924 Acc: 0.9508
[Epoch 89/200] Train Loss: 0.1644 Acc: 0.9521 | Val Loss: 0.1722 Acc: 0.9563
[Epoch 90/200] Train Loss: 0.1566 Acc: 0.9562 | Val Loss: 0.1657 Acc: 0.9563
[Epoch 91/200] Train Loss: 0.1532 Acc: 0.9480 | Val Loss: 0.1713 Acc: 0.9563
[Epoch 92/200] Train Loss: 0.1547 Acc: 0.9535 | Val Loss: 0.1629 Acc: 0.9563
[Epoch 93/200] Train Loss: 0.1602 Acc: 0.9425 | Val Loss: 0.1640 Acc: 0.9508
[Epoch 94/200] Train Loss: 0.1597 Acc: 0.9439 | Val Loss: 0.1711 Acc: 0.9563
[Epoch 95/200] Train Loss: 0.1455 Acc: 0.9562 | Val Loss: 0.1767 Acc: 0.9508
[Epoch 96/200] Train Loss: 0.1481 Acc: 0.9535 | Val Loss: 0.1558 Acc: 0.9563
[Epoch 97/200] Train Loss: 0.1556 Acc: 0.9466 | Val Loss: 0.1548 Acc: 0.9563
[Epoch 98/200] Train Loss: 0.1403 Acc: 0.9535 | Val Loss: 0.1644 Acc: 0.9563
[Epoch 99/200] Train Loss: 0.1613 Acc: 0.9425 | Val Loss: 0.1528 Acc: 0.9563
[Epoch 100/200] Train Loss: 0.1389 Acc: 0.9576 | Val Loss: 0.2304 Acc: 0.9235
[Epoch 101/200] Train Loss: 0.1679 Acc: 0.9398 | Val Loss: 0.1564 Acc: 0.9563
[Epoch 102/200] Train Loss: 0.1347 Acc: 0.9480 | Val Loss: 0.1499 Acc: 0.9563
[Epoch 103/200] Train Loss: 0.1343 Acc: 0.9562 | Val Loss: 0.1564 Acc: 0.9563
[Epoch 104/200] Train Loss: 0.1420 Acc: 0.9508 | Val Loss: 0.1538 Acc: 0.9454
[Epoch 105/200] Train Loss: 0.1416 Acc: 0.9549 | Val Loss: 0.1498 Acc: 0.9563
[Epoch 106/200] Train Loss: 0.1352 Acc: 0.9617 | Val Loss: 0.1441 Acc: 0.9563
[Epoch 107/200] Train Loss: 0.1295 Acc: 0.9576 | Val Loss: 0.1740 Acc: 0.9508
[Epoch 108/200] Train Loss: 0.1542 Acc: 0.9480 | Val Loss: 0.1602 Acc: 0.9563
[Epoch 109/200] Train Loss: 0.1479 Acc: 0.9508 | Val Loss: 0.1475 Acc: 0.9617
[Epoch 110/200] Train Loss: 0.1423 Acc: 0.9562 | Val Loss: 0.1405 Acc: 0.9617
[Epoch 111/200] Train Loss: 0.1353 Acc: 0.9535 | Val Loss: 0.1527 Acc: 0.9563
[Epoch 112/200] Train Loss: 0.1310 Acc: 0.9603 | Val Loss: 0.1454 Acc: 0.9563
[Epoch 113/200] Train Loss: 0.1320 Acc: 0.9590 | Val Loss: 0.1398 Acc: 0.9617
[Epoch 114/200] Train Loss: 0.1318 Acc: 0.9576 | Val Loss: 0.1399 Acc: 0.9563
[Epoch 115/200] Train Loss: 0.1361 Acc: 0.9535 | Val Loss: 0.1629 Acc: 0.9563
[Epoch 116/200] Train Loss: 0.1323 Acc: 0.9576 | Val Loss: 0.1620 Acc: 0.9563
[Epoch 117/200] Train Loss: 0.1246 Acc: 0.9576 | Val Loss: 0.1482 Acc: 0.9563
[Epoch 118/200] Train Loss: 0.1420 Acc: 0.9494 | Val Loss: 0.1721 Acc: 0.9508
[Epoch 119/200] Train Loss: 0.1375 Acc: 0.9466 | Val Loss: 0.1412 Acc: 0.9617
[Epoch 120/200] Train Loss: 0.1201 Acc: 0.9603 | Val Loss: 0.1633 Acc: 0.9617
[Epoch 121/200] Train Loss: 0.1265 Acc: 0.9576 | Val Loss: 0.1351 Acc: 0.9617
[Epoch 122/200] Train Loss: 0.1327 Acc: 0.9590 | Val Loss: 0.1352 Acc: 0.9617
[Epoch 123/200] Train Loss: 0.1333 Acc: 0.9521 | Val Loss: 0.1801 Acc: 0.9508
[Epoch 124/200] Train Loss: 0.1303 Acc: 0.9562 | Val Loss: 0.1793 Acc: 0.9454
[Epoch 125/200] Train Loss: 0.1420 Acc: 0.9535 | Val Loss: 0.2350 Acc: 0.9344
[Epoch 126/200] Train Loss: 0.1403 Acc: 0.9508 | Val Loss: 0.2202 Acc: 0.9235
[Epoch 127/200] Train Loss: 0.1250 Acc: 0.9590 | Val Loss: 0.1572 Acc: 0.9454
[Epoch 128/200] Train Loss: 0.1319 Acc: 0.9603 | Val Loss: 0.1779 Acc: 0.9454
[Epoch 129/200] Train Loss: 0.1137 Acc: 0.9603 | Val Loss: 0.1383 Acc: 0.9563
[Epoch 130/200] Train Loss: 0.1163 Acc: 0.9631 | Val Loss: 0.1284 Acc: 0.9617
[Epoch 131/200] Train Loss: 0.1229 Acc: 0.9617 | Val Loss: 0.1610 Acc: 0.9508
[Epoch 132/200] Train Loss: 0.1185 Acc: 0.9603 | Val Loss: 0.1312 Acc: 0.9563
[Epoch 133/200] Train Loss: 0.1123 Acc: 0.9603 | Val Loss: 0.1323 Acc: 0.9617
[Epoch 134/200] Train Loss: 0.1200 Acc: 0.9576 | Val Loss: 0.1550 Acc: 0.9563
[Epoch 135/200] Train Loss: 0.1180 Acc: 0.9590 | Val Loss: 0.1931 Acc: 0.9399
[Epoch 136/200] Train Loss: 0.1308 Acc: 0.9562 | Val Loss: 0.1343 Acc: 0.9617
[Epoch 137/200] Train Loss: 0.1105 Acc: 0.9603 | Val Loss: 0.1259 Acc: 0.9617
[Epoch 138/200] Train Loss: 0.1193 Acc: 0.9590 | Val Loss: 0.1240 Acc: 0.9617
[Epoch 139/200] Train Loss: 0.1421 Acc: 0.9508 | Val Loss: 0.1400 Acc: 0.9563
[Epoch 140/200] Train Loss: 0.1086 Acc: 0.9631 | Val Loss: 0.1434 Acc: 0.9617
[Epoch 141/200] Train Loss: 0.1140 Acc: 0.9549 | Val Loss: 0.1322 Acc: 0.9617
[Epoch 142/200] Train Loss: 0.1123 Acc: 0.9617 | Val Loss: 0.1349 Acc: 0.9617
[Epoch 143/200] Train Loss: 0.1093 Acc: 0.9590 | Val Loss: 0.1325 Acc: 0.9563
[Epoch 144/200] Train Loss: 0.1072 Acc: 0.9603 | Val Loss: 0.1393 Acc: 0.9563
[Epoch 145/200] Train Loss: 0.1303 Acc: 0.9576 | Val Loss: 0.1358 Acc: 0.9617
[Epoch 146/200] Train Loss: 0.1261 Acc: 0.9480 | Val Loss: 0.1190 Acc: 0.9617
[Epoch 147/200] Train Loss: 0.1251 Acc: 0.9576 | Val Loss: 0.1465 Acc: 0.9563
[Epoch 148/200] Train Loss: 0.1082 Acc: 0.9603 | Val Loss: 0.1263 Acc: 0.9617
[Epoch 149/200] Train Loss: 0.1136 Acc: 0.9590 | Val Loss: 0.1201 Acc: 0.9672
[Epoch 150/200] Train Loss: 0.1031 Acc: 0.9658 | Val Loss: 0.1178 Acc: 0.9617
[Epoch 151/200] Train Loss: 0.1073 Acc: 0.9590 | Val Loss: 0.1149 Acc: 0.9617
[Epoch 152/200] Train Loss: 0.1020 Acc: 0.9603 | Val Loss: 0.1270 Acc: 0.9617
[Epoch 153/200] Train Loss: 0.1098 Acc: 0.9603 | Val Loss: 0.1318 Acc: 0.9617
[Epoch 154/200] Train Loss: 0.1347 Acc: 0.9494 | Val Loss: 0.1350 Acc: 0.9672
[Epoch 155/200] Train Loss: 0.1073 Acc: 0.9672 | Val Loss: 0.1234 Acc: 0.9617
[Epoch 156/200] Train Loss: 0.1006 Acc: 0.9644 | Val Loss: 0.1191 Acc: 0.9617
[Epoch 157/200] Train Loss: 0.1071 Acc: 0.9672 | Val Loss: 0.1170 Acc: 0.9617
[Epoch 158/200] Train Loss: 0.1055 Acc: 0.9603 | Val Loss: 0.1129 Acc: 0.9617
[Epoch 159/200] Train Loss: 0.0985 Acc: 0.9658 | Val Loss: 0.1320 Acc: 0.9508
[Epoch 160/200] Train Loss: 0.1206 Acc: 0.9480 | Val Loss: 0.1224 Acc: 0.9727
[Epoch 161/200] Train Loss: 0.1019 Acc: 0.9631 | Val Loss: 0.1175 Acc: 0.9563
[Epoch 162/200] Train Loss: 0.0981 Acc: 0.9644 | Val Loss: 0.1126 Acc: 0.9617
[Epoch 163/200] Train Loss: 0.1062 Acc: 0.9672 | Val Loss: 0.1277 Acc: 0.9563
[Epoch 164/200] Train Loss: 0.1000 Acc: 0.9672 | Val Loss: 0.1351 Acc: 0.9454
[Epoch 165/200] Train Loss: 0.1074 Acc: 0.9631 | Val Loss: 0.1293 Acc: 0.9617
[Epoch 166/200] Train Loss: 0.0987 Acc: 0.9658 | Val Loss: 0.1294 Acc: 0.9617
[Epoch 167/200] Train Loss: 0.1006 Acc: 0.9672 | Val Loss: 0.1093 Acc: 0.9672
[Epoch 168/200] Train Loss: 0.0975 Acc: 0.9644 | Val Loss: 0.1275 Acc: 0.9617
[Epoch 169/200] Train Loss: 0.0938 Acc: 0.9658 | Val Loss: 0.1149 Acc: 0.9617
[Epoch 170/200] Train Loss: 0.0963 Acc: 0.9631 | Val Loss: 0.1151 Acc: 0.9617
[Epoch 171/200] Train Loss: 0.0954 Acc: 0.9685 | Val Loss: 0.1152 Acc: 0.9727
[Epoch 172/200] Train Loss: 0.0961 Acc: 0.9576 | Val Loss: 0.1140 Acc: 0.9617
[Epoch 173/200] Train Loss: 0.1032 Acc: 0.9658 | Val Loss: 0.1127 Acc: 0.9672
[Epoch 174/200] Train Loss: 0.1084 Acc: 0.9603 | Val Loss: 0.1132 Acc: 0.9672
[Epoch 175/200] Train Loss: 0.1108 Acc: 0.9644 | Val Loss: 0.1461 Acc: 0.9563
[Epoch 176/200] Train Loss: 0.0994 Acc: 0.9672 | Val Loss: 0.1112 Acc: 0.9672
[Epoch 177/200] Train Loss: 0.0978 Acc: 0.9631 | Val Loss: 0.1315 Acc: 0.9508
[Epoch 178/200] Train Loss: 0.1074 Acc: 0.9549 | Val Loss: 0.1089 Acc: 0.9672
[Epoch 179/200] Train Loss: 0.0969 Acc: 0.9644 | Val Loss: 0.1059 Acc: 0.9672
[Epoch 180/200] Train Loss: 0.0949 Acc: 0.9617 | Val Loss: 0.1247 Acc: 0.9563
[Epoch 181/200] Train Loss: 0.1052 Acc: 0.9644 | Val Loss: 0.1086 Acc: 0.9672
[Epoch 182/200] Train Loss: 0.0917 Acc: 0.9713 | Val Loss: 0.1236 Acc: 0.9617
[Epoch 183/200] Train Loss: 0.0954 Acc: 0.9644 | Val Loss: 0.1095 Acc: 0.9672
[Epoch 184/200] Train Loss: 0.0957 Acc: 0.9644 | Val Loss: 0.1194 Acc: 0.9563
[Epoch 185/200] Train Loss: 0.1071 Acc: 0.9590 | Val Loss: 0.1222 Acc: 0.9563
[Epoch 186/200] Train Loss: 0.0954 Acc: 0.9685 | Val Loss: 0.1297 Acc: 0.9617
[Epoch 187/200] Train Loss: 0.0993 Acc: 0.9644 | Val Loss: 0.1807 Acc: 0.9454
[Epoch 188/200] Train Loss: 0.1059 Acc: 0.9617 | Val Loss: 0.1270 Acc: 0.9563
[Epoch 189/200] Train Loss: 0.1090 Acc: 0.9644 | Val Loss: 0.1207 Acc: 0.9617
[Epoch 190/200] Train Loss: 0.0964 Acc: 0.9644 | Val Loss: 0.1226 Acc: 0.9617
[Epoch 191/200] Train Loss: 0.0946 Acc: 0.9685 | Val Loss: 0.1027 Acc: 0.9672
[Epoch 192/200] Train Loss: 0.0929 Acc: 0.9672 | Val Loss: 0.1065 Acc: 0.9617
[Epoch 193/200] Train Loss: 0.1060 Acc: 0.9631 | Val Loss: 0.1011 Acc: 0.9727
[Epoch 194/200] Train Loss: 0.0848 Acc: 0.9713 | Val Loss: 0.1102 Acc: 0.9617
[Epoch 195/200] Train Loss: 0.1088 Acc: 0.9590 | Val Loss: 0.1424 Acc: 0.9508
[Epoch 196/200] Train Loss: 0.1033 Acc: 0.9617 | Val Loss: 0.1036 Acc: 0.9617
[Epoch 197/200] Train Loss: 0.1023 Acc: 0.9644 | Val Loss: 0.1531 Acc: 0.9454
[Epoch 198/200] Train Loss: 0.1021 Acc: 0.9617 | Val Loss: 0.1091 Acc: 0.9617
[Epoch 199/200] Train Loss: 0.0930 Acc: 0.9631 | Val Loss: 0.1087 Acc: 0.9672
[Epoch 200/200] Train Loss: 0.0934 Acc: 0.9603 | Val Loss: 0.1282 Acc: 0.9617
Training completed in 8.67 seconds.

+ Training model for task: BA_SCROLL
label mapping: {'NONE': 0, 'SCROLL_DOWN': 1, 'SCROLL_UP': 2}
dataset size: torch.Size([887, 5, 12]), torch.Size([887])
Dataset distribution:
> Train: Counter({np.int64(1): 244, np.int64(2): 235, np.int64(0): 230})
> Val:   Counter({np.int64(1): 61, np.int64(2): 59, np.int64(0): 58})
Using device: cpu
Start training with config: default
[Epoch 1/200] Train Loss: 1.0951 Acc: 0.3441 | Val Loss: 1.0850 Acc: 0.3427
[Epoch 2/200] Train Loss: 1.0737 Acc: 0.4006 | Val Loss: 1.0506 Acc: 0.3820
[Epoch 3/200] Train Loss: 1.0226 Acc: 0.4654 | Val Loss: 0.9677 Acc: 0.6461
[Epoch 4/200] Train Loss: 0.9313 Acc: 0.5557 | Val Loss: 0.8532 Acc: 0.5787
[Epoch 5/200] Train Loss: 0.8105 Acc: 0.6403 | Val Loss: 0.7952 Acc: 0.6124
[Epoch 6/200] Train Loss: 0.7369 Acc: 0.6488 | Val Loss: 0.6951 Acc: 0.6573
[Epoch 7/200] Train Loss: 0.6814 Acc: 0.6996 | Val Loss: 0.6582 Acc: 0.6742
[Epoch 8/200] Train Loss: 0.6461 Acc: 0.7080 | Val Loss: 0.6291 Acc: 0.7079
[Epoch 9/200] Train Loss: 0.6306 Acc: 0.6953 | Val Loss: 0.6242 Acc: 0.7191
[Epoch 10/200] Train Loss: 0.6272 Acc: 0.7052 | Val Loss: 0.6450 Acc: 0.6910
[Epoch 11/200] Train Loss: 0.5932 Acc: 0.7433 | Val Loss: 0.5810 Acc: 0.7584
[Epoch 12/200] Train Loss: 0.5686 Acc: 0.7645 | Val Loss: 0.5739 Acc: 0.7247
[Epoch 13/200] Train Loss: 0.5706 Acc: 0.7645 | Val Loss: 0.5701 Acc: 0.7809
[Epoch 14/200] Train Loss: 0.5417 Acc: 0.7913 | Val Loss: 0.5390 Acc: 0.7753
[Epoch 15/200] Train Loss: 0.5622 Acc: 0.7800 | Val Loss: 0.5441 Acc: 0.7753
[Epoch 16/200] Train Loss: 0.5199 Acc: 0.8138 | Val Loss: 0.5070 Acc: 0.8090
[Epoch 17/200] Train Loss: 0.5148 Acc: 0.7955 | Val Loss: 0.4925 Acc: 0.8258
[Epoch 18/200] Train Loss: 0.4662 Acc: 0.8505 | Val Loss: 0.4691 Acc: 0.8315
[Epoch 19/200] Train Loss: 0.4502 Acc: 0.8632 | Val Loss: 0.4496 Acc: 0.8483
[Epoch 20/200] Train Loss: 0.4376 Acc: 0.8914 | Val Loss: 0.4250 Acc: 0.8652
[Epoch 21/200] Train Loss: 0.4086 Acc: 0.8999 | Val Loss: 0.4150 Acc: 0.8708
[Epoch 22/200] Train Loss: 0.3860 Acc: 0.8999 | Val Loss: 0.3915 Acc: 0.8933
[Epoch 23/200] Train Loss: 0.3762 Acc: 0.8858 | Val Loss: 0.3845 Acc: 0.8989
[Epoch 24/200] Train Loss: 0.3515 Acc: 0.9182 | Val Loss: 0.3545 Acc: 0.8764
[Epoch 25/200] Train Loss: 0.3521 Acc: 0.8942 | Val Loss: 0.3519 Acc: 0.8933
[Epoch 26/200] Train Loss: 0.3203 Acc: 0.9111 | Val Loss: 0.3421 Acc: 0.8652
[Epoch 27/200] Train Loss: 0.3032 Acc: 0.9182 | Val Loss: 0.3202 Acc: 0.9270
[Epoch 28/200] Train Loss: 0.2892 Acc: 0.9182 | Val Loss: 0.3667 Acc: 0.8596
[Epoch 29/200] Train Loss: 0.2818 Acc: 0.9252 | Val Loss: 0.2864 Acc: 0.9213
[Epoch 30/200] Train Loss: 0.2631 Acc: 0.9309 | Val Loss: 0.3001 Acc: 0.9270
[Epoch 31/200] Train Loss: 0.2641 Acc: 0.9210 | Val Loss: 0.2732 Acc: 0.9270
[Epoch 32/200] Train Loss: 0.2627 Acc: 0.9252 | Val Loss: 0.2709 Acc: 0.9382
[Epoch 33/200] Train Loss: 0.2478 Acc: 0.9295 | Val Loss: 0.2497 Acc: 0.9101
[Epoch 34/200] Train Loss: 0.2334 Acc: 0.9408 | Val Loss: 0.2583 Acc: 0.9270
[Epoch 35/200] Train Loss: 0.2212 Acc: 0.9422 | Val Loss: 0.2711 Acc: 0.8876
[Epoch 36/200] Train Loss: 0.2236 Acc: 0.9323 | Val Loss: 0.2539 Acc: 0.9326
[Epoch 37/200] Train Loss: 0.2402 Acc: 0.9267 | Val Loss: 0.2808 Acc: 0.8596
[Epoch 38/200] Train Loss: 0.2409 Acc: 0.9168 | Val Loss: 0.2708 Acc: 0.9326
[Epoch 39/200] Train Loss: 0.2117 Acc: 0.9379 | Val Loss: 0.2460 Acc: 0.8820
[Epoch 40/200] Train Loss: 0.2081 Acc: 0.9351 | Val Loss: 0.2233 Acc: 0.9270
[Epoch 41/200] Train Loss: 0.2007 Acc: 0.9351 | Val Loss: 0.2609 Acc: 0.9045
[Epoch 42/200] Train Loss: 0.2120 Acc: 0.9238 | Val Loss: 0.2422 Acc: 0.9326
[Epoch 43/200] Train Loss: 0.2016 Acc: 0.9309 | Val Loss: 0.2106 Acc: 0.9157
[Epoch 44/200] Train Loss: 0.1896 Acc: 0.9394 | Val Loss: 0.2394 Acc: 0.9326
[Epoch 45/200] Train Loss: 0.2263 Acc: 0.9154 | Val Loss: 0.2301 Acc: 0.9157
[Epoch 46/200] Train Loss: 0.1839 Acc: 0.9464 | Val Loss: 0.2094 Acc: 0.9213
[Epoch 47/200] Train Loss: 0.1910 Acc: 0.9394 | Val Loss: 0.2076 Acc: 0.9270
[Epoch 48/200] Train Loss: 0.1928 Acc: 0.9323 | Val Loss: 0.2125 Acc: 0.9157
[Epoch 49/200] Train Loss: 0.1872 Acc: 0.9450 | Val Loss: 0.2125 Acc: 0.9382
[Epoch 50/200] Train Loss: 0.1870 Acc: 0.9394 | Val Loss: 0.2037 Acc: 0.9213
[Epoch 51/200] Train Loss: 0.2008 Acc: 0.9224 | Val Loss: 0.2033 Acc: 0.9438
[Epoch 52/200] Train Loss: 0.2141 Acc: 0.9267 | Val Loss: 0.3268 Acc: 0.9101
[Epoch 53/200] Train Loss: 0.2255 Acc: 0.9196 | Val Loss: 0.2290 Acc: 0.9270
[Epoch 54/200] Train Loss: 0.2174 Acc: 0.9097 | Val Loss: 0.2674 Acc: 0.8876
[Epoch 55/200] Train Loss: 0.1765 Acc: 0.9394 | Val Loss: 0.1919 Acc: 0.9382
[Epoch 56/200] Train Loss: 0.1669 Acc: 0.9464 | Val Loss: 0.2077 Acc: 0.9326
[Epoch 57/200] Train Loss: 0.1734 Acc: 0.9337 | Val Loss: 0.1890 Acc: 0.9382
[Epoch 58/200] Train Loss: 0.1665 Acc: 0.9520 | Val Loss: 0.2175 Acc: 0.9270
[Epoch 59/200] Train Loss: 0.1664 Acc: 0.9408 | Val Loss: 0.2130 Acc: 0.9045
[Epoch 60/200] Train Loss: 0.1794 Acc: 0.9422 | Val Loss: 0.1911 Acc: 0.9326
[Epoch 61/200] Train Loss: 0.1704 Acc: 0.9408 | Val Loss: 0.1936 Acc: 0.9326
[Epoch 62/200] Train Loss: 0.1703 Acc: 0.9394 | Val Loss: 0.1898 Acc: 0.9326
[Epoch 63/200] Train Loss: 0.1800 Acc: 0.9323 | Val Loss: 0.1921 Acc: 0.9382
[Epoch 64/200] Train Loss: 0.1723 Acc: 0.9408 | Val Loss: 0.1903 Acc: 0.9382
[Epoch 65/200] Train Loss: 0.1725 Acc: 0.9394 | Val Loss: 0.1979 Acc: 0.9213
[Epoch 66/200] Train Loss: 0.1609 Acc: 0.9464 | Val Loss: 0.2336 Acc: 0.9045
[Epoch 67/200] Train Loss: 0.1645 Acc: 0.9436 | Val Loss: 0.1912 Acc: 0.9382
[Epoch 68/200] Train Loss: 0.1678 Acc: 0.9394 | Val Loss: 0.1837 Acc: 0.9326
[Epoch 69/200] Train Loss: 0.1559 Acc: 0.9492 | Val Loss: 0.1736 Acc: 0.9438
[Epoch 70/200] Train Loss: 0.1557 Acc: 0.9464 | Val Loss: 0.1955 Acc: 0.9270
[Epoch 71/200] Train Loss: 0.1530 Acc: 0.9506 | Val Loss: 0.1905 Acc: 0.9213
[Epoch 72/200] Train Loss: 0.1618 Acc: 0.9464 | Val Loss: 0.1970 Acc: 0.9382
[Epoch 73/200] Train Loss: 0.1613 Acc: 0.9492 | Val Loss: 0.1973 Acc: 0.9270
[Epoch 74/200] Train Loss: 0.1486 Acc: 0.9520 | Val Loss: 0.2082 Acc: 0.9157
[Epoch 75/200] Train Loss: 0.1457 Acc: 0.9535 | Val Loss: 0.2249 Acc: 0.9157
[Epoch 76/200] Train Loss: 0.1509 Acc: 0.9492 | Val Loss: 0.1918 Acc: 0.9326
[Epoch 77/200] Train Loss: 0.1585 Acc: 0.9492 | Val Loss: 0.1691 Acc: 0.9382
[Epoch 78/200] Train Loss: 0.1431 Acc: 0.9492 | Val Loss: 0.1859 Acc: 0.9438
[Epoch 79/200] Train Loss: 0.1427 Acc: 0.9520 | Val Loss: 0.2160 Acc: 0.9157
[Epoch 80/200] Train Loss: 0.2157 Acc: 0.9238 | Val Loss: 0.1682 Acc: 0.9326
[Epoch 81/200] Train Loss: 0.1552 Acc: 0.9464 | Val Loss: 0.1740 Acc: 0.9382
[Epoch 82/200] Train Loss: 0.1511 Acc: 0.9478 | Val Loss: 0.1787 Acc: 0.9270
[Epoch 83/200] Train Loss: 0.1429 Acc: 0.9464 | Val Loss: 0.1739 Acc: 0.9382
[Epoch 84/200] Train Loss: 0.1571 Acc: 0.9408 | Val Loss: 0.1719 Acc: 0.9382
[Epoch 85/200] Train Loss: 0.1524 Acc: 0.9422 | Val Loss: 0.1994 Acc: 0.9438
[Epoch 86/200] Train Loss: 0.1508 Acc: 0.9535 | Val Loss: 0.2364 Acc: 0.9213
[Epoch 87/200] Train Loss: 0.1626 Acc: 0.9422 | Val Loss: 0.1752 Acc: 0.9326
[Epoch 88/200] Train Loss: 0.1413 Acc: 0.9535 | Val Loss: 0.1782 Acc: 0.9382
[Epoch 89/200] Train Loss: 0.1638 Acc: 0.9379 | Val Loss: 0.2465 Acc: 0.8876
[Epoch 90/200] Train Loss: 0.2028 Acc: 0.9182 | Val Loss: 0.1787 Acc: 0.9438
[Epoch 91/200] Train Loss: 0.1744 Acc: 0.9267 | Val Loss: 0.1711 Acc: 0.9438
[Epoch 92/200] Train Loss: 0.1394 Acc: 0.9520 | Val Loss: 0.1739 Acc: 0.9438
[Epoch 93/200] Train Loss: 0.1480 Acc: 0.9492 | Val Loss: 0.1955 Acc: 0.9326
[Epoch 94/200] Train Loss: 0.1464 Acc: 0.9506 | Val Loss: 0.1823 Acc: 0.9270
[Epoch 95/200] Train Loss: 0.1420 Acc: 0.9520 | Val Loss: 0.1642 Acc: 0.9438
[Epoch 96/200] Train Loss: 0.1453 Acc: 0.9450 | Val Loss: 0.1913 Acc: 0.9326
[Epoch 97/200] Train Loss: 0.1551 Acc: 0.9408 | Val Loss: 0.2497 Acc: 0.9326
[Epoch 98/200] Train Loss: 0.1688 Acc: 0.9309 | Val Loss: 0.2011 Acc: 0.9326
[Epoch 99/200] Train Loss: 0.1354 Acc: 0.9549 | Val Loss: 0.1659 Acc: 0.9382
[Epoch 100/200] Train Loss: 0.1565 Acc: 0.9309 | Val Loss: 0.2155 Acc: 0.9101
[Epoch 101/200] Train Loss: 0.1539 Acc: 0.9436 | Val Loss: 0.2291 Acc: 0.9438
[Epoch 102/200] Train Loss: 0.1431 Acc: 0.9506 | Val Loss: 0.1695 Acc: 0.9494
[Epoch 103/200] Train Loss: 0.1290 Acc: 0.9563 | Val Loss: 0.1788 Acc: 0.9270
[Epoch 104/200] Train Loss: 0.1469 Acc: 0.9450 | Val Loss: 0.1632 Acc: 0.9382
[Epoch 105/200] Train Loss: 0.1480 Acc: 0.9379 | Val Loss: 0.1942 Acc: 0.9270
[Epoch 106/200] Train Loss: 0.1312 Acc: 0.9535 | Val Loss: 0.2110 Acc: 0.9326
[Epoch 107/200] Train Loss: 0.1471 Acc: 0.9450 | Val Loss: 0.1750 Acc: 0.9438
[Epoch 108/200] Train Loss: 0.1353 Acc: 0.9535 | Val Loss: 0.1954 Acc: 0.9326
[Epoch 109/200] Train Loss: 0.1367 Acc: 0.9478 | Val Loss: 0.1822 Acc: 0.9382
[Epoch 110/200] Train Loss: 0.1263 Acc: 0.9535 | Val Loss: 0.1712 Acc: 0.9326
[Epoch 111/200] Train Loss: 0.1456 Acc: 0.9436 | Val Loss: 0.1921 Acc: 0.9438
[Epoch 112/200] Train Loss: 0.1409 Acc: 0.9492 | Val Loss: 0.1838 Acc: 0.9326
[Epoch 113/200] Train Loss: 0.1251 Acc: 0.9506 | Val Loss: 0.1891 Acc: 0.9213
[Epoch 114/200] Train Loss: 0.1517 Acc: 0.9379 | Val Loss: 0.2291 Acc: 0.9326
[Epoch 115/200] Train Loss: 0.1309 Acc: 0.9506 | Val Loss: 0.1939 Acc: 0.9326
[Epoch 116/200] Train Loss: 0.1415 Acc: 0.9506 | Val Loss: 0.1928 Acc: 0.9382
[Epoch 117/200] Train Loss: 0.1270 Acc: 0.9577 | Val Loss: 0.1683 Acc: 0.9326
[Epoch 118/200] Train Loss: 0.1235 Acc: 0.9577 | Val Loss: 0.1506 Acc: 0.9438
[Epoch 119/200] Train Loss: 0.1226 Acc: 0.9563 | Val Loss: 0.2024 Acc: 0.9270
[Epoch 120/200] Train Loss: 0.1202 Acc: 0.9577 | Val Loss: 0.1807 Acc: 0.9213
[Epoch 121/200] Train Loss: 0.1194 Acc: 0.9506 | Val Loss: 0.1926 Acc: 0.9157
[Epoch 122/200] Train Loss: 0.1378 Acc: 0.9436 | Val Loss: 0.1487 Acc: 0.9438
[Epoch 123/200] Train Loss: 0.1239 Acc: 0.9520 | Val Loss: 0.2901 Acc: 0.8708
[Epoch 124/200] Train Loss: 0.1523 Acc: 0.9408 | Val Loss: 0.1809 Acc: 0.9438
[Epoch 125/200] Train Loss: 0.1357 Acc: 0.9506 | Val Loss: 0.2037 Acc: 0.9326
[Epoch 126/200] Train Loss: 0.1471 Acc: 0.9450 | Val Loss: 0.2393 Acc: 0.9326
[Epoch 127/200] Train Loss: 0.1274 Acc: 0.9492 | Val Loss: 0.2089 Acc: 0.9382
[Epoch 128/200] Train Loss: 0.1375 Acc: 0.9436 | Val Loss: 0.1744 Acc: 0.9382
[Epoch 129/200] Train Loss: 0.1186 Acc: 0.9605 | Val Loss: 0.1827 Acc: 0.9438
[Epoch 130/200] Train Loss: 0.1226 Acc: 0.9492 | Val Loss: 0.1889 Acc: 0.9270
[Epoch 131/200] Train Loss: 0.1704 Acc: 0.9337 | Val Loss: 0.1901 Acc: 0.9157
[Epoch 132/200] Train Loss: 0.1341 Acc: 0.9506 | Val Loss: 0.1732 Acc: 0.9382
[Epoch 133/200] Train Loss: 0.1187 Acc: 0.9577 | Val Loss: 0.2222 Acc: 0.9270
[Epoch 134/200] Train Loss: 0.1238 Acc: 0.9520 | Val Loss: 0.1570 Acc: 0.9438
[Epoch 135/200] Train Loss: 0.1261 Acc: 0.9535 | Val Loss: 0.1383 Acc: 0.9494
[Epoch 136/200] Train Loss: 0.1164 Acc: 0.9591 | Val Loss: 0.1481 Acc: 0.9382
[Epoch 137/200] Train Loss: 0.1119 Acc: 0.9619 | Val Loss: 0.1531 Acc: 0.9438
[Epoch 138/200] Train Loss: 0.1345 Acc: 0.9563 | Val Loss: 0.1535 Acc: 0.9326
[Epoch 139/200] Train Loss: 0.1264 Acc: 0.9506 | Val Loss: 0.2001 Acc: 0.9213
[Epoch 140/200] Train Loss: 0.1320 Acc: 0.9520 | Val Loss: 0.1700 Acc: 0.9438
[Epoch 141/200] Train Loss: 0.1212 Acc: 0.9506 | Val Loss: 0.1864 Acc: 0.9382
[Epoch 142/200] Train Loss: 0.1210 Acc: 0.9520 | Val Loss: 0.1625 Acc: 0.9326
[Epoch 143/200] Train Loss: 0.1181 Acc: 0.9619 | Val Loss: 0.2218 Acc: 0.9438
[Epoch 144/200] Train Loss: 0.1177 Acc: 0.9591 | Val Loss: 0.1696 Acc: 0.9382
[Epoch 145/200] Train Loss: 0.1323 Acc: 0.9605 | Val Loss: 0.1496 Acc: 0.9382
[Epoch 146/200] Train Loss: 0.1105 Acc: 0.9591 | Val Loss: 0.1397 Acc: 0.9438
[Epoch 147/200] Train Loss: 0.1263 Acc: 0.9577 | Val Loss: 0.1495 Acc: 0.9326
[Epoch 148/200] Train Loss: 0.1351 Acc: 0.9535 | Val Loss: 0.2192 Acc: 0.9213
[Epoch 149/200] Train Loss: 0.1287 Acc: 0.9506 | Val Loss: 0.1595 Acc: 0.9326
[Epoch 150/200] Train Loss: 0.1112 Acc: 0.9591 | Val Loss: 0.1737 Acc: 0.9438
[Epoch 151/200] Train Loss: 0.1092 Acc: 0.9633 | Val Loss: 0.1887 Acc: 0.9438
[Epoch 152/200] Train Loss: 0.1117 Acc: 0.9619 | Val Loss: 0.1460 Acc: 0.9438
[Epoch 153/200] Train Loss: 0.1145 Acc: 0.9577 | Val Loss: 0.1459 Acc: 0.9382
[Epoch 154/200] Train Loss: 0.1232 Acc: 0.9506 | Val Loss: 0.1482 Acc: 0.9438
[Epoch 155/200] Train Loss: 0.1086 Acc: 0.9647 | Val Loss: 0.1483 Acc: 0.9382
[Epoch 156/200] Train Loss: 0.1127 Acc: 0.9633 | Val Loss: 0.2090 Acc: 0.9213
[Epoch 157/200] Train Loss: 0.1096 Acc: 0.9577 | Val Loss: 0.1566 Acc: 0.9270
[Epoch 158/200] Train Loss: 0.1046 Acc: 0.9647 | Val Loss: 0.1431 Acc: 0.9438
[Epoch 159/200] Train Loss: 0.1235 Acc: 0.9591 | Val Loss: 0.1852 Acc: 0.9213
[Epoch 160/200] Train Loss: 0.1140 Acc: 0.9577 | Val Loss: 0.1495 Acc: 0.9438
[Epoch 161/200] Train Loss: 0.1124 Acc: 0.9577 | Val Loss: 0.1559 Acc: 0.9494
[Epoch 162/200] Train Loss: 0.1026 Acc: 0.9690 | Val Loss: 0.1943 Acc: 0.9045
[Epoch 163/200] Train Loss: 0.1140 Acc: 0.9647 | Val Loss: 0.2010 Acc: 0.9326
[Epoch 164/200] Train Loss: 0.1128 Acc: 0.9577 | Val Loss: 0.1610 Acc: 0.9438
[Epoch 165/200] Train Loss: 0.1040 Acc: 0.9690 | Val Loss: 0.1528 Acc: 0.9326
[Epoch 166/200] Train Loss: 0.1095 Acc: 0.9563 | Val Loss: 0.1495 Acc: 0.9438
[Epoch 167/200] Train Loss: 0.1024 Acc: 0.9591 | Val Loss: 0.1356 Acc: 0.9382
[Epoch 168/200] Train Loss: 0.1080 Acc: 0.9577 | Val Loss: 0.1726 Acc: 0.9270
[Epoch 169/200] Train Loss: 0.1106 Acc: 0.9633 | Val Loss: 0.1868 Acc: 0.9326
[Epoch 170/200] Train Loss: 0.1327 Acc: 0.9506 | Val Loss: 0.1695 Acc: 0.9270
[Epoch 171/200] Train Loss: 0.1027 Acc: 0.9647 | Val Loss: 0.2005 Acc: 0.9045
[Epoch 172/200] Train Loss: 0.1078 Acc: 0.9661 | Val Loss: 0.1517 Acc: 0.9326
[Epoch 173/200] Train Loss: 0.1101 Acc: 0.9591 | Val Loss: 0.1618 Acc: 0.9382
[Epoch 174/200] Train Loss: 0.1040 Acc: 0.9577 | Val Loss: 0.1410 Acc: 0.9326
[Epoch 175/200] Train Loss: 0.1189 Acc: 0.9506 | Val Loss: 0.2034 Acc: 0.9213
[Epoch 176/200] Train Loss: 0.1172 Acc: 0.9535 | Val Loss: 0.1723 Acc: 0.9326
[Epoch 177/200] Train Loss: 0.1431 Acc: 0.9394 | Val Loss: 0.2020 Acc: 0.9045
[Epoch 178/200] Train Loss: 0.1108 Acc: 0.9577 | Val Loss: 0.1464 Acc: 0.9438
[Epoch 179/200] Train Loss: 0.1097 Acc: 0.9605 | Val Loss: 0.1453 Acc: 0.9438
[Epoch 180/200] Train Loss: 0.1013 Acc: 0.9619 | Val Loss: 0.1382 Acc: 0.9438
[Epoch 181/200] Train Loss: 0.0991 Acc: 0.9605 | Val Loss: 0.1325 Acc: 0.9494
[Epoch 182/200] Train Loss: 0.1008 Acc: 0.9619 | Val Loss: 0.1352 Acc: 0.9494
[Epoch 183/200] Train Loss: 0.1073 Acc: 0.9563 | Val Loss: 0.1404 Acc: 0.9438
[Epoch 184/200] Train Loss: 0.1064 Acc: 0.9577 | Val Loss: 0.1396 Acc: 0.9494
[Epoch 185/200] Train Loss: 0.1255 Acc: 0.9520 | Val Loss: 0.2289 Acc: 0.8989
[Epoch 186/200] Train Loss: 0.1203 Acc: 0.9535 | Val Loss: 0.1421 Acc: 0.9494
[Epoch 187/200] Train Loss: 0.1081 Acc: 0.9563 | Val Loss: 0.1602 Acc: 0.9382
[Epoch 188/200] Train Loss: 0.0949 Acc: 0.9690 | Val Loss: 0.1475 Acc: 0.9382
[Epoch 189/200] Train Loss: 0.0972 Acc: 0.9647 | Val Loss: 0.1424 Acc: 0.9382
[Epoch 190/200] Train Loss: 0.0974 Acc: 0.9633 | Val Loss: 0.1454 Acc: 0.9494
[Epoch 191/200] Train Loss: 0.0946 Acc: 0.9633 | Val Loss: 0.1358 Acc: 0.9494
[Epoch 192/200] Train Loss: 0.1011 Acc: 0.9690 | Val Loss: 0.1221 Acc: 0.9551
[Epoch 193/200] Train Loss: 0.1182 Acc: 0.9535 | Val Loss: 0.1403 Acc: 0.9326
[Epoch 194/200] Train Loss: 0.1613 Acc: 0.9394 | Val Loss: 0.2357 Acc: 0.9213
[Epoch 195/200] Train Loss: 0.1402 Acc: 0.9450 | Val Loss: 0.1359 Acc: 0.9438
[Epoch 196/200] Train Loss: 0.1086 Acc: 0.9633 | Val Loss: 0.1863 Acc: 0.9438
[Epoch 197/200] Train Loss: 0.1171 Acc: 0.9506 | Val Loss: 0.1988 Acc: 0.9326
[Epoch 198/200] Train Loss: 0.1066 Acc: 0.9591 | Val Loss: 0.1912 Acc: 0.9157
[Epoch 199/200] Train Loss: 0.1062 Acc: 0.9549 | Val Loss: 0.1457 Acc: 0.9382
[Epoch 200/200] Train Loss: 0.1050 Acc: 0.9605 | Val Loss: 0.1424 Acc: 0.9438
Training completed in 8.43 seconds.

+ Training model for task: MENU_NAVIGATION
label mapping: {'LEFT_PRESS': 0, 'LEFT_RELEASE': 1, 'NONE': 2, 'RIGHT_PRESS': 3, 'RIGHT_RELEASE': 4}
dataset size: torch.Size([614, 5, 12]), torch.Size([614])
Dataset distribution:
> Train: Counter({np.int64(2): 290, np.int64(0): 55, np.int64(1): 53, np.int64(4): 47, np.int64(3): 46})
> Val:   Counter({np.int64(2): 73, np.int64(0): 14, np.int64(1): 13, np.int64(3): 12, np.int64(4): 11})
Using device: cpu
Start training with config: default
[Epoch 1/200] Train Loss: 1.5174 Acc: 0.4725 | Val Loss: 1.3696 Acc: 0.5935
[Epoch 2/200] Train Loss: 1.2654 Acc: 0.5906 | Val Loss: 1.1960 Acc: 0.5935
[Epoch 3/200] Train Loss: 1.1894 Acc: 0.5906 | Val Loss: 1.1700 Acc: 0.5935
[Epoch 4/200] Train Loss: 1.1704 Acc: 0.5906 | Val Loss: 1.1366 Acc: 0.5935
[Epoch 5/200] Train Loss: 1.1344 Acc: 0.5906 | Val Loss: 1.1030 Acc: 0.5935
[Epoch 6/200] Train Loss: 1.0981 Acc: 0.5906 | Val Loss: 1.0591 Acc: 0.5935
[Epoch 7/200] Train Loss: 1.0523 Acc: 0.5906 | Val Loss: 1.0038 Acc: 0.5935
[Epoch 8/200] Train Loss: 0.9933 Acc: 0.5906 | Val Loss: 0.9393 Acc: 0.5935
[Epoch 9/200] Train Loss: 0.9229 Acc: 0.5906 | Val Loss: 0.8634 Acc: 0.6016
[Epoch 10/200] Train Loss: 0.8522 Acc: 0.6314 | Val Loss: 0.7930 Acc: 0.6504
[Epoch 11/200] Train Loss: 0.7854 Acc: 0.6558 | Val Loss: 0.7232 Acc: 0.7154
[Epoch 12/200] Train Loss: 0.7179 Acc: 0.7067 | Val Loss: 0.6580 Acc: 0.7073
[Epoch 13/200] Train Loss: 0.6671 Acc: 0.7332 | Val Loss: 0.6095 Acc: 0.7480
[Epoch 14/200] Train Loss: 0.6382 Acc: 0.7271 | Val Loss: 0.5936 Acc: 0.7317
[Epoch 15/200] Train Loss: 0.6034 Acc: 0.7393 | Val Loss: 0.5864 Acc: 0.7561
[Epoch 16/200] Train Loss: 0.5915 Acc: 0.7393 | Val Loss: 0.5342 Acc: 0.7317
[Epoch 17/200] Train Loss: 0.5792 Acc: 0.7515 | Val Loss: 0.5405 Acc: 0.7398
[Epoch 18/200] Train Loss: 0.5698 Acc: 0.7556 | Val Loss: 0.5107 Acc: 0.7805
[Epoch 19/200] Train Loss: 0.5622 Acc: 0.7576 | Val Loss: 0.4973 Acc: 0.7642
[Epoch 20/200] Train Loss: 0.5541 Acc: 0.7556 | Val Loss: 0.5091 Acc: 0.7724
[Epoch 21/200] Train Loss: 0.5493 Acc: 0.7597 | Val Loss: 0.4955 Acc: 0.7805
[Epoch 22/200] Train Loss: 0.5454 Acc: 0.7576 | Val Loss: 0.4914 Acc: 0.7724
[Epoch 23/200] Train Loss: 0.5429 Acc: 0.7495 | Val Loss: 0.5066 Acc: 0.7642
[Epoch 24/200] Train Loss: 0.5531 Acc: 0.7556 | Val Loss: 0.4829 Acc: 0.7805
[Epoch 25/200] Train Loss: 0.5294 Acc: 0.7780 | Val Loss: 0.4711 Acc: 0.7886
[Epoch 26/200] Train Loss: 0.5263 Acc: 0.7678 | Val Loss: 0.4714 Acc: 0.7967
[Epoch 27/200] Train Loss: 0.5197 Acc: 0.7597 | Val Loss: 0.4793 Acc: 0.7967
[Epoch 28/200] Train Loss: 0.5237 Acc: 0.7454 | Val Loss: 0.4610 Acc: 0.7886
[Epoch 29/200] Train Loss: 0.5227 Acc: 0.7556 | Val Loss: 0.4922 Acc: 0.7886
[Epoch 30/200] Train Loss: 0.5151 Acc: 0.7780 | Val Loss: 0.4608 Acc: 0.7886
[Epoch 31/200] Train Loss: 0.5099 Acc: 0.7780 | Val Loss: 0.4657 Acc: 0.8049
[Epoch 32/200] Train Loss: 0.5119 Acc: 0.7739 | Val Loss: 0.4740 Acc: 0.7967
[Epoch 33/200] Train Loss: 0.5054 Acc: 0.7617 | Val Loss: 0.4549 Acc: 0.7967
[Epoch 34/200] Train Loss: 0.5054 Acc: 0.7699 | Val Loss: 0.4820 Acc: 0.8049
[Epoch 35/200] Train Loss: 0.5273 Acc: 0.7719 | Val Loss: 0.4453 Acc: 0.7805
[Epoch 36/200] Train Loss: 0.5020 Acc: 0.7699 | Val Loss: 0.4917 Acc: 0.7724
[Epoch 37/200] Train Loss: 0.5165 Acc: 0.7637 | Val Loss: 0.4522 Acc: 0.8049
[Epoch 38/200] Train Loss: 0.4972 Acc: 0.7658 | Val Loss: 0.4637 Acc: 0.8049
[Epoch 39/200] Train Loss: 0.4957 Acc: 0.7658 | Val Loss: 0.4556 Acc: 0.8130
[Epoch 40/200] Train Loss: 0.4935 Acc: 0.7760 | Val Loss: 0.4515 Acc: 0.8211
[Epoch 41/200] Train Loss: 0.5052 Acc: 0.7699 | Val Loss: 0.4373 Acc: 0.8049
[Epoch 42/200] Train Loss: 0.5020 Acc: 0.7739 | Val Loss: 0.4581 Acc: 0.8211
[Epoch 43/200] Train Loss: 0.4914 Acc: 0.7658 | Val Loss: 0.4333 Acc: 0.7886
[Epoch 44/200] Train Loss: 0.4919 Acc: 0.7617 | Val Loss: 0.4383 Acc: 0.8130
[Epoch 45/200] Train Loss: 0.4828 Acc: 0.7780 | Val Loss: 0.4397 Acc: 0.8130
[Epoch 46/200] Train Loss: 0.4865 Acc: 0.7780 | Val Loss: 0.4458 Acc: 0.8130
[Epoch 47/200] Train Loss: 0.4801 Acc: 0.7780 | Val Loss: 0.4346 Acc: 0.7805
[Epoch 48/200] Train Loss: 0.4883 Acc: 0.7841 | Val Loss: 0.4558 Acc: 0.8293
[Epoch 49/200] Train Loss: 0.4882 Acc: 0.7984 | Val Loss: 0.4353 Acc: 0.8130
[Epoch 50/200] Train Loss: 0.4896 Acc: 0.7841 | Val Loss: 0.4360 Acc: 0.8293
[Epoch 51/200] Train Loss: 0.4871 Acc: 0.7821 | Val Loss: 0.4572 Acc: 0.8049
[Epoch 52/200] Train Loss: 0.4803 Acc: 0.7923 | Val Loss: 0.4259 Acc: 0.8374
[Epoch 53/200] Train Loss: 0.4692 Acc: 0.8004 | Val Loss: 0.4431 Acc: 0.8374
[Epoch 54/200] Train Loss: 0.4777 Acc: 0.7678 | Val Loss: 0.4460 Acc: 0.8293
[Epoch 55/200] Train Loss: 0.4738 Acc: 0.7800 | Val Loss: 0.4371 Acc: 0.8455
[Epoch 56/200] Train Loss: 0.4662 Acc: 0.8086 | Val Loss: 0.4245 Acc: 0.8211
[Epoch 57/200] Train Loss: 0.4745 Acc: 0.7923 | Val Loss: 0.4192 Acc: 0.8374
[Epoch 58/200] Train Loss: 0.4752 Acc: 0.7882 | Val Loss: 0.4851 Acc: 0.8374
[Epoch 59/200] Train Loss: 0.4879 Acc: 0.7821 | Val Loss: 0.4430 Acc: 0.7967
[Epoch 60/200] Train Loss: 0.4732 Acc: 0.8086 | Val Loss: 0.4205 Acc: 0.8537
[Epoch 61/200] Train Loss: 0.4707 Acc: 0.7821 | Val Loss: 0.4252 Acc: 0.8293
[Epoch 62/200] Train Loss: 0.4601 Acc: 0.8126 | Val Loss: 0.4725 Acc: 0.8211
[Epoch 63/200] Train Loss: 0.4693 Acc: 0.8208 | Val Loss: 0.4116 Acc: 0.8211
[Epoch 64/200] Train Loss: 0.4654 Acc: 0.7943 | Val Loss: 0.4290 Acc: 0.8455
[Epoch 65/200] Train Loss: 0.4693 Acc: 0.7943 | Val Loss: 0.4329 Acc: 0.8699
[Epoch 66/200] Train Loss: 0.4572 Acc: 0.8106 | Val Loss: 0.4180 Acc: 0.8537
[Epoch 67/200] Train Loss: 0.4656 Acc: 0.8004 | Val Loss: 0.4336 Acc: 0.8537
[Epoch 68/200] Train Loss: 0.4717 Acc: 0.8045 | Val Loss: 0.4184 Acc: 0.8537
[Epoch 69/200] Train Loss: 0.4497 Acc: 0.8371 | Val Loss: 0.4224 Acc: 0.8780
[Epoch 70/200] Train Loss: 0.4629 Acc: 0.8106 | Val Loss: 0.4240 Acc: 0.8537
[Epoch 71/200] Train Loss: 0.4507 Acc: 0.8065 | Val Loss: 0.4029 Acc: 0.8618
[Epoch 72/200] Train Loss: 0.4595 Acc: 0.8187 | Val Loss: 0.4012 Acc: 0.8862
[Epoch 73/200] Train Loss: 0.4673 Acc: 0.7984 | Val Loss: 0.4218 Acc: 0.8862
[Epoch 74/200] Train Loss: 0.4507 Acc: 0.8228 | Val Loss: 0.4159 Acc: 0.8618
[Epoch 75/200] Train Loss: 0.4464 Acc: 0.8167 | Val Loss: 0.4192 Acc: 0.8618
[Epoch 76/200] Train Loss: 0.4569 Acc: 0.8350 | Val Loss: 0.4193 Acc: 0.7724
[Epoch 77/200] Train Loss: 0.4726 Acc: 0.7943 | Val Loss: 0.4020 Acc: 0.8943
[Epoch 78/200] Train Loss: 0.4433 Acc: 0.8513 | Val Loss: 0.4103 Acc: 0.9106
[Epoch 79/200] Train Loss: 0.4602 Acc: 0.8147 | Val Loss: 0.3964 Acc: 0.8699
[Epoch 80/200] Train Loss: 0.4468 Acc: 0.8391 | Val Loss: 0.4044 Acc: 0.8293
[Epoch 81/200] Train Loss: 0.4420 Acc: 0.8310 | Val Loss: 0.3868 Acc: 0.8943
[Epoch 82/200] Train Loss: 0.4378 Acc: 0.8126 | Val Loss: 0.4022 Acc: 0.8699
[Epoch 83/200] Train Loss: 0.4368 Acc: 0.8269 | Val Loss: 0.3970 Acc: 0.9106
[Epoch 84/200] Train Loss: 0.4341 Acc: 0.8391 | Val Loss: 0.3986 Acc: 0.8943
[Epoch 85/200] Train Loss: 0.4298 Acc: 0.8452 | Val Loss: 0.3809 Acc: 0.9187
[Epoch 86/200] Train Loss: 0.4314 Acc: 0.8310 | Val Loss: 0.3983 Acc: 0.8699
[Epoch 87/200] Train Loss: 0.4346 Acc: 0.8228 | Val Loss: 0.3741 Acc: 0.8293
[Epoch 88/200] Train Loss: 0.4317 Acc: 0.8147 | Val Loss: 0.4005 Acc: 0.9187
[Epoch 89/200] Train Loss: 0.4256 Acc: 0.8717 | Val Loss: 0.4068 Acc: 0.9187
[Epoch 90/200] Train Loss: 0.4971 Acc: 0.8024 | Val Loss: 0.3975 Acc: 0.8862
[Epoch 91/200] Train Loss: 0.4522 Acc: 0.8106 | Val Loss: 0.3884 Acc: 0.7805
[Epoch 92/200] Train Loss: 0.4395 Acc: 0.8208 | Val Loss: 0.4311 Acc: 0.9106
[Epoch 93/200] Train Loss: 0.4327 Acc: 0.8676 | Val Loss: 0.3958 Acc: 0.9350
[Epoch 94/200] Train Loss: 0.4158 Acc: 0.8411 | Val Loss: 0.3795 Acc: 0.9187
[Epoch 95/200] Train Loss: 0.4255 Acc: 0.8371 | Val Loss: 0.3842 Acc: 0.9024
[Epoch 96/200] Train Loss: 0.4463 Acc: 0.8473 | Val Loss: 0.3619 Acc: 0.8862
[Epoch 97/200] Train Loss: 0.4255 Acc: 0.8248 | Val Loss: 0.3693 Acc: 0.8943
[Epoch 98/200] Train Loss: 0.4196 Acc: 0.8737 | Val Loss: 0.4027 Acc: 0.9106
[Epoch 99/200] Train Loss: 0.4365 Acc: 0.8248 | Val Loss: 0.3784 Acc: 0.8780
[Epoch 100/200] Train Loss: 0.4140 Acc: 0.8697 | Val Loss: 0.3685 Acc: 0.9187
[Epoch 101/200] Train Loss: 0.4004 Acc: 0.8880 | Val Loss: 0.3705 Acc: 0.9350
[Epoch 102/200] Train Loss: 0.4093 Acc: 0.8778 | Val Loss: 0.3888 Acc: 0.8537
[Epoch 103/200] Train Loss: 0.4083 Acc: 0.8493 | Val Loss: 0.3562 Acc: 0.9187
[Epoch 104/200] Train Loss: 0.3968 Acc: 0.8819 | Val Loss: 0.3672 Acc: 0.9268
[Epoch 105/200] Train Loss: 0.3957 Acc: 0.8758 | Val Loss: 0.3408 Acc: 0.9268
[Epoch 106/200] Train Loss: 0.3877 Acc: 0.8900 | Val Loss: 0.3328 Acc: 0.9350
[Epoch 107/200] Train Loss: 0.3878 Acc: 0.8819 | Val Loss: 0.3412 Acc: 0.9187
[Epoch 108/200] Train Loss: 0.3875 Acc: 0.8859 | Val Loss: 0.3554 Acc: 0.9431
[Epoch 109/200] Train Loss: 0.3884 Acc: 0.8676 | Val Loss: 0.3293 Acc: 0.9350
[Epoch 110/200] Train Loss: 0.3715 Acc: 0.8839 | Val Loss: 0.3320 Acc: 0.9268
[Epoch 111/200] Train Loss: 0.3758 Acc: 0.8900 | Val Loss: 0.3270 Acc: 0.9350
[Epoch 112/200] Train Loss: 0.3708 Acc: 0.8859 | Val Loss: 0.3240 Acc: 0.9350
[Epoch 113/200] Train Loss: 0.3845 Acc: 0.8819 | Val Loss: 0.3427 Acc: 0.9431
[Epoch 114/200] Train Loss: 0.3921 Acc: 0.8635 | Val Loss: 0.3351 Acc: 0.9268
[Epoch 115/200] Train Loss: 0.3709 Acc: 0.8859 | Val Loss: 0.3163 Acc: 0.9268
[Epoch 116/200] Train Loss: 0.3586 Acc: 0.8982 | Val Loss: 0.3091 Acc: 0.9268
[Epoch 117/200] Train Loss: 0.3579 Acc: 0.9022 | Val Loss: 0.3022 Acc: 0.9268
[Epoch 118/200] Train Loss: 0.3564 Acc: 0.8921 | Val Loss: 0.3012 Acc: 0.9350
[Epoch 119/200] Train Loss: 0.3559 Acc: 0.8880 | Val Loss: 0.3063 Acc: 0.9268
[Epoch 120/200] Train Loss: 0.3564 Acc: 0.8656 | Val Loss: 0.3154 Acc: 0.9512
[Epoch 121/200] Train Loss: 0.3529 Acc: 0.8900 | Val Loss: 0.3085 Acc: 0.9431
[Epoch 122/200] Train Loss: 0.3405 Acc: 0.9002 | Val Loss: 0.3136 Acc: 0.9187
[Epoch 123/200] Train Loss: 0.3469 Acc: 0.9022 | Val Loss: 0.2836 Acc: 0.9350
[Epoch 124/200] Train Loss: 0.3341 Acc: 0.8941 | Val Loss: 0.3153 Acc: 0.9350
[Epoch 125/200] Train Loss: 0.3298 Acc: 0.9022 | Val Loss: 0.2786 Acc: 0.9350
[Epoch 126/200] Train Loss: 0.3299 Acc: 0.8941 | Val Loss: 0.2885 Acc: 0.9350
[Epoch 127/200] Train Loss: 0.3347 Acc: 0.8961 | Val Loss: 0.3046 Acc: 0.9350
[Epoch 128/200] Train Loss: 0.3229 Acc: 0.9084 | Val Loss: 0.2629 Acc: 0.9350
[Epoch 129/200] Train Loss: 0.3377 Acc: 0.8880 | Val Loss: 0.2834 Acc: 0.9431
[Epoch 130/200] Train Loss: 0.3337 Acc: 0.8900 | Val Loss: 0.2685 Acc: 0.9512
[Epoch 131/200] Train Loss: 0.3151 Acc: 0.9043 | Val Loss: 0.2729 Acc: 0.9512
[Epoch 132/200] Train Loss: 0.3155 Acc: 0.8941 | Val Loss: 0.2673 Acc: 0.9350
[Epoch 133/200] Train Loss: 0.3044 Acc: 0.9063 | Val Loss: 0.2484 Acc: 0.9431
[Epoch 134/200] Train Loss: 0.3403 Acc: 0.8941 | Val Loss: 0.2533 Acc: 0.9350
[Epoch 135/200] Train Loss: 0.3149 Acc: 0.9002 | Val Loss: 0.2955 Acc: 0.9431
[Epoch 136/200] Train Loss: 0.3209 Acc: 0.8961 | Val Loss: 0.2676 Acc: 0.9431
[Epoch 137/200] Train Loss: 0.3245 Acc: 0.9084 | Val Loss: 0.2368 Acc: 0.9431
[Epoch 138/200] Train Loss: 0.3060 Acc: 0.9022 | Val Loss: 0.2423 Acc: 0.9512
[Epoch 139/200] Train Loss: 0.3043 Acc: 0.8941 | Val Loss: 0.2449 Acc: 0.9431
[Epoch 140/200] Train Loss: 0.2962 Acc: 0.8961 | Val Loss: 0.2332 Acc: 0.9431
[Epoch 141/200] Train Loss: 0.2911 Acc: 0.9084 | Val Loss: 0.2530 Acc: 0.9512
[Epoch 142/200] Train Loss: 0.2884 Acc: 0.9084 | Val Loss: 0.2413 Acc: 0.9431
[Epoch 143/200] Train Loss: 0.2971 Acc: 0.9185 | Val Loss: 0.2617 Acc: 0.9106
[Epoch 144/200] Train Loss: 0.3102 Acc: 0.9002 | Val Loss: 0.2410 Acc: 0.9512
[Epoch 145/200] Train Loss: 0.2857 Acc: 0.9165 | Val Loss: 0.2415 Acc: 0.9593
[Epoch 146/200] Train Loss: 0.3033 Acc: 0.8961 | Val Loss: 0.2175 Acc: 0.9512
[Epoch 147/200] Train Loss: 0.2814 Acc: 0.8961 | Val Loss: 0.2520 Acc: 0.9512
[Epoch 148/200] Train Loss: 0.2861 Acc: 0.8982 | Val Loss: 0.2139 Acc: 0.9431
[Epoch 149/200] Train Loss: 0.2814 Acc: 0.9022 | Val Loss: 0.2355 Acc: 0.9512
[Epoch 150/200] Train Loss: 0.3036 Acc: 0.8982 | Val Loss: 0.2131 Acc: 0.9431
[Epoch 151/200] Train Loss: 0.2688 Acc: 0.9063 | Val Loss: 0.2350 Acc: 0.9268
[Epoch 152/200] Train Loss: 0.2864 Acc: 0.9104 | Val Loss: 0.2113 Acc: 0.9512
[Epoch 153/200] Train Loss: 0.2914 Acc: 0.8900 | Val Loss: 0.2462 Acc: 0.9512
[Epoch 154/200] Train Loss: 0.2986 Acc: 0.8921 | Val Loss: 0.2633 Acc: 0.8943
[Epoch 155/200] Train Loss: 0.2905 Acc: 0.8880 | Val Loss: 0.1984 Acc: 0.9431
[Epoch 156/200] Train Loss: 0.2610 Acc: 0.9124 | Val Loss: 0.2072 Acc: 0.9431
[Epoch 157/200] Train Loss: 0.2659 Acc: 0.9165 | Val Loss: 0.2370 Acc: 0.9512
[Epoch 158/200] Train Loss: 0.2545 Acc: 0.9206 | Val Loss: 0.2092 Acc: 0.9350
[Epoch 159/200] Train Loss: 0.2619 Acc: 0.9104 | Val Loss: 0.2128 Acc: 0.9512
[Epoch 160/200] Train Loss: 0.2490 Acc: 0.9104 | Val Loss: 0.2055 Acc: 0.9512
[Epoch 161/200] Train Loss: 0.2540 Acc: 0.9185 | Val Loss: 0.2002 Acc: 0.9431
[Epoch 162/200] Train Loss: 0.2517 Acc: 0.9185 | Val Loss: 0.2204 Acc: 0.9350
[Epoch 163/200] Train Loss: 0.2466 Acc: 0.9145 | Val Loss: 0.2002 Acc: 0.9593
[Epoch 164/200] Train Loss: 0.2548 Acc: 0.9145 | Val Loss: 0.1969 Acc: 0.9431
[Epoch 165/200] Train Loss: 0.2542 Acc: 0.9084 | Val Loss: 0.2163 Acc: 0.9268
[Epoch 166/200] Train Loss: 0.2550 Acc: 0.9002 | Val Loss: 0.2442 Acc: 0.9593
[Epoch 167/200] Train Loss: 0.2532 Acc: 0.9124 | Val Loss: 0.2087 Acc: 0.9512
[Epoch 168/200] Train Loss: 0.2467 Acc: 0.9124 | Val Loss: 0.2032 Acc: 0.9593
[Epoch 169/200] Train Loss: 0.2529 Acc: 0.9104 | Val Loss: 0.2086 Acc: 0.9431
[Epoch 170/200] Train Loss: 0.2434 Acc: 0.9145 | Val Loss: 0.2151 Acc: 0.9431
[Epoch 171/200] Train Loss: 0.2535 Acc: 0.9206 | Val Loss: 0.1848 Acc: 0.9431
[Epoch 172/200] Train Loss: 0.2426 Acc: 0.9185 | Val Loss: 0.2013 Acc: 0.9675
[Epoch 173/200] Train Loss: 0.2403 Acc: 0.9165 | Val Loss: 0.1852 Acc: 0.9512
[Epoch 174/200] Train Loss: 0.2513 Acc: 0.9267 | Val Loss: 0.1873 Acc: 0.9431
[Epoch 175/200] Train Loss: 0.2388 Acc: 0.9124 | Val Loss: 0.1796 Acc: 0.9431
[Epoch 176/200] Train Loss: 0.2283 Acc: 0.9206 | Val Loss: 0.1780 Acc: 0.9593
[Epoch 177/200] Train Loss: 0.2253 Acc: 0.9267 | Val Loss: 0.1738 Acc: 0.9512
[Epoch 178/200] Train Loss: 0.2541 Acc: 0.9145 | Val Loss: 0.1848 Acc: 0.9593
[Epoch 179/200] Train Loss: 0.2327 Acc: 0.9145 | Val Loss: 0.1891 Acc: 0.9593
[Epoch 180/200] Train Loss: 0.2246 Acc: 0.9206 | Val Loss: 0.1706 Acc: 0.9512
[Epoch 181/200] Train Loss: 0.2309 Acc: 0.9246 | Val Loss: 0.1981 Acc: 0.9268
[Epoch 182/200] Train Loss: 0.2268 Acc: 0.9124 | Val Loss: 0.2192 Acc: 0.9268
[Epoch 183/200] Train Loss: 0.2283 Acc: 0.9246 | Val Loss: 0.1691 Acc: 0.9512
[Epoch 184/200] Train Loss: 0.2240 Acc: 0.9226 | Val Loss: 0.1627 Acc: 0.9512
[Epoch 185/200] Train Loss: 0.2398 Acc: 0.9084 | Val Loss: 0.1950 Acc: 0.9593
[Epoch 186/200] Train Loss: 0.2282 Acc: 0.9206 | Val Loss: 0.1638 Acc: 0.9512
[Epoch 187/200] Train Loss: 0.2222 Acc: 0.9206 | Val Loss: 0.1781 Acc: 0.9593
[Epoch 188/200] Train Loss: 0.2459 Acc: 0.9104 | Val Loss: 0.1628 Acc: 0.9512
[Epoch 189/200] Train Loss: 0.2271 Acc: 0.9165 | Val Loss: 0.1979 Acc: 0.9431
[Epoch 190/200] Train Loss: 0.2511 Acc: 0.9022 | Val Loss: 0.1629 Acc: 0.9593
[Epoch 191/200] Train Loss: 0.2208 Acc: 0.9246 | Val Loss: 0.1616 Acc: 0.9512
[Epoch 192/200] Train Loss: 0.2163 Acc: 0.9165 | Val Loss: 0.2129 Acc: 0.9593
[Epoch 193/200] Train Loss: 0.2335 Acc: 0.9104 | Val Loss: 0.1623 Acc: 0.9512
[Epoch 194/200] Train Loss: 0.2105 Acc: 0.9226 | Val Loss: 0.1910 Acc: 0.9593
[Epoch 195/200] Train Loss: 0.2159 Acc: 0.9185 | Val Loss: 0.1637 Acc: 0.9593
[Epoch 196/200] Train Loss: 0.2518 Acc: 0.9124 | Val Loss: 0.1637 Acc: 0.9512
[Epoch 197/200] Train Loss: 0.2648 Acc: 0.9104 | Val Loss: 0.1840 Acc: 0.9512
[Epoch 198/200] Train Loss: 0.2655 Acc: 0.8941 | Val Loss: 0.1845 Acc: 0.9431
[Epoch 199/200] Train Loss: 0.2187 Acc: 0.9206 | Val Loss: 0.1610 Acc: 0.9512
[Epoch 200/200] Train Loss: 0.2155 Acc: 0.9206 | Val Loss: 0.1941 Acc: 0.9593
Training completed in 5.88 seconds.

+ Training model for task: DRAGGING
label mapping: {'LEFT_PRESS': 0, 'LEFT_RELEASE': 1, 'NONE': 2}
dataset size: torch.Size([755, 5, 12]), torch.Size([755])
Dataset distribution:
> Train: Counter({np.int64(2): 482, np.int64(1): 62, np.int64(0): 60})
> Val:   Counter({np.int64(2): 121, np.int64(1): 15, np.int64(0): 15})
Using device: cpu
Start training with config: default
[Epoch 1/200] Train Loss: 0.9091 Acc: 0.7980 | Val Loss: 0.7087 Acc: 0.8013
[Epoch 2/200] Train Loss: 0.6555 Acc: 0.7980 | Val Loss: 0.6310 Acc: 0.8013
[Epoch 3/200] Train Loss: 0.6434 Acc: 0.7980 | Val Loss: 0.6304 Acc: 0.8013
[Epoch 4/200] Train Loss: 0.6410 Acc: 0.7980 | Val Loss: 0.6240 Acc: 0.8013
[Epoch 5/200] Train Loss: 0.6367 Acc: 0.7980 | Val Loss: 0.6250 Acc: 0.8013
[Epoch 6/200] Train Loss: 0.6345 Acc: 0.7980 | Val Loss: 0.6239 Acc: 0.8013
[Epoch 7/200] Train Loss: 0.6364 Acc: 0.7980 | Val Loss: 0.6264 Acc: 0.8013
[Epoch 8/200] Train Loss: 0.6316 Acc: 0.7980 | Val Loss: 0.6228 Acc: 0.8013
[Epoch 9/200] Train Loss: 0.6314 Acc: 0.7980 | Val Loss: 0.6203 Acc: 0.8013
[Epoch 10/200] Train Loss: 0.6307 Acc: 0.7980 | Val Loss: 0.6215 Acc: 0.8013
[Epoch 11/200] Train Loss: 0.6223 Acc: 0.7980 | Val Loss: 0.6185 Acc: 0.8013
[Epoch 12/200] Train Loss: 0.6251 Acc: 0.7980 | Val Loss: 0.6130 Acc: 0.8013
[Epoch 13/200] Train Loss: 0.6165 Acc: 0.7980 | Val Loss: 0.6119 Acc: 0.8013
[Epoch 14/200] Train Loss: 0.6109 Acc: 0.7980 | Val Loss: 0.6079 Acc: 0.8013
[Epoch 15/200] Train Loss: 0.6033 Acc: 0.7980 | Val Loss: 0.6032 Acc: 0.8013
[Epoch 16/200] Train Loss: 0.5972 Acc: 0.7980 | Val Loss: 0.5979 Acc: 0.8013
[Epoch 17/200] Train Loss: 0.5926 Acc: 0.7980 | Val Loss: 0.5917 Acc: 0.8013
[Epoch 18/200] Train Loss: 0.5839 Acc: 0.7980 | Val Loss: 0.5852 Acc: 0.8013
[Epoch 19/200] Train Loss: 0.5780 Acc: 0.7980 | Val Loss: 0.5772 Acc: 0.8013
[Epoch 20/200] Train Loss: 0.5668 Acc: 0.7980 | Val Loss: 0.5681 Acc: 0.8013
[Epoch 21/200] Train Loss: 0.5567 Acc: 0.7980 | Val Loss: 0.5557 Acc: 0.8013
[Epoch 22/200] Train Loss: 0.5466 Acc: 0.7980 | Val Loss: 0.5407 Acc: 0.8013
[Epoch 23/200] Train Loss: 0.5323 Acc: 0.7980 | Val Loss: 0.5290 Acc: 0.8013
[Epoch 24/200] Train Loss: 0.5173 Acc: 0.7980 | Val Loss: 0.5171 Acc: 0.8013
[Epoch 25/200] Train Loss: 0.5134 Acc: 0.8096 | Val Loss: 0.4957 Acc: 0.8079
[Epoch 26/200] Train Loss: 0.4969 Acc: 0.8129 | Val Loss: 0.4859 Acc: 0.8146
[Epoch 27/200] Train Loss: 0.4842 Acc: 0.8245 | Val Loss: 0.4766 Acc: 0.8146
[Epoch 28/200] Train Loss: 0.4779 Acc: 0.8245 | Val Loss: 0.4669 Acc: 0.8146
[Epoch 29/200] Train Loss: 0.4650 Acc: 0.8328 | Val Loss: 0.4730 Acc: 0.8278
[Epoch 30/200] Train Loss: 0.4578 Acc: 0.8361 | Val Loss: 0.4457 Acc: 0.8411
[Epoch 31/200] Train Loss: 0.4482 Acc: 0.8427 | Val Loss: 0.4438 Acc: 0.8477
[Epoch 32/200] Train Loss: 0.4434 Acc: 0.8493 | Val Loss: 0.4398 Acc: 0.8411
[Epoch 33/200] Train Loss: 0.4343 Acc: 0.8477 | Val Loss: 0.4324 Acc: 0.8278
[Epoch 34/200] Train Loss: 0.4256 Acc: 0.8460 | Val Loss: 0.4242 Acc: 0.8344
[Epoch 35/200] Train Loss: 0.4304 Acc: 0.8560 | Val Loss: 0.4218 Acc: 0.8411
[Epoch 36/200] Train Loss: 0.4265 Acc: 0.8543 | Val Loss: 0.4374 Acc: 0.8411
[Epoch 37/200] Train Loss: 0.4138 Acc: 0.8493 | Val Loss: 0.4253 Acc: 0.8344
[Epoch 38/200] Train Loss: 0.4115 Acc: 0.8510 | Val Loss: 0.4275 Acc: 0.8543
[Epoch 39/200] Train Loss: 0.4191 Acc: 0.8526 | Val Loss: 0.4134 Acc: 0.8411
[Epoch 40/200] Train Loss: 0.4019 Acc: 0.8593 | Val Loss: 0.4063 Acc: 0.8411
[Epoch 41/200] Train Loss: 0.4036 Acc: 0.8593 | Val Loss: 0.4099 Acc: 0.8411
[Epoch 42/200] Train Loss: 0.4044 Acc: 0.8560 | Val Loss: 0.3970 Acc: 0.8477
[Epoch 43/200] Train Loss: 0.3922 Acc: 0.8576 | Val Loss: 0.4370 Acc: 0.8543
[Epoch 44/200] Train Loss: 0.4075 Acc: 0.8427 | Val Loss: 0.4284 Acc: 0.8543
[Epoch 45/200] Train Loss: 0.4087 Acc: 0.8444 | Val Loss: 0.4332 Acc: 0.8543
[Epoch 46/200] Train Loss: 0.4059 Acc: 0.8543 | Val Loss: 0.3978 Acc: 0.8477
[Epoch 47/200] Train Loss: 0.3898 Acc: 0.8593 | Val Loss: 0.3948 Acc: 0.8477
[Epoch 48/200] Train Loss: 0.3797 Acc: 0.8609 | Val Loss: 0.3967 Acc: 0.8543
[Epoch 49/200] Train Loss: 0.3774 Acc: 0.8609 | Val Loss: 0.3951 Acc: 0.8411
[Epoch 50/200] Train Loss: 0.3755 Acc: 0.8593 | Val Loss: 0.4116 Acc: 0.8411
[Epoch 51/200] Train Loss: 0.3766 Acc: 0.8593 | Val Loss: 0.3961 Acc: 0.8477
[Epoch 52/200] Train Loss: 0.3742 Acc: 0.8609 | Val Loss: 0.3992 Acc: 0.8411
[Epoch 53/200] Train Loss: 0.3723 Acc: 0.8576 | Val Loss: 0.4090 Acc: 0.8609
[Epoch 54/200] Train Loss: 0.3791 Acc: 0.8543 | Val Loss: 0.3934 Acc: 0.8477
[Epoch 55/200] Train Loss: 0.3653 Acc: 0.8659 | Val Loss: 0.3924 Acc: 0.8742
[Epoch 56/200] Train Loss: 0.3800 Acc: 0.8609 | Val Loss: 0.3907 Acc: 0.8675
[Epoch 57/200] Train Loss: 0.3610 Acc: 0.8626 | Val Loss: 0.3923 Acc: 0.8742
[Epoch 58/200] Train Loss: 0.3640 Acc: 0.8659 | Val Loss: 0.3814 Acc: 0.8543
[Epoch 59/200] Train Loss: 0.3612 Acc: 0.8675 | Val Loss: 0.3834 Acc: 0.8940
[Epoch 60/200] Train Loss: 0.3604 Acc: 0.8659 | Val Loss: 0.4018 Acc: 0.8477
[Epoch 61/200] Train Loss: 0.3502 Acc: 0.8725 | Val Loss: 0.3769 Acc: 0.8808
[Epoch 62/200] Train Loss: 0.3491 Acc: 0.8709 | Val Loss: 0.3817 Acc: 0.8742
[Epoch 63/200] Train Loss: 0.3412 Acc: 0.8742 | Val Loss: 0.3778 Acc: 0.8543
[Epoch 64/200] Train Loss: 0.3448 Acc: 0.8758 | Val Loss: 0.3876 Acc: 0.8808
[Epoch 65/200] Train Loss: 0.3406 Acc: 0.8758 | Val Loss: 0.3622 Acc: 0.8808
[Epoch 66/200] Train Loss: 0.3438 Acc: 0.8825 | Val Loss: 0.3727 Acc: 0.8742
[Epoch 67/200] Train Loss: 0.3369 Acc: 0.8858 | Val Loss: 0.3645 Acc: 0.8742
[Epoch 68/200] Train Loss: 0.3295 Acc: 0.8791 | Val Loss: 0.3746 Acc: 0.8742
[Epoch 69/200] Train Loss: 0.3248 Acc: 0.8841 | Val Loss: 0.3640 Acc: 0.9139
[Epoch 70/200] Train Loss: 0.3401 Acc: 0.8907 | Val Loss: 0.3542 Acc: 0.8675
[Epoch 71/200] Train Loss: 0.3239 Acc: 0.8891 | Val Loss: 0.3602 Acc: 0.8940
[Epoch 72/200] Train Loss: 0.3241 Acc: 0.8924 | Val Loss: 0.3566 Acc: 0.9007
[Epoch 73/200] Train Loss: 0.3167 Acc: 0.8907 | Val Loss: 0.3497 Acc: 0.8808
[Epoch 74/200] Train Loss: 0.3039 Acc: 0.8990 | Val Loss: 0.3460 Acc: 0.9338
[Epoch 75/200] Train Loss: 0.3080 Acc: 0.8891 | Val Loss: 0.3362 Acc: 0.9073
[Epoch 76/200] Train Loss: 0.3066 Acc: 0.9089 | Val Loss: 0.3382 Acc: 0.9007
[Epoch 77/200] Train Loss: 0.2927 Acc: 0.9040 | Val Loss: 0.3246 Acc: 0.9139
[Epoch 78/200] Train Loss: 0.2896 Acc: 0.9106 | Val Loss: 0.3368 Acc: 0.8808
[Epoch 79/200] Train Loss: 0.2997 Acc: 0.9007 | Val Loss: 0.3357 Acc: 0.8808
[Epoch 80/200] Train Loss: 0.2868 Acc: 0.9040 | Val Loss: 0.3329 Acc: 0.8675
[Epoch 81/200] Train Loss: 0.2749 Acc: 0.9139 | Val Loss: 0.3360 Acc: 0.9272
[Epoch 82/200] Train Loss: 0.2785 Acc: 0.9172 | Val Loss: 0.3338 Acc: 0.8940
[Epoch 83/200] Train Loss: 0.2715 Acc: 0.9073 | Val Loss: 0.3148 Acc: 0.9205
[Epoch 84/200] Train Loss: 0.2787 Acc: 0.9123 | Val Loss: 0.3068 Acc: 0.9205
[Epoch 85/200] Train Loss: 0.2817 Acc: 0.9089 | Val Loss: 0.3286 Acc: 0.9007
[Epoch 86/200] Train Loss: 0.2604 Acc: 0.9156 | Val Loss: 0.3249 Acc: 0.9338
[Epoch 87/200] Train Loss: 0.2670 Acc: 0.9089 | Val Loss: 0.3356 Acc: 0.9073
[Epoch 88/200] Train Loss: 0.2583 Acc: 0.9205 | Val Loss: 0.2996 Acc: 0.9139
[Epoch 89/200] Train Loss: 0.2606 Acc: 0.9089 | Val Loss: 0.3178 Acc: 0.9007
[Epoch 90/200] Train Loss: 0.2459 Acc: 0.9272 | Val Loss: 0.3229 Acc: 0.8874
[Epoch 91/200] Train Loss: 0.2499 Acc: 0.9189 | Val Loss: 0.2878 Acc: 0.9205
[Epoch 92/200] Train Loss: 0.2570 Acc: 0.9156 | Val Loss: 0.2827 Acc: 0.9338
[Epoch 93/200] Train Loss: 0.2478 Acc: 0.9189 | Val Loss: 0.3078 Acc: 0.9404
[Epoch 94/200] Train Loss: 0.2501 Acc: 0.9238 | Val Loss: 0.2726 Acc: 0.9272
[Epoch 95/200] Train Loss: 0.2270 Acc: 0.9255 | Val Loss: 0.2698 Acc: 0.9338
[Epoch 96/200] Train Loss: 0.2411 Acc: 0.9189 | Val Loss: 0.3040 Acc: 0.8808
[Epoch 97/200] Train Loss: 0.2439 Acc: 0.9156 | Val Loss: 0.2703 Acc: 0.9338
[Epoch 98/200] Train Loss: 0.2280 Acc: 0.9272 | Val Loss: 0.2855 Acc: 0.9404
[Epoch 99/200] Train Loss: 0.2169 Acc: 0.9305 | Val Loss: 0.2640 Acc: 0.9338
[Epoch 100/200] Train Loss: 0.2213 Acc: 0.9255 | Val Loss: 0.2639 Acc: 0.9338
[Epoch 101/200] Train Loss: 0.2126 Acc: 0.9387 | Val Loss: 0.2676 Acc: 0.9338
[Epoch 102/200] Train Loss: 0.2289 Acc: 0.9222 | Val Loss: 0.2577 Acc: 0.9338
[Epoch 103/200] Train Loss: 0.2058 Acc: 0.9354 | Val Loss: 0.2836 Acc: 0.9205
[Epoch 104/200] Train Loss: 0.2084 Acc: 0.9321 | Val Loss: 0.2692 Acc: 0.9205
[Epoch 105/200] Train Loss: 0.2030 Acc: 0.9338 | Val Loss: 0.2495 Acc: 0.9404
[Epoch 106/200] Train Loss: 0.2170 Acc: 0.9305 | Val Loss: 0.3055 Acc: 0.9404
[Epoch 107/200] Train Loss: 0.2220 Acc: 0.9238 | Val Loss: 0.2447 Acc: 0.9404
[Epoch 108/200] Train Loss: 0.1947 Acc: 0.9354 | Val Loss: 0.2606 Acc: 0.9205
[Epoch 109/200] Train Loss: 0.1903 Acc: 0.9421 | Val Loss: 0.2904 Acc: 0.9073
[Epoch 110/200] Train Loss: 0.2055 Acc: 0.9321 | Val Loss: 0.2566 Acc: 0.9272
[Epoch 111/200] Train Loss: 0.2115 Acc: 0.9272 | Val Loss: 0.2386 Acc: 0.9404
[Epoch 112/200] Train Loss: 0.2008 Acc: 0.9354 | Val Loss: 0.2585 Acc: 0.9139
[Epoch 113/200] Train Loss: 0.2135 Acc: 0.9288 | Val Loss: 0.2564 Acc: 0.9205
[Epoch 114/200] Train Loss: 0.2032 Acc: 0.9272 | Val Loss: 0.2819 Acc: 0.9404
[Epoch 115/200] Train Loss: 0.2054 Acc: 0.9321 | Val Loss: 0.2794 Acc: 0.9205
[Epoch 116/200] Train Loss: 0.2043 Acc: 0.9272 | Val Loss: 0.2417 Acc: 0.9205
[Epoch 117/200] Train Loss: 0.1908 Acc: 0.9387 | Val Loss: 0.2457 Acc: 0.9470
[Epoch 118/200] Train Loss: 0.1785 Acc: 0.9371 | Val Loss: 0.2432 Acc: 0.9338
[Epoch 119/200] Train Loss: 0.1789 Acc: 0.9454 | Val Loss: 0.2283 Acc: 0.9404
[Epoch 120/200] Train Loss: 0.1676 Acc: 0.9404 | Val Loss: 0.2478 Acc: 0.9205
[Epoch 121/200] Train Loss: 0.1731 Acc: 0.9487 | Val Loss: 0.2423 Acc: 0.9470
[Epoch 122/200] Train Loss: 0.1725 Acc: 0.9387 | Val Loss: 0.2325 Acc: 0.9404
[Epoch 123/200] Train Loss: 0.1698 Acc: 0.9454 | Val Loss: 0.2399 Acc: 0.9404
[Epoch 124/200] Train Loss: 0.1798 Acc: 0.9421 | Val Loss: 0.2511 Acc: 0.9272
[Epoch 125/200] Train Loss: 0.1753 Acc: 0.9404 | Val Loss: 0.2208 Acc: 0.9404
[Epoch 126/200] Train Loss: 0.1643 Acc: 0.9520 | Val Loss: 0.2472 Acc: 0.9338
[Epoch 127/200] Train Loss: 0.1609 Acc: 0.9387 | Val Loss: 0.2521 Acc: 0.9338
[Epoch 128/200] Train Loss: 0.1825 Acc: 0.9305 | Val Loss: 0.2386 Acc: 0.9338
[Epoch 129/200] Train Loss: 0.1859 Acc: 0.9338 | Val Loss: 0.2302 Acc: 0.9404
[Epoch 130/200] Train Loss: 0.1659 Acc: 0.9454 | Val Loss: 0.2186 Acc: 0.9404
[Epoch 131/200] Train Loss: 0.1613 Acc: 0.9421 | Val Loss: 0.2234 Acc: 0.9404
[Epoch 132/200] Train Loss: 0.1610 Acc: 0.9421 | Val Loss: 0.2344 Acc: 0.9404
[Epoch 133/200] Train Loss: 0.1842 Acc: 0.9272 | Val Loss: 0.2228 Acc: 0.9404
[Epoch 134/200] Train Loss: 0.1581 Acc: 0.9437 | Val Loss: 0.2166 Acc: 0.9404
[Epoch 135/200] Train Loss: 0.1578 Acc: 0.9520 | Val Loss: 0.2218 Acc: 0.9404
[Epoch 136/200] Train Loss: 0.1464 Acc: 0.9454 | Val Loss: 0.2194 Acc: 0.9404
[Epoch 137/200] Train Loss: 0.1558 Acc: 0.9520 | Val Loss: 0.2277 Acc: 0.9404
[Epoch 138/200] Train Loss: 0.1449 Acc: 0.9520 | Val Loss: 0.2323 Acc: 0.9338
[Epoch 139/200] Train Loss: 0.1575 Acc: 0.9387 | Val Loss: 0.2465 Acc: 0.9404
[Epoch 140/200] Train Loss: 0.1688 Acc: 0.9404 | Val Loss: 0.2310 Acc: 0.9404
[Epoch 141/200] Train Loss: 0.1468 Acc: 0.9454 | Val Loss: 0.2206 Acc: 0.9338
[Epoch 142/200] Train Loss: 0.1465 Acc: 0.9470 | Val Loss: 0.2112 Acc: 0.9404
[Epoch 143/200] Train Loss: 0.1410 Acc: 0.9503 | Val Loss: 0.2144 Acc: 0.9404
[Epoch 144/200] Train Loss: 0.1368 Acc: 0.9503 | Val Loss: 0.2130 Acc: 0.9404
[Epoch 145/200] Train Loss: 0.1379 Acc: 0.9586 | Val Loss: 0.2055 Acc: 0.9404
[Epoch 146/200] Train Loss: 0.1385 Acc: 0.9503 | Val Loss: 0.2028 Acc: 0.9404
[Epoch 147/200] Train Loss: 0.1355 Acc: 0.9553 | Val Loss: 0.2161 Acc: 0.9404
[Epoch 148/200] Train Loss: 0.1399 Acc: 0.9520 | Val Loss: 0.2285 Acc: 0.9338
[Epoch 149/200] Train Loss: 0.1335 Acc: 0.9553 | Val Loss: 0.2207 Acc: 0.9470
[Epoch 150/200] Train Loss: 0.1430 Acc: 0.9503 | Val Loss: 0.1997 Acc: 0.9404
[Epoch 151/200] Train Loss: 0.1338 Acc: 0.9520 | Val Loss: 0.2093 Acc: 0.9404
[Epoch 152/200] Train Loss: 0.1272 Acc: 0.9520 | Val Loss: 0.1992 Acc: 0.9404
[Epoch 153/200] Train Loss: 0.1239 Acc: 0.9520 | Val Loss: 0.2019 Acc: 0.9404
[Epoch 154/200] Train Loss: 0.1363 Acc: 0.9553 | Val Loss: 0.2058 Acc: 0.9404
[Epoch 155/200] Train Loss: 0.1300 Acc: 0.9536 | Val Loss: 0.2190 Acc: 0.9404
[Epoch 156/200] Train Loss: 0.1453 Acc: 0.9503 | Val Loss: 0.2195 Acc: 0.9470
[Epoch 157/200] Train Loss: 0.1326 Acc: 0.9536 | Val Loss: 0.2220 Acc: 0.9470
[Epoch 158/200] Train Loss: 0.1313 Acc: 0.9454 | Val Loss: 0.2090 Acc: 0.9404
[Epoch 159/200] Train Loss: 0.1307 Acc: 0.9570 | Val Loss: 0.2346 Acc: 0.9470
[Epoch 160/200] Train Loss: 0.1640 Acc: 0.9421 | Val Loss: 0.2558 Acc: 0.9272
[Epoch 161/200] Train Loss: 0.1489 Acc: 0.9454 | Val Loss: 0.1986 Acc: 0.9404
[Epoch 162/200] Train Loss: 0.1230 Acc: 0.9570 | Val Loss: 0.2088 Acc: 0.9470
[Epoch 163/200] Train Loss: 0.1213 Acc: 0.9570 | Val Loss: 0.1983 Acc: 0.9404
[Epoch 164/200] Train Loss: 0.1175 Acc: 0.9586 | Val Loss: 0.2499 Acc: 0.9338
[Epoch 165/200] Train Loss: 0.1383 Acc: 0.9536 | Val Loss: 0.2242 Acc: 0.9338
[Epoch 166/200] Train Loss: 0.1349 Acc: 0.9520 | Val Loss: 0.2505 Acc: 0.9338
[Epoch 167/200] Train Loss: 0.1336 Acc: 0.9520 | Val Loss: 0.2186 Acc: 0.9470
[Epoch 168/200] Train Loss: 0.1360 Acc: 0.9470 | Val Loss: 0.2107 Acc: 0.9470
[Epoch 169/200] Train Loss: 0.1291 Acc: 0.9603 | Val Loss: 0.2047 Acc: 0.9205
[Epoch 170/200] Train Loss: 0.1286 Acc: 0.9570 | Val Loss: 0.2051 Acc: 0.9404
[Epoch 171/200] Train Loss: 0.1164 Acc: 0.9636 | Val Loss: 0.1937 Acc: 0.9404
[Epoch 172/200] Train Loss: 0.1223 Acc: 0.9536 | Val Loss: 0.1948 Acc: 0.9404
[Epoch 173/200] Train Loss: 0.1429 Acc: 0.9503 | Val Loss: 0.2720 Acc: 0.9007
[Epoch 174/200] Train Loss: 0.1606 Acc: 0.9503 | Val Loss: 0.2041 Acc: 0.9338
[Epoch 175/200] Train Loss: 0.1427 Acc: 0.9487 | Val Loss: 0.2018 Acc: 0.9404
[Epoch 176/200] Train Loss: 0.1233 Acc: 0.9619 | Val Loss: 0.1907 Acc: 0.9404
[Epoch 177/200] Train Loss: 0.1120 Acc: 0.9603 | Val Loss: 0.2043 Acc: 0.9470
[Epoch 178/200] Train Loss: 0.1095 Acc: 0.9603 | Val Loss: 0.1949 Acc: 0.9404
[Epoch 179/200] Train Loss: 0.1061 Acc: 0.9636 | Val Loss: 0.1975 Acc: 0.9404
[Epoch 180/200] Train Loss: 0.1055 Acc: 0.9603 | Val Loss: 0.1890 Acc: 0.9404
[Epoch 181/200] Train Loss: 0.1156 Acc: 0.9553 | Val Loss: 0.2263 Acc: 0.9205
[Epoch 182/200] Train Loss: 0.1165 Acc: 0.9603 | Val Loss: 0.1852 Acc: 0.9404
[Epoch 183/200] Train Loss: 0.1129 Acc: 0.9603 | Val Loss: 0.1968 Acc: 0.9404
[Epoch 184/200] Train Loss: 0.1037 Acc: 0.9619 | Val Loss: 0.2067 Acc: 0.9470
[Epoch 185/200] Train Loss: 0.1311 Acc: 0.9503 | Val Loss: 0.2014 Acc: 0.9404
[Epoch 186/200] Train Loss: 0.1214 Acc: 0.9553 | Val Loss: 0.1793 Acc: 0.9404
[Epoch 187/200] Train Loss: 0.1104 Acc: 0.9669 | Val Loss: 0.1863 Acc: 0.9404
[Epoch 188/200] Train Loss: 0.1057 Acc: 0.9636 | Val Loss: 0.1928 Acc: 0.9404
[Epoch 189/200] Train Loss: 0.1016 Acc: 0.9636 | Val Loss: 0.1918 Acc: 0.9404
[Epoch 190/200] Train Loss: 0.1022 Acc: 0.9603 | Val Loss: 0.1764 Acc: 0.9404
[Epoch 191/200] Train Loss: 0.1047 Acc: 0.9619 | Val Loss: 0.1852 Acc: 0.9404
[Epoch 192/200] Train Loss: 0.0986 Acc: 0.9652 | Val Loss: 0.1915 Acc: 0.9338
[Epoch 193/200] Train Loss: 0.1006 Acc: 0.9652 | Val Loss: 0.1936 Acc: 0.9404
[Epoch 194/200] Train Loss: 0.1200 Acc: 0.9520 | Val Loss: 0.2128 Acc: 0.9338
[Epoch 195/200] Train Loss: 0.1055 Acc: 0.9603 | Val Loss: 0.1852 Acc: 0.9404
[Epoch 196/200] Train Loss: 0.1153 Acc: 0.9619 | Val Loss: 0.1893 Acc: 0.9338
[Epoch 197/200] Train Loss: 0.1093 Acc: 0.9619 | Val Loss: 0.1802 Acc: 0.9404
[Epoch 198/200] Train Loss: 0.1194 Acc: 0.9536 | Val Loss: 0.1945 Acc: 0.9404
[Epoch 199/200] Train Loss: 0.0968 Acc: 0.9652 | Val Loss: 0.1995 Acc: 0.9338
[Epoch 200/200] Train Loss: 0.1066 Acc: 0.9619 | Val Loss: 0.1943 Acc: 0.9338
Training completed in 7.21 seconds.

+ Training model for task: POINT_N_CLICK
label mapping: {'LEFT_PRESS': 0, 'LEFT_RELEASE': 1, 'NONE': 2}
dataset size: torch.Size([930, 5, 12]), torch.Size([930])
Dataset distribution:
> Train: Counter({np.int64(2): 456, np.int64(1): 154, np.int64(0): 134})
> Val:   Counter({np.int64(2): 114, np.int64(1): 38, np.int64(0): 34})
Using device: cpu
Start training with config: default
[Epoch 1/200] Train Loss: 1.0064 Acc: 0.5511 | Val Loss: 0.9016 Acc: 0.6129
[Epoch 2/200] Train Loss: 0.8892 Acc: 0.6129 | Val Loss: 0.8726 Acc: 0.6129
[Epoch 3/200] Train Loss: 0.8411 Acc: 0.6129 | Val Loss: 0.8232 Acc: 0.6129
[Epoch 4/200] Train Loss: 0.7733 Acc: 0.6210 | Val Loss: 0.7447 Acc: 0.6344
[Epoch 5/200] Train Loss: 0.6882 Acc: 0.6761 | Val Loss: 0.6837 Acc: 0.7151
[Epoch 6/200] Train Loss: 0.6279 Acc: 0.7231 | Val Loss: 0.6660 Acc: 0.7151
[Epoch 7/200] Train Loss: 0.5858 Acc: 0.7527 | Val Loss: 0.6585 Acc: 0.7151
[Epoch 8/200] Train Loss: 0.5955 Acc: 0.7392 | Val Loss: 0.6382 Acc: 0.7366
[Epoch 9/200] Train Loss: 0.5847 Acc: 0.7419 | Val Loss: 0.5940 Acc: 0.7366
[Epoch 10/200] Train Loss: 0.5487 Acc: 0.7487 | Val Loss: 0.5870 Acc: 0.7473
[Epoch 11/200] Train Loss: 0.5392 Acc: 0.7769 | Val Loss: 0.5885 Acc: 0.7258
[Epoch 12/200] Train Loss: 0.5363 Acc: 0.7930 | Val Loss: 0.5871 Acc: 0.7312
[Epoch 13/200] Train Loss: 0.5454 Acc: 0.7621 | Val Loss: 0.5761 Acc: 0.7419
[Epoch 14/200] Train Loss: 0.5566 Acc: 0.7513 | Val Loss: 0.5743 Acc: 0.7527
[Epoch 15/200] Train Loss: 0.5288 Acc: 0.7876 | Val Loss: 0.5881 Acc: 0.7312
[Epoch 16/200] Train Loss: 0.5253 Acc: 0.7863 | Val Loss: 0.5779 Acc: 0.7581
[Epoch 17/200] Train Loss: 0.5228 Acc: 0.8011 | Val Loss: 0.5773 Acc: 0.7473
[Epoch 18/200] Train Loss: 0.5242 Acc: 0.7796 | Val Loss: 0.5689 Acc: 0.7527
[Epoch 19/200] Train Loss: 0.5318 Acc: 0.7782 | Val Loss: 0.5690 Acc: 0.7366
[Epoch 20/200] Train Loss: 0.5238 Acc: 0.8105 | Val Loss: 0.5721 Acc: 0.7527
[Epoch 21/200] Train Loss: 0.5154 Acc: 0.7876 | Val Loss: 0.5805 Acc: 0.7419
[Epoch 22/200] Train Loss: 0.5183 Acc: 0.7944 | Val Loss: 0.5642 Acc: 0.7581
[Epoch 23/200] Train Loss: 0.5101 Acc: 0.8401 | Val Loss: 0.5603 Acc: 0.7688
[Epoch 24/200] Train Loss: 0.5138 Acc: 0.7930 | Val Loss: 0.6016 Acc: 0.7473
[Epoch 25/200] Train Loss: 0.5188 Acc: 0.8038 | Val Loss: 0.5545 Acc: 0.8065
[Epoch 26/200] Train Loss: 0.5096 Acc: 0.7903 | Val Loss: 0.5601 Acc: 0.7688
[Epoch 27/200] Train Loss: 0.5024 Acc: 0.8333 | Val Loss: 0.5526 Acc: 0.8226
[Epoch 28/200] Train Loss: 0.5009 Acc: 0.8185 | Val Loss: 0.5613 Acc: 0.7849
[Epoch 29/200] Train Loss: 0.5001 Acc: 0.8280 | Val Loss: 0.5578 Acc: 0.7742
[Epoch 30/200] Train Loss: 0.4900 Acc: 0.8347 | Val Loss: 0.5519 Acc: 0.7742
[Epoch 31/200] Train Loss: 0.4871 Acc: 0.8293 | Val Loss: 0.5402 Acc: 0.8065
[Epoch 32/200] Train Loss: 0.4956 Acc: 0.8266 | Val Loss: 0.5405 Acc: 0.7849
[Epoch 33/200] Train Loss: 0.4935 Acc: 0.8414 | Val Loss: 0.5360 Acc: 0.8333
[Epoch 34/200] Train Loss: 0.4923 Acc: 0.8387 | Val Loss: 0.5531 Acc: 0.7903
[Epoch 35/200] Train Loss: 0.4760 Acc: 0.8387 | Val Loss: 0.5344 Acc: 0.8280
[Epoch 36/200] Train Loss: 0.4697 Acc: 0.8481 | Val Loss: 0.5219 Acc: 0.8387
[Epoch 37/200] Train Loss: 0.4612 Acc: 0.8642 | Val Loss: 0.5450 Acc: 0.7957
[Epoch 38/200] Train Loss: 0.4699 Acc: 0.8629 | Val Loss: 0.5397 Acc: 0.7849
[Epoch 39/200] Train Loss: 0.4694 Acc: 0.8051 | Val Loss: 0.5182 Acc: 0.7742
[Epoch 40/200] Train Loss: 0.4552 Acc: 0.8629 | Val Loss: 0.5156 Acc: 0.8333
[Epoch 41/200] Train Loss: 0.4523 Acc: 0.8535 | Val Loss: 0.5036 Acc: 0.8441
[Epoch 42/200] Train Loss: 0.4430 Acc: 0.8414 | Val Loss: 0.4928 Acc: 0.8602
[Epoch 43/200] Train Loss: 0.4260 Acc: 0.8804 | Val Loss: 0.4885 Acc: 0.8548
[Epoch 44/200] Train Loss: 0.4241 Acc: 0.8790 | Val Loss: 0.4851 Acc: 0.8333
[Epoch 45/200] Train Loss: 0.4159 Acc: 0.8750 | Val Loss: 0.4764 Acc: 0.8602
[Epoch 46/200] Train Loss: 0.4116 Acc: 0.8817 | Val Loss: 0.4734 Acc: 0.8548
[Epoch 47/200] Train Loss: 0.4033 Acc: 0.8750 | Val Loss: 0.4602 Acc: 0.8602
[Epoch 48/200] Train Loss: 0.3982 Acc: 0.8669 | Val Loss: 0.4561 Acc: 0.8602
[Epoch 49/200] Train Loss: 0.4262 Acc: 0.8616 | Val Loss: 0.4683 Acc: 0.8280
[Epoch 50/200] Train Loss: 0.3967 Acc: 0.8763 | Val Loss: 0.4512 Acc: 0.8548
[Epoch 51/200] Train Loss: 0.3915 Acc: 0.8750 | Val Loss: 0.4554 Acc: 0.8602
[Epoch 52/200] Train Loss: 0.3731 Acc: 0.8898 | Val Loss: 0.4758 Acc: 0.8602
[Epoch 53/200] Train Loss: 0.3907 Acc: 0.8831 | Val Loss: 0.4341 Acc: 0.8656
[Epoch 54/200] Train Loss: 0.3744 Acc: 0.8858 | Val Loss: 0.4635 Acc: 0.8226
[Epoch 55/200] Train Loss: 0.3600 Acc: 0.8992 | Val Loss: 0.4232 Acc: 0.8710
[Epoch 56/200] Train Loss: 0.3496 Acc: 0.8884 | Val Loss: 0.4127 Acc: 0.8656
[Epoch 57/200] Train Loss: 0.3498 Acc: 0.8898 | Val Loss: 0.4199 Acc: 0.8548
[Epoch 58/200] Train Loss: 0.3381 Acc: 0.9005 | Val Loss: 0.4042 Acc: 0.8710
[Epoch 59/200] Train Loss: 0.3376 Acc: 0.9046 | Val Loss: 0.3843 Acc: 0.8871
[Epoch 60/200] Train Loss: 0.3259 Acc: 0.9059 | Val Loss: 0.4024 Acc: 0.8548
[Epoch 61/200] Train Loss: 0.3265 Acc: 0.9019 | Val Loss: 0.4301 Acc: 0.8495
[Epoch 62/200] Train Loss: 0.3160 Acc: 0.8965 | Val Loss: 0.3699 Acc: 0.8871
[Epoch 63/200] Train Loss: 0.3185 Acc: 0.9046 | Val Loss: 0.4284 Acc: 0.8495
[Epoch 64/200] Train Loss: 0.3131 Acc: 0.9019 | Val Loss: 0.3759 Acc: 0.8817
[Epoch 65/200] Train Loss: 0.3099 Acc: 0.9086 | Val Loss: 0.4014 Acc: 0.8602
[Epoch 66/200] Train Loss: 0.3227 Acc: 0.8952 | Val Loss: 0.3713 Acc: 0.8763
[Epoch 67/200] Train Loss: 0.3008 Acc: 0.9113 | Val Loss: 0.3933 Acc: 0.8763
[Epoch 68/200] Train Loss: 0.3126 Acc: 0.8884 | Val Loss: 0.3652 Acc: 0.8978
[Epoch 69/200] Train Loss: 0.2833 Acc: 0.9086 | Val Loss: 0.3980 Acc: 0.8602
[Epoch 70/200] Train Loss: 0.2947 Acc: 0.9059 | Val Loss: 0.3623 Acc: 0.8710
[Epoch 71/200] Train Loss: 0.2821 Acc: 0.9113 | Val Loss: 0.3632 Acc: 0.8763
[Epoch 72/200] Train Loss: 0.2793 Acc: 0.9126 | Val Loss: 0.3254 Acc: 0.8978
[Epoch 73/200] Train Loss: 0.2720 Acc: 0.9140 | Val Loss: 0.3329 Acc: 0.8871
[Epoch 74/200] Train Loss: 0.2681 Acc: 0.9167 | Val Loss: 0.3427 Acc: 0.8763
[Epoch 75/200] Train Loss: 0.2674 Acc: 0.9126 | Val Loss: 0.3188 Acc: 0.9032
[Epoch 76/200] Train Loss: 0.2619 Acc: 0.9247 | Val Loss: 0.3200 Acc: 0.9032
[Epoch 77/200] Train Loss: 0.2583 Acc: 0.9167 | Val Loss: 0.3245 Acc: 0.8925
[Epoch 78/200] Train Loss: 0.2568 Acc: 0.9113 | Val Loss: 0.3094 Acc: 0.8978
[Epoch 79/200] Train Loss: 0.2489 Acc: 0.9113 | Val Loss: 0.2978 Acc: 0.9194
[Epoch 80/200] Train Loss: 0.2614 Acc: 0.9234 | Val Loss: 0.3034 Acc: 0.8925
[Epoch 81/200] Train Loss: 0.2705 Acc: 0.9099 | Val Loss: 0.3193 Acc: 0.8871
[Epoch 82/200] Train Loss: 0.2471 Acc: 0.9167 | Val Loss: 0.2859 Acc: 0.9194
[Epoch 83/200] Train Loss: 0.2412 Acc: 0.9220 | Val Loss: 0.2885 Acc: 0.9140
[Epoch 84/200] Train Loss: 0.2331 Acc: 0.9288 | Val Loss: 0.3022 Acc: 0.8925
[Epoch 85/200] Train Loss: 0.2502 Acc: 0.9140 | Val Loss: 0.3309 Acc: 0.8763
[Epoch 86/200] Train Loss: 0.2349 Acc: 0.9247 | Val Loss: 0.2783 Acc: 0.9194
[Epoch 87/200] Train Loss: 0.2251 Acc: 0.9355 | Val Loss: 0.2723 Acc: 0.9140
[Epoch 88/200] Train Loss: 0.2240 Acc: 0.9355 | Val Loss: 0.2951 Acc: 0.8925
[Epoch 89/200] Train Loss: 0.2209 Acc: 0.9315 | Val Loss: 0.2719 Acc: 0.9140
[Epoch 90/200] Train Loss: 0.2212 Acc: 0.9328 | Val Loss: 0.2783 Acc: 0.9086
[Epoch 91/200] Train Loss: 0.2231 Acc: 0.9288 | Val Loss: 0.2607 Acc: 0.9301
[Epoch 92/200] Train Loss: 0.2175 Acc: 0.9288 | Val Loss: 0.2563 Acc: 0.9247
[Epoch 93/200] Train Loss: 0.2166 Acc: 0.9301 | Val Loss: 0.2861 Acc: 0.8978
[Epoch 94/200] Train Loss: 0.2088 Acc: 0.9288 | Val Loss: 0.2643 Acc: 0.9140
[Epoch 95/200] Train Loss: 0.2085 Acc: 0.9395 | Val Loss: 0.2567 Acc: 0.9194
[Epoch 96/200] Train Loss: 0.2119 Acc: 0.9328 | Val Loss: 0.2976 Acc: 0.8763
[Epoch 97/200] Train Loss: 0.2109 Acc: 0.9288 | Val Loss: 0.2540 Acc: 0.9247
[Epoch 98/200] Train Loss: 0.2023 Acc: 0.9274 | Val Loss: 0.2599 Acc: 0.9462
[Epoch 99/200] Train Loss: 0.2277 Acc: 0.9274 | Val Loss: 0.2476 Acc: 0.9140
[Epoch 100/200] Train Loss: 0.2243 Acc: 0.9180 | Val Loss: 0.2451 Acc: 0.9247
[Epoch 101/200] Train Loss: 0.2069 Acc: 0.9368 | Val Loss: 0.2556 Acc: 0.9301
[Epoch 102/200] Train Loss: 0.1998 Acc: 0.9395 | Val Loss: 0.2370 Acc: 0.9462
[Epoch 103/200] Train Loss: 0.2194 Acc: 0.9315 | Val Loss: 0.2423 Acc: 0.9140
[Epoch 104/200] Train Loss: 0.2054 Acc: 0.9341 | Val Loss: 0.2265 Acc: 0.9301
[Epoch 105/200] Train Loss: 0.1972 Acc: 0.9382 | Val Loss: 0.2250 Acc: 0.9301
[Epoch 106/200] Train Loss: 0.1887 Acc: 0.9341 | Val Loss: 0.2235 Acc: 0.9301
[Epoch 107/200] Train Loss: 0.1912 Acc: 0.9382 | Val Loss: 0.2436 Acc: 0.9409
[Epoch 108/200] Train Loss: 0.1950 Acc: 0.9315 | Val Loss: 0.2184 Acc: 0.9409
[Epoch 109/200] Train Loss: 0.1868 Acc: 0.9382 | Val Loss: 0.2258 Acc: 0.9301
[Epoch 110/200] Train Loss: 0.1993 Acc: 0.9315 | Val Loss: 0.2320 Acc: 0.9140
[Epoch 111/200] Train Loss: 0.1817 Acc: 0.9395 | Val Loss: 0.2163 Acc: 0.9462
[Epoch 112/200] Train Loss: 0.1872 Acc: 0.9449 | Val Loss: 0.2199 Acc: 0.9194
[Epoch 113/200] Train Loss: 0.1835 Acc: 0.9409 | Val Loss: 0.2328 Acc: 0.9140
[Epoch 114/200] Train Loss: 0.1706 Acc: 0.9476 | Val Loss: 0.2081 Acc: 0.9409
[Epoch 115/200] Train Loss: 0.1792 Acc: 0.9409 | Val Loss: 0.2159 Acc: 0.9194
[Epoch 116/200] Train Loss: 0.1890 Acc: 0.9395 | Val Loss: 0.2762 Acc: 0.8925
[Epoch 117/200] Train Loss: 0.1754 Acc: 0.9462 | Val Loss: 0.2132 Acc: 0.9140
[Epoch 118/200] Train Loss: 0.1776 Acc: 0.9341 | Val Loss: 0.1996 Acc: 0.9516
[Epoch 119/200] Train Loss: 0.1746 Acc: 0.9422 | Val Loss: 0.2045 Acc: 0.9516
[Epoch 120/200] Train Loss: 0.1809 Acc: 0.9435 | Val Loss: 0.2128 Acc: 0.9301
[Epoch 121/200] Train Loss: 0.1761 Acc: 0.9449 | Val Loss: 0.2034 Acc: 0.9355
[Epoch 122/200] Train Loss: 0.1737 Acc: 0.9382 | Val Loss: 0.2355 Acc: 0.9194
[Epoch 123/200] Train Loss: 0.1792 Acc: 0.9382 | Val Loss: 0.2152 Acc: 0.9247
[Epoch 124/200] Train Loss: 0.1780 Acc: 0.9395 | Val Loss: 0.1978 Acc: 0.9409
[Epoch 125/200] Train Loss: 0.1716 Acc: 0.9355 | Val Loss: 0.1905 Acc: 0.9409
[Epoch 126/200] Train Loss: 0.1641 Acc: 0.9449 | Val Loss: 0.2016 Acc: 0.9355
[Epoch 127/200] Train Loss: 0.1720 Acc: 0.9449 | Val Loss: 0.1991 Acc: 0.9409
[Epoch 128/200] Train Loss: 0.1707 Acc: 0.9395 | Val Loss: 0.1870 Acc: 0.9624
[Epoch 129/200] Train Loss: 0.1621 Acc: 0.9409 | Val Loss: 0.2295 Acc: 0.9140
[Epoch 130/200] Train Loss: 0.1723 Acc: 0.9395 | Val Loss: 0.2209 Acc: 0.9140
[Epoch 131/200] Train Loss: 0.1869 Acc: 0.9288 | Val Loss: 0.1916 Acc: 0.9570
[Epoch 132/200] Train Loss: 0.1596 Acc: 0.9489 | Val Loss: 0.1868 Acc: 0.9409
[Epoch 133/200] Train Loss: 0.1604 Acc: 0.9476 | Val Loss: 0.1884 Acc: 0.9570
[Epoch 134/200] Train Loss: 0.1548 Acc: 0.9530 | Val Loss: 0.2887 Acc: 0.8978
[Epoch 135/200] Train Loss: 0.1924 Acc: 0.9288 | Val Loss: 0.1927 Acc: 0.9355
[Epoch 136/200] Train Loss: 0.1509 Acc: 0.9489 | Val Loss: 0.1818 Acc: 0.9409
[Epoch 137/200] Train Loss: 0.1746 Acc: 0.9395 | Val Loss: 0.1922 Acc: 0.9194
[Epoch 138/200] Train Loss: 0.1591 Acc: 0.9476 | Val Loss: 0.1778 Acc: 0.9409
[Epoch 139/200] Train Loss: 0.1582 Acc: 0.9516 | Val Loss: 0.1736 Acc: 0.9516
[Epoch 140/200] Train Loss: 0.1514 Acc: 0.9462 | Val Loss: 0.1786 Acc: 0.9409
[Epoch 141/200] Train Loss: 0.1602 Acc: 0.9422 | Val Loss: 0.1711 Acc: 0.9516
[Epoch 142/200] Train Loss: 0.1570 Acc: 0.9395 | Val Loss: 0.1843 Acc: 0.9409
[Epoch 143/200] Train Loss: 0.1487 Acc: 0.9489 | Val Loss: 0.1813 Acc: 0.9570
[Epoch 144/200] Train Loss: 0.1746 Acc: 0.9435 | Val Loss: 0.1707 Acc: 0.9624
[Epoch 145/200] Train Loss: 0.1545 Acc: 0.9476 | Val Loss: 0.1822 Acc: 0.9355
[Epoch 146/200] Train Loss: 0.1679 Acc: 0.9395 | Val Loss: 0.2035 Acc: 0.9301
[Epoch 147/200] Train Loss: 0.1485 Acc: 0.9435 | Val Loss: 0.1671 Acc: 0.9570
[Epoch 148/200] Train Loss: 0.1408 Acc: 0.9503 | Val Loss: 0.1818 Acc: 0.9355
[Epoch 149/200] Train Loss: 0.1564 Acc: 0.9489 | Val Loss: 0.1656 Acc: 0.9516
[Epoch 150/200] Train Loss: 0.1438 Acc: 0.9556 | Val Loss: 0.1693 Acc: 0.9570
[Epoch 151/200] Train Loss: 0.1460 Acc: 0.9516 | Val Loss: 0.1752 Acc: 0.9409
[Epoch 152/200] Train Loss: 0.1943 Acc: 0.9274 | Val Loss: 0.1750 Acc: 0.9301
[Epoch 153/200] Train Loss: 0.1564 Acc: 0.9449 | Val Loss: 0.1868 Acc: 0.9355
[Epoch 154/200] Train Loss: 0.1703 Acc: 0.9449 | Val Loss: 0.1683 Acc: 0.9462
[Epoch 155/200] Train Loss: 0.1419 Acc: 0.9530 | Val Loss: 0.1691 Acc: 0.9355
[Epoch 156/200] Train Loss: 0.1491 Acc: 0.9435 | Val Loss: 0.1797 Acc: 0.9355
[Epoch 157/200] Train Loss: 0.1566 Acc: 0.9395 | Val Loss: 0.1609 Acc: 0.9570
[Epoch 158/200] Train Loss: 0.1445 Acc: 0.9435 | Val Loss: 0.1594 Acc: 0.9570
[Epoch 159/200] Train Loss: 0.1418 Acc: 0.9516 | Val Loss: 0.1729 Acc: 0.9570
[Epoch 160/200] Train Loss: 0.1483 Acc: 0.9503 | Val Loss: 0.2143 Acc: 0.9032
[Epoch 161/200] Train Loss: 0.1585 Acc: 0.9435 | Val Loss: 0.2612 Acc: 0.9086
[Epoch 162/200] Train Loss: 0.1401 Acc: 0.9489 | Val Loss: 0.1558 Acc: 0.9677
[Epoch 163/200] Train Loss: 0.1408 Acc: 0.9476 | Val Loss: 0.1648 Acc: 0.9409
[Epoch 164/200] Train Loss: 0.1370 Acc: 0.9516 | Val Loss: 0.1526 Acc: 0.9570
[Epoch 165/200] Train Loss: 0.1393 Acc: 0.9570 | Val Loss: 0.1657 Acc: 0.9462
[Epoch 166/200] Train Loss: 0.1352 Acc: 0.9516 | Val Loss: 0.1652 Acc: 0.9409
[Epoch 167/200] Train Loss: 0.1523 Acc: 0.9435 | Val Loss: 0.1688 Acc: 0.9409
[Epoch 168/200] Train Loss: 0.1458 Acc: 0.9516 | Val Loss: 0.1580 Acc: 0.9462
[Epoch 169/200] Train Loss: 0.1331 Acc: 0.9610 | Val Loss: 0.1524 Acc: 0.9570
[Epoch 170/200] Train Loss: 0.1454 Acc: 0.9543 | Val Loss: 0.1906 Acc: 0.9409
[Epoch 171/200] Train Loss: 0.1591 Acc: 0.9301 | Val Loss: 0.1694 Acc: 0.9409
[Epoch 172/200] Train Loss: 0.1285 Acc: 0.9516 | Val Loss: 0.1501 Acc: 0.9624
[Epoch 173/200] Train Loss: 0.1274 Acc: 0.9583 | Val Loss: 0.1602 Acc: 0.9624
[Epoch 174/200] Train Loss: 0.1443 Acc: 0.9476 | Val Loss: 0.2195 Acc: 0.9140
[Epoch 175/200] Train Loss: 0.1376 Acc: 0.9476 | Val Loss: 0.1620 Acc: 0.9301
[Epoch 176/200] Train Loss: 0.1264 Acc: 0.9530 | Val Loss: 0.1475 Acc: 0.9516
[Epoch 177/200] Train Loss: 0.1479 Acc: 0.9530 | Val Loss: 0.1662 Acc: 0.9355
[Epoch 178/200] Train Loss: 0.1619 Acc: 0.9449 | Val Loss: 0.1572 Acc: 0.9677
[Epoch 179/200] Train Loss: 0.1510 Acc: 0.9503 | Val Loss: 0.1563 Acc: 0.9462
[Epoch 180/200] Train Loss: 0.1336 Acc: 0.9583 | Val Loss: 0.2122 Acc: 0.9194
[Epoch 181/200] Train Loss: 0.1558 Acc: 0.9422 | Val Loss: 0.1453 Acc: 0.9570
[Epoch 182/200] Train Loss: 0.1314 Acc: 0.9556 | Val Loss: 0.2716 Acc: 0.8925
[Epoch 183/200] Train Loss: 0.1579 Acc: 0.9395 | Val Loss: 0.1439 Acc: 0.9570
[Epoch 184/200] Train Loss: 0.1330 Acc: 0.9503 | Val Loss: 0.1415 Acc: 0.9570
[Epoch 185/200] Train Loss: 0.1285 Acc: 0.9570 | Val Loss: 0.2042 Acc: 0.9140
[Epoch 186/200] Train Loss: 0.1538 Acc: 0.9462 | Val Loss: 0.1413 Acc: 0.9570
[Epoch 187/200] Train Loss: 0.1345 Acc: 0.9516 | Val Loss: 0.1683 Acc: 0.9409
[Epoch 188/200] Train Loss: 0.1287 Acc: 0.9570 | Val Loss: 0.1496 Acc: 0.9516
[Epoch 189/200] Train Loss: 0.1340 Acc: 0.9543 | Val Loss: 0.1477 Acc: 0.9516
[Epoch 190/200] Train Loss: 0.1259 Acc: 0.9516 | Val Loss: 0.1493 Acc: 0.9462
[Epoch 191/200] Train Loss: 0.1263 Acc: 0.9489 | Val Loss: 0.1708 Acc: 0.9462
[Epoch 192/200] Train Loss: 0.1411 Acc: 0.9462 | Val Loss: 0.1396 Acc: 0.9570
[Epoch 193/200] Train Loss: 0.1534 Acc: 0.9409 | Val Loss: 0.1593 Acc: 0.9570
[Epoch 194/200] Train Loss: 0.1472 Acc: 0.9462 | Val Loss: 0.2503 Acc: 0.8978
[Epoch 195/200] Train Loss: 0.1499 Acc: 0.9530 | Val Loss: 0.1404 Acc: 0.9624
[Epoch 196/200] Train Loss: 0.1202 Acc: 0.9624 | Val Loss: 0.1466 Acc: 0.9624
[Epoch 197/200] Train Loss: 0.1351 Acc: 0.9516 | Val Loss: 0.1407 Acc: 0.9516
[Epoch 198/200] Train Loss: 0.1231 Acc: 0.9583 | Val Loss: 0.1611 Acc: 0.9409
[Epoch 199/200] Train Loss: 0.1465 Acc: 0.9503 | Val Loss: 0.1424 Acc: 0.9462
[Epoch 200/200] Train Loss: 0.1356 Acc: 0.9435 | Val Loss: 0.1411 Acc: 0.9570
Training completed in 8.64 seconds.
