Start training script: Thu Nov 27 13:22:35 2025
dataset shape: torch.Size([27870, 5, 12]), torch.Size([27870])
Dataset distribution:
> Train: Counter({np.int64(0): 8240, np.int64(2): 2806, np.int64(1): 1538, np.int64(4): 1385, np.int64(3): 1247, np.int64(5): 758, np.int64(6): 748})
> Val:   Counter({np.int64(0): 2747, np.int64(2): 935, np.int64(1): 512, np.int64(4): 462, np.int64(3): 416, np.int64(5): 253, np.int64(6): 249})
> Test:  Counter({np.int64(0): 2747, np.int64(2): 935, np.int64(1): 512, np.int64(4): 462, np.int64(3): 416, np.int64(5): 253, np.int64(6): 249})
Using device: cuda
Start training with config: default-5e3
[Epoch 1/100] Train Loss: 0.9710 Acc: 0.6063 | Val Loss: 0.7621 Acc: 0.6679
[Epoch 2/100] Train Loss: 0.7212 Acc: 0.6949 | Val Loss: 0.6957 Acc: 0.7108
[Epoch 3/100] Train Loss: 0.6433 Acc: 0.7263 | Val Loss: 0.5989 Acc: 0.7499
[Epoch 4/100] Train Loss: 0.5627 Acc: 0.7727 | Val Loss: 0.5553 Acc: 0.7817
[Epoch 5/100] Train Loss: 0.5010 Acc: 0.8001 | Val Loss: 0.4584 Acc: 0.8183
[Epoch 6/100] Train Loss: 0.4661 Acc: 0.8087 | Val Loss: 0.4398 Acc: 0.8236
[Epoch 7/100] Train Loss: 0.4361 Acc: 0.8242 | Val Loss: 0.4590 Acc: 0.8174
[Epoch 8/100] Train Loss: 0.4286 Acc: 0.8312 | Val Loss: 0.4059 Acc: 0.8369
[Epoch 9/100] Train Loss: 0.4071 Acc: 0.8368 | Val Loss: 0.4591 Acc: 0.8184
[Epoch 10/100] Train Loss: 0.4014 Acc: 0.8419 | Val Loss: 0.3727 Acc: 0.8532
[Epoch 11/100] Train Loss: 0.3778 Acc: 0.8534 | Val Loss: 0.3848 Acc: 0.8443
[Epoch 12/100] Train Loss: 0.3708 Acc: 0.8544 | Val Loss: 0.3647 Acc: 0.8554
[Epoch 13/100] Train Loss: 0.3587 Acc: 0.8610 | Val Loss: 0.3847 Acc: 0.8439
[Epoch 14/100] Train Loss: 0.3586 Acc: 0.8605 | Val Loss: 0.3452 Acc: 0.8640
[Epoch 15/100] Train Loss: 0.3435 Acc: 0.8651 | Val Loss: 0.3892 Acc: 0.8450
[Epoch 16/100] Train Loss: 0.3344 Acc: 0.8669 | Val Loss: 0.3331 Acc: 0.8750
[Epoch 17/100] Train Loss: 0.3346 Acc: 0.8709 | Val Loss: 0.3141 Acc: 0.8850
[Epoch 18/100] Train Loss: 0.3274 Acc: 0.8715 | Val Loss: 0.3300 Acc: 0.8706
[Epoch 19/100] Train Loss: 0.3256 Acc: 0.8710 | Val Loss: 0.3076 Acc: 0.8811
[Epoch 20/100] Train Loss: 0.3156 Acc: 0.8774 | Val Loss: 0.3000 Acc: 0.8872
[Epoch 21/100] Train Loss: 0.3043 Acc: 0.8812 | Val Loss: 0.3171 Acc: 0.8760
[Epoch 22/100] Train Loss: 0.3022 Acc: 0.8808 | Val Loss: 0.3385 Acc: 0.8674
[Epoch 23/100] Train Loss: 0.2948 Acc: 0.8808 | Val Loss: 0.3426 Acc: 0.8649
[Epoch 24/100] Train Loss: 0.2882 Acc: 0.8878 | Val Loss: 0.3179 Acc: 0.8717
[Epoch 25/100] Train Loss: 0.2912 Acc: 0.8858 | Val Loss: 0.3290 Acc: 0.8759
[Epoch 26/100] Train Loss: 0.2898 Acc: 0.8866 | Val Loss: 0.2924 Acc: 0.8780
[Epoch 27/100] Train Loss: 0.2834 Acc: 0.8861 | Val Loss: 0.3032 Acc: 0.8766
[Epoch 28/100] Train Loss: 0.2790 Acc: 0.8929 | Val Loss: 0.2766 Acc: 0.8945
[Epoch 29/100] Train Loss: 0.2612 Acc: 0.8955 | Val Loss: 0.3470 Acc: 0.8674
[Epoch 30/100] Train Loss: 0.2685 Acc: 0.8954 | Val Loss: 0.2983 Acc: 0.8818
[Epoch 31/100] Train Loss: 0.2651 Acc: 0.8959 | Val Loss: 0.2815 Acc: 0.8877
[Epoch 32/100] Train Loss: 0.2630 Acc: 0.8952 | Val Loss: 0.3089 Acc: 0.8877
[Epoch 33/100] Train Loss: 0.2600 Acc: 0.8957 | Val Loss: 0.2713 Acc: 0.8985
[Epoch 34/100] Train Loss: 0.2501 Acc: 0.9006 | Val Loss: 0.2973 Acc: 0.8843
[Epoch 35/100] Train Loss: 0.2528 Acc: 0.9003 | Val Loss: 0.2674 Acc: 0.8936
[Epoch 36/100] Train Loss: 0.2413 Acc: 0.9041 | Val Loss: 0.2394 Acc: 0.9081
[Epoch 37/100] Train Loss: 0.2509 Acc: 0.9013 | Val Loss: 0.2553 Acc: 0.8994
[Epoch 38/100] Train Loss: 0.2418 Acc: 0.9050 | Val Loss: 0.2463 Acc: 0.9062
[Epoch 39/100] Train Loss: 0.2400 Acc: 0.9062 | Val Loss: 0.2394 Acc: 0.9087
[Epoch 40/100] Train Loss: 0.2320 Acc: 0.9088 | Val Loss: 0.2531 Acc: 0.9006
[Epoch 41/100] Train Loss: 0.2326 Acc: 0.9098 | Val Loss: 0.2259 Acc: 0.9117
[Epoch 42/100] Train Loss: 0.2295 Acc: 0.9087 | Val Loss: 0.2569 Acc: 0.9006
[Epoch 43/100] Train Loss: 0.2272 Acc: 0.9129 | Val Loss: 0.2932 Acc: 0.8870
[Epoch 44/100] Train Loss: 0.2299 Acc: 0.9102 | Val Loss: 0.2360 Acc: 0.9117
[Epoch 45/100] Train Loss: 0.2241 Acc: 0.9101 | Val Loss: 0.2903 Acc: 0.8916
[Epoch 46/100] Train Loss: 0.2240 Acc: 0.9124 | Val Loss: 0.2464 Acc: 0.8995
[Epoch 47/100] Train Loss: 0.2158 Acc: 0.9137 | Val Loss: 0.2450 Acc: 0.9074
[Epoch 48/100] Train Loss: 0.2179 Acc: 0.9129 | Val Loss: 0.2769 Acc: 0.8943
[Epoch 49/100] Train Loss: 0.2199 Acc: 0.9147 | Val Loss: 0.2869 Acc: 0.8995
[Epoch 50/100] Train Loss: 0.2126 Acc: 0.9164 | Val Loss: 0.2665 Acc: 0.8986
[Epoch 51/100] Train Loss: 0.2068 Acc: 0.9205 | Val Loss: 0.2740 Acc: 0.8949
Early stopped.
Training completed in 128.87 seconds.

---- Test result of model default-5e3 ----
Loss: 0.2244 Acc: 0.9085
Confusion Matrix:

[[2616   26   41   38   14    4    8]
 [  57  403   50    2    0    0    0]
 [  53   51  829    0    2    0    0]
 [  43    0    2  358   12    0    1]
 [  34    2    5   52  369    0    0]
 [   5    0    0    0    0  244    4]
 [   0    0    0    0    0    4  245]]
Classification Report:

              precision    recall  f1-score   support

           0       0.93      0.95      0.94      2747
           1       0.84      0.79      0.81       512
           2       0.89      0.89      0.89       935
           3       0.80      0.86      0.83       416
           4       0.93      0.80      0.86       462
           5       0.97      0.96      0.97       253
           6       0.95      0.98      0.97       249

    accuracy                           0.91      5574
   macro avg       0.90      0.89      0.89      5574
weighted avg       0.91      0.91      0.91      5574

Start training with config: weight-5e3
[Epoch 1/100] Train Loss: 0.2367 Acc: 0.9082 | Val Loss: 0.2436 Acc: 0.9089
[Epoch 2/100] Train Loss: 0.2261 Acc: 0.9127 | Val Loss: 0.2330 Acc: 0.9148
[Epoch 3/100] Train Loss: 0.2305 Acc: 0.9090 | Val Loss: 0.2735 Acc: 0.8956
[Epoch 4/100] Train Loss: 0.2223 Acc: 0.9129 | Val Loss: 0.2342 Acc: 0.9087
[Epoch 5/100] Train Loss: 0.2185 Acc: 0.9135 | Val Loss: 0.2234 Acc: 0.9173
[Epoch 6/100] Train Loss: 0.2212 Acc: 0.9127 | Val Loss: 0.2335 Acc: 0.9128
[Epoch 7/100] Train Loss: 0.2184 Acc: 0.9123 | Val Loss: 0.2790 Acc: 0.8922
[Epoch 8/100] Train Loss: 0.2068 Acc: 0.9196 | Val Loss: 0.2310 Acc: 0.9105
[Epoch 9/100] Train Loss: 0.2200 Acc: 0.9144 | Val Loss: 0.2598 Acc: 0.9026
[Epoch 10/100] Train Loss: 0.2087 Acc: 0.9169 | Val Loss: 0.2583 Acc: 0.9031
[Epoch 11/100] Train Loss: 0.2113 Acc: 0.9148 | Val Loss: 0.2390 Acc: 0.9092
[Epoch 12/100] Train Loss: 0.2000 Acc: 0.9223 | Val Loss: 0.2615 Acc: 0.9006
[Epoch 13/100] Train Loss: 0.2117 Acc: 0.9163 | Val Loss: 0.2370 Acc: 0.9114
[Epoch 14/100] Train Loss: 0.2043 Acc: 0.9202 | Val Loss: 0.2220 Acc: 0.9142
[Epoch 15/100] Train Loss: 0.2071 Acc: 0.9187 | Val Loss: 0.2523 Acc: 0.9006
[Epoch 16/100] Train Loss: 0.1983 Acc: 0.9230 | Val Loss: 0.2448 Acc: 0.9055
[Epoch 17/100] Train Loss: 0.2029 Acc: 0.9214 | Val Loss: 0.2688 Acc: 0.9020
[Epoch 18/100] Train Loss: 0.2014 Acc: 0.9214 | Val Loss: 0.2400 Acc: 0.9076
[Epoch 19/100] Train Loss: 0.1934 Acc: 0.9226 | Val Loss: 0.2326 Acc: 0.9128
[Epoch 20/100] Train Loss: 0.1919 Acc: 0.9238 | Val Loss: 0.2555 Acc: 0.9078
[Epoch 21/100] Train Loss: 0.2006 Acc: 0.9202 | Val Loss: 0.2487 Acc: 0.9029
[Epoch 22/100] Train Loss: 0.1826 Acc: 0.9276 | Val Loss: 0.2070 Acc: 0.9212
[Epoch 23/100] Train Loss: 0.1886 Acc: 0.9267 | Val Loss: 0.3103 Acc: 0.8889
[Epoch 24/100] Train Loss: 0.1915 Acc: 0.9257 | Val Loss: 0.2339 Acc: 0.9121
[Epoch 25/100] Train Loss: 0.1917 Acc: 0.9264 | Val Loss: 0.2488 Acc: 0.9083
[Epoch 26/100] Train Loss: 0.1807 Acc: 0.9287 | Val Loss: 0.2277 Acc: 0.9150
[Epoch 27/100] Train Loss: 0.1818 Acc: 0.9289 | Val Loss: 0.2518 Acc: 0.9089
[Epoch 28/100] Train Loss: 0.1829 Acc: 0.9276 | Val Loss: 0.2254 Acc: 0.9132
[Epoch 29/100] Train Loss: 0.1811 Acc: 0.9312 | Val Loss: 0.2298 Acc: 0.9132
[Epoch 30/100] Train Loss: 0.1816 Acc: 0.9291 | Val Loss: 0.2287 Acc: 0.9157
[Epoch 31/100] Train Loss: 0.1758 Acc: 0.9319 | Val Loss: 0.2947 Acc: 0.8979
[Epoch 32/100] Train Loss: 0.1856 Acc: 0.9283 | Val Loss: 0.1970 Acc: 0.9279
[Epoch 33/100] Train Loss: 0.1771 Acc: 0.9307 | Val Loss: 0.2038 Acc: 0.9225
[Epoch 34/100] Train Loss: 0.1778 Acc: 0.9308 | Val Loss: 0.2625 Acc: 0.9049
[Epoch 35/100] Train Loss: 0.1798 Acc: 0.9276 | Val Loss: 0.2449 Acc: 0.9108
[Epoch 36/100] Train Loss: 0.1773 Acc: 0.9321 | Val Loss: 0.2132 Acc: 0.9173
[Epoch 37/100] Train Loss: 0.1660 Acc: 0.9311 | Val Loss: 0.2076 Acc: 0.9227
[Epoch 38/100] Train Loss: 0.1696 Acc: 0.9341 | Val Loss: 0.1965 Acc: 0.9259
[Epoch 39/100] Train Loss: 0.1702 Acc: 0.9334 | Val Loss: 0.2193 Acc: 0.9180
[Epoch 40/100] Train Loss: 0.1706 Acc: 0.9323 | Val Loss: 0.2079 Acc: 0.9245
[Epoch 41/100] Train Loss: 0.1731 Acc: 0.9316 | Val Loss: 0.2467 Acc: 0.9135
[Epoch 42/100] Train Loss: 0.1629 Acc: 0.9361 | Val Loss: 0.2517 Acc: 0.9110
[Epoch 43/100] Train Loss: 0.1659 Acc: 0.9357 | Val Loss: 0.2375 Acc: 0.9146
[Epoch 44/100] Train Loss: 0.1638 Acc: 0.9343 | Val Loss: 0.2041 Acc: 0.9261
[Epoch 45/100] Train Loss: 0.1609 Acc: 0.9374 | Val Loss: 0.2274 Acc: 0.9200
[Epoch 46/100] Train Loss: 0.1731 Acc: 0.9324 | Val Loss: 0.1985 Acc: 0.9259
[Epoch 47/100] Train Loss: 0.1634 Acc: 0.9367 | Val Loss: 0.2525 Acc: 0.9144
[Epoch 48/100] Train Loss: 0.1618 Acc: 0.9362 | Val Loss: 0.2562 Acc: 0.9117
Early stopped.
Training completed in 86.51 seconds.

---- Test result of model weight-5e3 ----
Loss: 0.1934 Acc: 0.9229
Confusion Matrix:

[[2669   22   24    7   14    7    4]
 [  50  406   54    1    1    0    0]
 [  68   28  835    0    4    0    0]
 [  56    0    0  317   41    0    2]
 [  14    1    3   16  428    0    0]
 [   6    0    0    0    0  243    4]
 [   1    0    0    0    0    2  246]]
Classification Report:

              precision    recall  f1-score   support

           0       0.93      0.97      0.95      2747
           1       0.89      0.79      0.84       512
           2       0.91      0.89      0.90       935
           3       0.93      0.76      0.84       416
           4       0.88      0.93      0.90       462
           5       0.96      0.96      0.96       253
           6       0.96      0.99      0.97       249

    accuracy                           0.92      5574
   macro avg       0.92      0.90      0.91      5574
weighted avg       0.92      0.92      0.92      5574

