Start training script: Wed Nov 26 18:11:34 2025
Generating dataset from labeled CSV.
dataset shape: torch.Size([27590, 6, 12, 3]), torch.Size([27590])
Dataset distribution:
> Train: Counter({np.int64(0): 10821, np.int64(2): 3721, np.int64(1): 2045, np.int64(4): 1830, np.int64(3): 1648, np.int64(5): 1010, np.int64(6): 997})
> Val:   Counter({np.int64(0): 2705, np.int64(2): 930, np.int64(1): 511, np.int64(4): 458, np.int64(3): 412, np.int64(5): 253, np.int64(6): 249})
Using device: cpu
Start training with config: default
[Epoch 1/200] Train Loss: 1.4424 Acc: 0.4884 | Val Loss: 1.2571 Acc: 0.5194
[Epoch 2/200] Train Loss: 1.0485 Acc: 0.5623 | Val Loss: 0.8817 Acc: 0.6037
[Epoch 3/200] Train Loss: 0.8569 Acc: 0.6251 | Val Loss: 0.7928 Acc: 0.6551
[Epoch 4/200] Train Loss: 0.7994 Acc: 0.6601 | Val Loss: 0.7814 Acc: 0.6687
[Epoch 5/200] Train Loss: 0.7391 Acc: 0.7004 | Val Loss: 0.7049 Acc: 0.7195
[Epoch 6/200] Train Loss: 0.6531 Acc: 0.7439 | Val Loss: 0.6066 Acc: 0.7650
[Epoch 7/200] Train Loss: 0.5784 Acc: 0.7768 | Val Loss: 0.5625 Acc: 0.7780
[Epoch 8/200] Train Loss: 0.5314 Acc: 0.7966 | Val Loss: 0.5558 Acc: 0.7813
[Epoch 9/200] Train Loss: 0.5082 Acc: 0.8042 | Val Loss: 0.4897 Acc: 0.8103
[Epoch 10/200] Train Loss: 0.4864 Acc: 0.8149 | Val Loss: 0.4685 Acc: 0.8190
[Epoch 11/200] Train Loss: 0.4681 Acc: 0.8219 | Val Loss: 0.4638 Acc: 0.8233
[Epoch 12/200] Train Loss: 0.4535 Acc: 0.8249 | Val Loss: 0.4276 Acc: 0.8311
[Epoch 13/200] Train Loss: 0.4441 Acc: 0.8312 | Val Loss: 0.4409 Acc: 0.8248
[Epoch 14/200] Train Loss: 0.4289 Acc: 0.8355 | Val Loss: 0.4113 Acc: 0.8371
[Epoch 15/200] Train Loss: 0.4200 Acc: 0.8381 | Val Loss: 0.3907 Acc: 0.8465
[Epoch 16/200] Train Loss: 0.4127 Acc: 0.8396 | Val Loss: 0.4108 Acc: 0.8409
[Epoch 17/200] Train Loss: 0.4010 Acc: 0.8438 | Val Loss: 0.3926 Acc: 0.8467
[Epoch 18/200] Train Loss: 0.3946 Acc: 0.8498 | Val Loss: 0.3994 Acc: 0.8400
[Epoch 19/200] Train Loss: 0.3836 Acc: 0.8530 | Val Loss: 0.3863 Acc: 0.8490
[Epoch 20/200] Train Loss: 0.3784 Acc: 0.8536 | Val Loss: 0.3955 Acc: 0.8402
[Epoch 21/200] Train Loss: 0.3764 Acc: 0.8559 | Val Loss: 0.3887 Acc: 0.8492
[Epoch 22/200] Train Loss: 0.3677 Acc: 0.8573 | Val Loss: 0.3736 Acc: 0.8519
[Epoch 23/200] Train Loss: 0.3640 Acc: 0.8600 | Val Loss: 0.3565 Acc: 0.8577
[Epoch 24/200] Train Loss: 0.3544 Acc: 0.8644 | Val Loss: 0.3469 Acc: 0.8643
[Epoch 25/200] Train Loss: 0.3523 Acc: 0.8657 | Val Loss: 0.3411 Acc: 0.8677
[Epoch 26/200] Train Loss: 0.3471 Acc: 0.8684 | Val Loss: 0.3482 Acc: 0.8623
[Epoch 27/200] Train Loss: 0.3381 Acc: 0.8711 | Val Loss: 0.3544 Acc: 0.8599
[Epoch 28/200] Train Loss: 0.3388 Acc: 0.8699 | Val Loss: 0.3225 Acc: 0.8757
[Epoch 29/200] Train Loss: 0.3360 Acc: 0.8701 | Val Loss: 0.3189 Acc: 0.8804
[Epoch 30/200] Train Loss: 0.3254 Acc: 0.8742 | Val Loss: 0.3305 Acc: 0.8664
[Epoch 31/200] Train Loss: 0.3249 Acc: 0.8760 | Val Loss: 0.3319 Acc: 0.8675
[Epoch 32/200] Train Loss: 0.3189 Acc: 0.8786 | Val Loss: 0.3618 Acc: 0.8626
[Epoch 33/200] Train Loss: 0.3183 Acc: 0.8794 | Val Loss: 0.3033 Acc: 0.8853
[Epoch 34/200] Train Loss: 0.3155 Acc: 0.8767 | Val Loss: 0.2975 Acc: 0.8822
[Epoch 35/200] Train Loss: 0.3079 Acc: 0.8825 | Val Loss: 0.3083 Acc: 0.8838
[Epoch 36/200] Train Loss: 0.3015 Acc: 0.8856 | Val Loss: 0.2918 Acc: 0.8895
[Epoch 37/200] Train Loss: 0.3011 Acc: 0.8862 | Val Loss: 0.2983 Acc: 0.8856
[Epoch 38/200] Train Loss: 0.2964 Acc: 0.8853 | Val Loss: 0.2944 Acc: 0.8815
[Epoch 39/200] Train Loss: 0.2954 Acc: 0.8854 | Val Loss: 0.2963 Acc: 0.8858
[Epoch 40/200] Train Loss: 0.2896 Acc: 0.8885 | Val Loss: 0.2746 Acc: 0.8943
[Epoch 41/200] Train Loss: 0.2873 Acc: 0.8880 | Val Loss: 0.2766 Acc: 0.8929
[Epoch 42/200] Train Loss: 0.2807 Acc: 0.8912 | Val Loss: 0.2807 Acc: 0.8887
[Epoch 43/200] Train Loss: 0.2801 Acc: 0.8920 | Val Loss: 0.2682 Acc: 0.8933
[Epoch 44/200] Train Loss: 0.2760 Acc: 0.8920 | Val Loss: 0.2763 Acc: 0.8965
[Epoch 45/200] Train Loss: 0.2733 Acc: 0.8950 | Val Loss: 0.2836 Acc: 0.8896
[Epoch 46/200] Train Loss: 0.2714 Acc: 0.8953 | Val Loss: 0.2760 Acc: 0.8925
[Epoch 47/200] Train Loss: 0.2676 Acc: 0.8973 | Val Loss: 0.3072 Acc: 0.8762
[Epoch 48/200] Train Loss: 0.2648 Acc: 0.8991 | Val Loss: 0.2562 Acc: 0.8972
[Epoch 49/200] Train Loss: 0.2612 Acc: 0.9002 | Val Loss: 0.2576 Acc: 0.9014
[Epoch 50/200] Train Loss: 0.2493 Acc: 0.9058 | Val Loss: 0.2612 Acc: 0.8985
[Epoch 51/200] Train Loss: 0.2608 Acc: 0.9012 | Val Loss: 0.2682 Acc: 0.8994
[Epoch 52/200] Train Loss: 0.2512 Acc: 0.9025 | Val Loss: 0.2875 Acc: 0.8882
[Epoch 53/200] Train Loss: 0.2490 Acc: 0.9035 | Val Loss: 0.2557 Acc: 0.8987
[Epoch 54/200] Train Loss: 0.2459 Acc: 0.9041 | Val Loss: 0.2604 Acc: 0.9005
[Epoch 55/200] Train Loss: 0.2428 Acc: 0.9060 | Val Loss: 0.2538 Acc: 0.9000
[Epoch 56/200] Train Loss: 0.2391 Acc: 0.9073 | Val Loss: 0.2457 Acc: 0.9021
[Epoch 57/200] Train Loss: 0.2395 Acc: 0.9073 | Val Loss: 0.2228 Acc: 0.9146
[Epoch 58/200] Train Loss: 0.2314 Acc: 0.9120 | Val Loss: 0.2718 Acc: 0.8989
[Epoch 59/200] Train Loss: 0.2326 Acc: 0.9126 | Val Loss: 0.2382 Acc: 0.9061
[Epoch 60/200] Train Loss: 0.2339 Acc: 0.9109 | Val Loss: 0.2388 Acc: 0.9090
[Epoch 61/200] Train Loss: 0.2294 Acc: 0.9098 | Val Loss: 0.2423 Acc: 0.9072
[Epoch 62/200] Train Loss: 0.2293 Acc: 0.9105 | Val Loss: 0.2420 Acc: 0.9107
[Epoch 63/200] Train Loss: 0.2282 Acc: 0.9136 | Val Loss: 0.2225 Acc: 0.9134
[Epoch 64/200] Train Loss: 0.2235 Acc: 0.9131 | Val Loss: 0.2065 Acc: 0.9215
[Epoch 65/200] Train Loss: 0.2191 Acc: 0.9160 | Val Loss: 0.2340 Acc: 0.9126
[Epoch 66/200] Train Loss: 0.2194 Acc: 0.9164 | Val Loss: 0.2393 Acc: 0.9087
[Epoch 67/200] Train Loss: 0.2173 Acc: 0.9159 | Val Loss: 0.2231 Acc: 0.9110
[Epoch 68/200] Train Loss: 0.2161 Acc: 0.9178 | Val Loss: 0.2073 Acc: 0.9170
[Epoch 69/200] Train Loss: 0.2130 Acc: 0.9186 | Val Loss: 0.2193 Acc: 0.9101
[Epoch 70/200] Train Loss: 0.2107 Acc: 0.9192 | Val Loss: 0.2139 Acc: 0.9134
[Epoch 71/200] Train Loss: 0.2111 Acc: 0.9175 | Val Loss: 0.2050 Acc: 0.9228
[Epoch 72/200] Train Loss: 0.2042 Acc: 0.9208 | Val Loss: 0.2287 Acc: 0.9076
[Epoch 73/200] Train Loss: 0.2063 Acc: 0.9207 | Val Loss: 0.2890 Acc: 0.8949
[Epoch 74/200] Train Loss: 0.2068 Acc: 0.9207 | Val Loss: 0.2327 Acc: 0.9076
[Epoch 75/200] Train Loss: 0.2028 Acc: 0.9220 | Val Loss: 0.2166 Acc: 0.9134
[Epoch 76/200] Train Loss: 0.1981 Acc: 0.9262 | Val Loss: 0.2061 Acc: 0.9217
[Epoch 77/200] Train Loss: 0.2048 Acc: 0.9216 | Val Loss: 0.2100 Acc: 0.9159
[Epoch 78/200] Train Loss: 0.1965 Acc: 0.9263 | Val Loss: 0.1972 Acc: 0.9237
[Epoch 79/200] Train Loss: 0.2025 Acc: 0.9211 | Val Loss: 0.2134 Acc: 0.9117
[Epoch 80/200] Train Loss: 0.1967 Acc: 0.9249 | Val Loss: 0.2236 Acc: 0.9110
[Epoch 81/200] Train Loss: 0.1961 Acc: 0.9259 | Val Loss: 0.2087 Acc: 0.9150
[Epoch 82/200] Train Loss: 0.1938 Acc: 0.9241 | Val Loss: 0.1913 Acc: 0.9237
[Epoch 83/200] Train Loss: 0.1887 Acc: 0.9266 | Val Loss: 0.1925 Acc: 0.9244
[Epoch 84/200] Train Loss: 0.1922 Acc: 0.9261 | Val Loss: 0.2563 Acc: 0.8976
[Epoch 85/200] Train Loss: 0.1908 Acc: 0.9271 | Val Loss: 0.2124 Acc: 0.9184
[Epoch 86/200] Train Loss: 0.1931 Acc: 0.9250 | Val Loss: 0.1882 Acc: 0.9242
[Epoch 87/200] Train Loss: 0.1873 Acc: 0.9276 | Val Loss: 0.1858 Acc: 0.9241
[Epoch 88/200] Train Loss: 0.1837 Acc: 0.9297 | Val Loss: 0.2006 Acc: 0.9199
[Epoch 89/200] Train Loss: 0.1815 Acc: 0.9291 | Val Loss: 0.2267 Acc: 0.9105
[Epoch 90/200] Train Loss: 0.1857 Acc: 0.9289 | Val Loss: 0.1959 Acc: 0.9217
[Epoch 91/200] Train Loss: 0.1803 Acc: 0.9293 | Val Loss: 0.2178 Acc: 0.9195
[Epoch 92/200] Train Loss: 0.1824 Acc: 0.9294 | Val Loss: 0.2306 Acc: 0.9094
[Epoch 93/200] Train Loss: 0.1791 Acc: 0.9310 | Val Loss: 0.1902 Acc: 0.9235
[Epoch 94/200] Train Loss: 0.1772 Acc: 0.9314 | Val Loss: 0.1946 Acc: 0.9306
[Epoch 95/200] Train Loss: 0.1765 Acc: 0.9326 | Val Loss: 0.1988 Acc: 0.9226
[Epoch 96/200] Train Loss: 0.1770 Acc: 0.9318 | Val Loss: 0.1819 Acc: 0.9329
[Epoch 97/200] Train Loss: 0.1722 Acc: 0.9324 | Val Loss: 0.1974 Acc: 0.9226
[Epoch 98/200] Train Loss: 0.1771 Acc: 0.9315 | Val Loss: 0.2048 Acc: 0.9223
[Epoch 99/200] Train Loss: 0.1682 Acc: 0.9336 | Val Loss: 0.1826 Acc: 0.9259
[Epoch 100/200] Train Loss: 0.1716 Acc: 0.9345 | Val Loss: 0.1801 Acc: 0.9299
[Epoch 101/200] Train Loss: 0.1703 Acc: 0.9332 | Val Loss: 0.1907 Acc: 0.9252
[Epoch 102/200] Train Loss: 0.1671 Acc: 0.9328 | Val Loss: 0.1996 Acc: 0.9246
[Epoch 103/200] Train Loss: 0.1664 Acc: 0.9354 | Val Loss: 0.1736 Acc: 0.9322
[Epoch 104/200] Train Loss: 0.1667 Acc: 0.9359 | Val Loss: 0.1810 Acc: 0.9293
[Epoch 105/200] Train Loss: 0.1661 Acc: 0.9343 | Val Loss: 0.2064 Acc: 0.9183
[Epoch 106/200] Train Loss: 0.1674 Acc: 0.9353 | Val Loss: 0.1870 Acc: 0.9221
[Epoch 107/200] Train Loss: 0.1677 Acc: 0.9341 | Val Loss: 0.1633 Acc: 0.9348
[Epoch 108/200] Train Loss: 0.1627 Acc: 0.9367 | Val Loss: 0.1961 Acc: 0.9264
[Epoch 109/200] Train Loss: 0.1617 Acc: 0.9374 | Val Loss: 0.2297 Acc: 0.9128
[Epoch 110/200] Train Loss: 0.1607 Acc: 0.9377 | Val Loss: 0.1944 Acc: 0.9271
[Epoch 111/200] Train Loss: 0.1561 Acc: 0.9388 | Val Loss: 0.1761 Acc: 0.9297
[Epoch 112/200] Train Loss: 0.1609 Acc: 0.9382 | Val Loss: 0.1744 Acc: 0.9339
[Epoch 113/200] Train Loss: 0.1562 Acc: 0.9385 | Val Loss: 0.1714 Acc: 0.9320
[Epoch 114/200] Train Loss: 0.1518 Acc: 0.9406 | Val Loss: 0.1926 Acc: 0.9250
[Epoch 115/200] Train Loss: 0.1520 Acc: 0.9424 | Val Loss: 0.1640 Acc: 0.9344
[Epoch 116/200] Train Loss: 0.1538 Acc: 0.9401 | Val Loss: 0.1596 Acc: 0.9393
[Epoch 117/200] Train Loss: 0.1547 Acc: 0.9391 | Val Loss: 0.1884 Acc: 0.9268
[Epoch 118/200] Train Loss: 0.1547 Acc: 0.9408 | Val Loss: 0.2155 Acc: 0.9168
[Epoch 119/200] Train Loss: 0.1522 Acc: 0.9396 | Val Loss: 0.1559 Acc: 0.9382
[Epoch 120/200] Train Loss: 0.1467 Acc: 0.9435 | Val Loss: 0.1826 Acc: 0.9337
[Epoch 121/200] Train Loss: 0.1506 Acc: 0.9410 | Val Loss: 0.2014 Acc: 0.9206
[Epoch 122/200] Train Loss: 0.1488 Acc: 0.9413 | Val Loss: 0.1863 Acc: 0.9273
[Epoch 123/200] Train Loss: 0.1488 Acc: 0.9425 | Val Loss: 0.1803 Acc: 0.9295
[Epoch 124/200] Train Loss: 0.1475 Acc: 0.9422 | Val Loss: 0.1648 Acc: 0.9346
[Epoch 125/200] Train Loss: 0.1465 Acc: 0.9426 | Val Loss: 0.1543 Acc: 0.9373
[Epoch 126/200] Train Loss: 0.1454 Acc: 0.9435 | Val Loss: 0.1727 Acc: 0.9342
[Epoch 127/200] Train Loss: 0.1444 Acc: 0.9444 | Val Loss: 0.1858 Acc: 0.9255
[Epoch 128/200] Train Loss: 0.1431 Acc: 0.9431 | Val Loss: 0.1622 Acc: 0.9368
[Epoch 129/200] Train Loss: 0.1442 Acc: 0.9433 | Val Loss: 0.1617 Acc: 0.9364
[Epoch 130/200] Train Loss: 0.1422 Acc: 0.9436 | Val Loss: 0.1578 Acc: 0.9366
[Epoch 131/200] Train Loss: 0.1427 Acc: 0.9424 | Val Loss: 0.1704 Acc: 0.9324
[Epoch 132/200] Train Loss: 0.1397 Acc: 0.9451 | Val Loss: 0.1825 Acc: 0.9297
[Epoch 133/200] Train Loss: 0.1361 Acc: 0.9466 | Val Loss: 0.1730 Acc: 0.9344
[Epoch 134/200] Train Loss: 0.1389 Acc: 0.9448 | Val Loss: 0.1560 Acc: 0.9415
[Epoch 135/200] Train Loss: 0.1339 Acc: 0.9485 | Val Loss: 0.1744 Acc: 0.9353
[Epoch 136/200] Train Loss: 0.1361 Acc: 0.9459 | Val Loss: 0.1527 Acc: 0.9409
[Epoch 137/200] Train Loss: 0.1398 Acc: 0.9440 | Val Loss: 0.1619 Acc: 0.9380
[Epoch 138/200] Train Loss: 0.1343 Acc: 0.9475 | Val Loss: 0.1475 Acc: 0.9431
[Epoch 139/200] Train Loss: 0.1332 Acc: 0.9486 | Val Loss: 0.1660 Acc: 0.9373
[Epoch 140/200] Train Loss: 0.1324 Acc: 0.9481 | Val Loss: 0.1669 Acc: 0.9353
[Epoch 141/200] Train Loss: 0.1385 Acc: 0.9437 | Val Loss: 0.1754 Acc: 0.9300
[Epoch 142/200] Train Loss: 0.1332 Acc: 0.9487 | Val Loss: 0.1817 Acc: 0.9279
[Epoch 143/200] Train Loss: 0.1348 Acc: 0.9477 | Val Loss: 0.1633 Acc: 0.9366
[Epoch 144/200] Train Loss: 0.1307 Acc: 0.9489 | Val Loss: 0.1663 Acc: 0.9355
[Epoch 145/200] Train Loss: 0.1340 Acc: 0.9474 | Val Loss: 0.1981 Acc: 0.9253
[Epoch 146/200] Train Loss: 0.1325 Acc: 0.9484 | Val Loss: 0.1665 Acc: 0.9360
[Epoch 147/200] Train Loss: 0.1286 Acc: 0.9513 | Val Loss: 0.1562 Acc: 0.9404
[Epoch 148/200] Train Loss: 0.1285 Acc: 0.9493 | Val Loss: 0.1595 Acc: 0.9395
[Epoch 149/200] Train Loss: 0.1306 Acc: 0.9487 | Val Loss: 0.1530 Acc: 0.9424
[Epoch 150/200] Train Loss: 0.1274 Acc: 0.9501 | Val Loss: 0.1631 Acc: 0.9331
[Epoch 151/200] Train Loss: 0.1264 Acc: 0.9507 | Val Loss: 0.1467 Acc: 0.9422
[Epoch 152/200] Train Loss: 0.1248 Acc: 0.9508 | Val Loss: 0.1836 Acc: 0.9288
[Epoch 153/200] Train Loss: 0.1343 Acc: 0.9479 | Val Loss: 0.1797 Acc: 0.9342
[Epoch 154/200] Train Loss: 0.1221 Acc: 0.9514 | Val Loss: 0.1647 Acc: 0.9371
[Epoch 155/200] Train Loss: 0.1243 Acc: 0.9503 | Val Loss: 0.1489 Acc: 0.9422
[Epoch 156/200] Train Loss: 0.1245 Acc: 0.9513 | Val Loss: 0.2011 Acc: 0.9291
[Epoch 157/200] Train Loss: 0.1272 Acc: 0.9496 | Val Loss: 0.1486 Acc: 0.9402
[Epoch 158/200] Train Loss: 0.1201 Acc: 0.9537 | Val Loss: 0.1433 Acc: 0.9442
[Epoch 159/200] Train Loss: 0.1224 Acc: 0.9521 | Val Loss: 0.1438 Acc: 0.9474
[Epoch 160/200] Train Loss: 0.1242 Acc: 0.9508 | Val Loss: 0.2005 Acc: 0.9281
[Epoch 161/200] Train Loss: 0.1258 Acc: 0.9498 | Val Loss: 0.1534 Acc: 0.9397
[Epoch 162/200] Train Loss: 0.1189 Acc: 0.9550 | Val Loss: 0.1675 Acc: 0.9368
[Epoch 163/200] Train Loss: 0.1188 Acc: 0.9519 | Val Loss: 0.1544 Acc: 0.9422
[Epoch 164/200] Train Loss: 0.1232 Acc: 0.9510 | Val Loss: 0.1596 Acc: 0.9371
[Epoch 165/200] Train Loss: 0.1222 Acc: 0.9538 | Val Loss: 0.1593 Acc: 0.9395
[Epoch 166/200] Train Loss: 0.1169 Acc: 0.9554 | Val Loss: 0.1442 Acc: 0.9455
[Epoch 167/200] Train Loss: 0.1188 Acc: 0.9537 | Val Loss: 0.1778 Acc: 0.9329
[Epoch 168/200] Train Loss: 0.1184 Acc: 0.9517 | Val Loss: 0.1632 Acc: 0.9357
[Epoch 169/200] Train Loss: 0.1216 Acc: 0.9520 | Val Loss: 0.1750 Acc: 0.9364
[Epoch 170/200] Train Loss: 0.1241 Acc: 0.9517 | Val Loss: 0.1819 Acc: 0.9302
[Epoch 171/200] Train Loss: 0.1143 Acc: 0.9549 | Val Loss: 0.1837 Acc: 0.9320
[Epoch 172/200] Train Loss: 0.1174 Acc: 0.9541 | Val Loss: 0.1372 Acc: 0.9460
[Epoch 173/200] Train Loss: 0.1172 Acc: 0.9536 | Val Loss: 0.1649 Acc: 0.9377
[Epoch 174/200] Train Loss: 0.1164 Acc: 0.9541 | Val Loss: 0.1565 Acc: 0.9397
[Epoch 175/200] Train Loss: 0.1126 Acc: 0.9547 | Val Loss: 0.1440 Acc: 0.9429
[Epoch 176/200] Train Loss: 0.1141 Acc: 0.9552 | Val Loss: 0.1592 Acc: 0.9435
[Epoch 177/200] Train Loss: 0.1097 Acc: 0.9577 | Val Loss: 0.1544 Acc: 0.9456
[Epoch 178/200] Train Loss: 0.1154 Acc: 0.9539 | Val Loss: 0.1643 Acc: 0.9404
[Epoch 179/200] Train Loss: 0.1133 Acc: 0.9567 | Val Loss: 0.1587 Acc: 0.9402
[Epoch 180/200] Train Loss: 0.1131 Acc: 0.9547 | Val Loss: 0.2134 Acc: 0.9210
[Epoch 181/200] Train Loss: 0.1104 Acc: 0.9573 | Val Loss: 0.1437 Acc: 0.9460
[Epoch 182/200] Train Loss: 0.1126 Acc: 0.9551 | Val Loss: 0.1390 Acc: 0.9494
[Epoch 183/200] Train Loss: 0.1110 Acc: 0.9568 | Val Loss: 0.1599 Acc: 0.9404
[Epoch 184/200] Train Loss: 0.1111 Acc: 0.9558 | Val Loss: 0.1565 Acc: 0.9422
[Epoch 185/200] Train Loss: 0.1086 Acc: 0.9579 | Val Loss: 0.1793 Acc: 0.9335
[Epoch 186/200] Train Loss: 0.1143 Acc: 0.9546 | Val Loss: 0.1856 Acc: 0.9340
[Epoch 187/200] Train Loss: 0.1104 Acc: 0.9567 | Val Loss: 0.1301 Acc: 0.9511
[Epoch 188/200] Train Loss: 0.1108 Acc: 0.9557 | Val Loss: 0.1264 Acc: 0.9529
[Epoch 189/200] Train Loss: 0.1094 Acc: 0.9561 | Val Loss: 0.1922 Acc: 0.9293
[Epoch 190/200] Train Loss: 0.1131 Acc: 0.9557 | Val Loss: 0.1674 Acc: 0.9373
[Epoch 191/200] Train Loss: 0.1072 Acc: 0.9563 | Val Loss: 0.1404 Acc: 0.9478
[Epoch 192/200] Train Loss: 0.1092 Acc: 0.9581 | Val Loss: 0.1875 Acc: 0.9313
[Epoch 193/200] Train Loss: 0.1048 Acc: 0.9583 | Val Loss: 0.1735 Acc: 0.9351
[Epoch 194/200] Train Loss: 0.1095 Acc: 0.9577 | Val Loss: 0.1611 Acc: 0.9377
[Epoch 195/200] Train Loss: 0.1108 Acc: 0.9575 | Val Loss: 0.1418 Acc: 0.9476
[Epoch 196/200] Train Loss: 0.1046 Acc: 0.9593 | Val Loss: 0.1396 Acc: 0.9480
[Epoch 197/200] Train Loss: 0.1070 Acc: 0.9585 | Val Loss: 0.1386 Acc: 0.9493
[Epoch 198/200] Train Loss: 0.1052 Acc: 0.9579 | Val Loss: 0.1483 Acc: 0.9447
[Epoch 199/200] Train Loss: 0.1045 Acc: 0.9586 | Val Loss: 0.1355 Acc: 0.9505
[Epoch 200/200] Train Loss: 0.1078 Acc: 0.9572 | Val Loss: 0.1472 Acc: 0.9444
Training completed in 1022.35 seconds.
Start training with config: weight
[Epoch 1/200] Train Loss: 0.1055 Acc: 0.9577 | Val Loss: 0.1430 Acc: 0.9471
[Epoch 2/200] Train Loss: 0.1035 Acc: 0.9598 | Val Loss: 0.1432 Acc: 0.9502
[Epoch 3/200] Train Loss: 0.1096 Acc: 0.9572 | Val Loss: 0.1419 Acc: 0.9458
[Epoch 4/200] Train Loss: 0.1041 Acc: 0.9595 | Val Loss: 0.1402 Acc: 0.9487
[Epoch 5/200] Train Loss: 0.1084 Acc: 0.9565 | Val Loss: 0.1330 Acc: 0.9514
[Epoch 6/200] Train Loss: 0.1023 Acc: 0.9600 | Val Loss: 0.1609 Acc: 0.9393
[Epoch 7/200] Train Loss: 0.1046 Acc: 0.9593 | Val Loss: 0.1282 Acc: 0.9536
[Epoch 8/200] Train Loss: 0.1051 Acc: 0.9578 | Val Loss: 0.1334 Acc: 0.9507
[Epoch 9/200] Train Loss: 0.1003 Acc: 0.9606 | Val Loss: 0.1353 Acc: 0.9507
[Epoch 10/200] Train Loss: 0.0996 Acc: 0.9618 | Val Loss: 0.1520 Acc: 0.9465
[Epoch 11/200] Train Loss: 0.1044 Acc: 0.9607 | Val Loss: 0.1474 Acc: 0.9473
[Epoch 12/200] Train Loss: 0.1010 Acc: 0.9603 | Val Loss: 0.1578 Acc: 0.9429
[Epoch 13/200] Train Loss: 0.1096 Acc: 0.9569 | Val Loss: 0.1410 Acc: 0.9507
[Epoch 14/200] Train Loss: 0.0997 Acc: 0.9610 | Val Loss: 0.2009 Acc: 0.9322
[Epoch 15/200] Train Loss: 0.1068 Acc: 0.9578 | Val Loss: 0.1474 Acc: 0.9462
[Epoch 16/200] Train Loss: 0.0998 Acc: 0.9610 | Val Loss: 0.1461 Acc: 0.9456
[Epoch 17/200] Train Loss: 0.0995 Acc: 0.9614 | Val Loss: 0.1237 Acc: 0.9554
[Epoch 18/200] Train Loss: 0.0996 Acc: 0.9620 | Val Loss: 0.1431 Acc: 0.9471
[Epoch 19/200] Train Loss: 0.1023 Acc: 0.9609 | Val Loss: 0.1336 Acc: 0.9482
[Epoch 20/200] Train Loss: 0.1033 Acc: 0.9600 | Val Loss: 0.1342 Acc: 0.9493
[Epoch 21/200] Train Loss: 0.0979 Acc: 0.9613 | Val Loss: 0.1529 Acc: 0.9458
[Epoch 22/200] Train Loss: 0.1014 Acc: 0.9614 | Val Loss: 0.1459 Acc: 0.9455
[Epoch 23/200] Train Loss: 0.0972 Acc: 0.9618 | Val Loss: 0.1458 Acc: 0.9469
[Epoch 24/200] Train Loss: 0.0960 Acc: 0.9622 | Val Loss: 0.1352 Acc: 0.9505
[Epoch 25/200] Train Loss: 0.0997 Acc: 0.9613 | Val Loss: 0.1293 Acc: 0.9518
[Epoch 26/200] Train Loss: 0.0931 Acc: 0.9640 | Val Loss: 0.1378 Acc: 0.9485
[Epoch 27/200] Train Loss: 0.0970 Acc: 0.9614 | Val Loss: 0.1350 Acc: 0.9525
[Epoch 28/200] Train Loss: 0.0955 Acc: 0.9632 | Val Loss: 0.1561 Acc: 0.9464
[Epoch 29/200] Train Loss: 0.0957 Acc: 0.9624 | Val Loss: 0.1559 Acc: 0.9431
[Epoch 30/200] Train Loss: 0.0966 Acc: 0.9619 | Val Loss: 0.1633 Acc: 0.9416
[Epoch 31/200] Train Loss: 0.1004 Acc: 0.9619 | Val Loss: 0.1551 Acc: 0.9455
[Epoch 32/200] Train Loss: 0.0998 Acc: 0.9619 | Val Loss: 0.1380 Acc: 0.9505
[Epoch 33/200] Train Loss: 0.0933 Acc: 0.9648 | Val Loss: 0.1243 Acc: 0.9540
[Epoch 34/200] Train Loss: 0.0949 Acc: 0.9630 | Val Loss: 0.1403 Acc: 0.9460
[Epoch 35/200] Train Loss: 0.0966 Acc: 0.9613 | Val Loss: 0.1438 Acc: 0.9489
[Epoch 36/200] Train Loss: 0.0935 Acc: 0.9629 | Val Loss: 0.1325 Acc: 0.9552
[Epoch 37/200] Train Loss: 0.0993 Acc: 0.9604 | Val Loss: 0.1620 Acc: 0.9418
[Epoch 38/200] Train Loss: 0.0941 Acc: 0.9634 | Val Loss: 0.1296 Acc: 0.9529
[Epoch 39/200] Train Loss: 0.0928 Acc: 0.9629 | Val Loss: 0.1301 Acc: 0.9503
[Epoch 40/200] Train Loss: 0.0944 Acc: 0.9637 | Val Loss: 0.1390 Acc: 0.9467
[Epoch 41/200] Train Loss: 0.1038 Acc: 0.9608 | Val Loss: 0.1639 Acc: 0.9393
[Epoch 42/200] Train Loss: 0.0915 Acc: 0.9653 | Val Loss: 0.1291 Acc: 0.9532
[Epoch 43/200] Train Loss: 0.0922 Acc: 0.9632 | Val Loss: 0.1497 Acc: 0.9482
[Epoch 44/200] Train Loss: 0.0970 Acc: 0.9619 | Val Loss: 0.1471 Acc: 0.9494
[Epoch 45/200] Train Loss: 0.0942 Acc: 0.9635 | Val Loss: 0.1297 Acc: 0.9545
[Epoch 46/200] Train Loss: 0.0940 Acc: 0.9637 | Val Loss: 0.1445 Acc: 0.9435
[Epoch 47/200] Train Loss: 0.0920 Acc: 0.9641 | Val Loss: 0.1369 Acc: 0.9503
[Epoch 48/200] Train Loss: 0.0947 Acc: 0.9633 | Val Loss: 0.1409 Acc: 0.9473
[Epoch 49/200] Train Loss: 0.0968 Acc: 0.9621 | Val Loss: 0.1340 Acc: 0.9489
[Epoch 50/200] Train Loss: 0.0870 Acc: 0.9661 | Val Loss: 0.1716 Acc: 0.9411
[Epoch 51/200] Train Loss: 0.0967 Acc: 0.9606 | Val Loss: 0.1407 Acc: 0.9513
[Epoch 52/200] Train Loss: 0.0876 Acc: 0.9660 | Val Loss: 0.1524 Acc: 0.9455
[Epoch 53/200] Train Loss: 0.0894 Acc: 0.9664 | Val Loss: 0.1397 Acc: 0.9513
[Epoch 54/200] Train Loss: 0.0933 Acc: 0.9641 | Val Loss: 0.1263 Acc: 0.9551
[Epoch 55/200] Train Loss: 0.0865 Acc: 0.9669 | Val Loss: 0.1371 Acc: 0.9500
[Epoch 56/200] Train Loss: 0.0921 Acc: 0.9634 | Val Loss: 0.1297 Acc: 0.9520
[Epoch 57/200] Train Loss: 0.0927 Acc: 0.9651 | Val Loss: 0.1280 Acc: 0.9540
[Epoch 58/200] Train Loss: 0.0894 Acc: 0.9659 | Val Loss: 0.1269 Acc: 0.9527
[Epoch 59/200] Train Loss: 0.0930 Acc: 0.9640 | Val Loss: 0.1378 Acc: 0.9496
[Epoch 60/200] Train Loss: 0.0898 Acc: 0.9648 | Val Loss: 0.1603 Acc: 0.9447
[Epoch 61/200] Train Loss: 0.0888 Acc: 0.9652 | Val Loss: 0.1469 Acc: 0.9453
[Epoch 62/200] Train Loss: 0.0874 Acc: 0.9645 | Val Loss: 0.1454 Acc: 0.9518
[Epoch 63/200] Train Loss: 0.0902 Acc: 0.9655 | Val Loss: 0.1213 Acc: 0.9569
[Epoch 64/200] Train Loss: 0.0928 Acc: 0.9626 | Val Loss: 0.1515 Acc: 0.9480
[Epoch 65/200] Train Loss: 0.0942 Acc: 0.9630 | Val Loss: 0.1272 Acc: 0.9527
[Epoch 66/200] Train Loss: 0.0852 Acc: 0.9671 | Val Loss: 0.1514 Acc: 0.9494
[Epoch 67/200] Train Loss: 0.0860 Acc: 0.9667 | Val Loss: 0.1415 Acc: 0.9482
[Epoch 68/200] Train Loss: 0.0870 Acc: 0.9655 | Val Loss: 0.1389 Acc: 0.9505
[Epoch 69/200] Train Loss: 0.0839 Acc: 0.9683 | Val Loss: 0.1292 Acc: 0.9513
[Epoch 70/200] Train Loss: 0.0931 Acc: 0.9626 | Val Loss: 0.2076 Acc: 0.9319
[Epoch 71/200] Train Loss: 0.0847 Acc: 0.9674 | Val Loss: 0.1298 Acc: 0.9522
[Epoch 72/200] Train Loss: 0.0901 Acc: 0.9645 | Val Loss: 0.1312 Acc: 0.9529
[Epoch 73/200] Train Loss: 0.0866 Acc: 0.9662 | Val Loss: 0.1681 Acc: 0.9389
[Epoch 74/200] Train Loss: 0.0869 Acc: 0.9667 | Val Loss: 0.1379 Acc: 0.9523
[Epoch 75/200] Train Loss: 0.0856 Acc: 0.9667 | Val Loss: 0.1588 Acc: 0.9433
[Epoch 76/200] Train Loss: 0.0876 Acc: 0.9669 | Val Loss: 0.1485 Acc: 0.9484
[Epoch 77/200] Train Loss: 0.0886 Acc: 0.9656 | Val Loss: 0.1396 Acc: 0.9514
[Epoch 78/200] Train Loss: 0.0867 Acc: 0.9663 | Val Loss: 0.1278 Acc: 0.9543
[Epoch 79/200] Train Loss: 0.0855 Acc: 0.9664 | Val Loss: 0.1261 Acc: 0.9542
[Epoch 80/200] Train Loss: 0.0831 Acc: 0.9670 | Val Loss: 0.1324 Acc: 0.9552
[Epoch 81/200] Train Loss: 0.0870 Acc: 0.9674 | Val Loss: 0.1197 Acc: 0.9556
[Epoch 82/200] Train Loss: 0.0858 Acc: 0.9662 | Val Loss: 0.2053 Acc: 0.9290
[Epoch 83/200] Train Loss: 0.0816 Acc: 0.9675 | Val Loss: 0.1419 Acc: 0.9478
[Epoch 84/200] Train Loss: 0.0836 Acc: 0.9667 | Val Loss: 0.1443 Acc: 0.9507
[Epoch 85/200] Train Loss: 0.0871 Acc: 0.9684 | Val Loss: 0.1270 Acc: 0.9569
[Epoch 86/200] Train Loss: 0.0844 Acc: 0.9664 | Val Loss: 0.1713 Acc: 0.9427
[Epoch 87/200] Train Loss: 0.0800 Acc: 0.9690 | Val Loss: 0.1197 Acc: 0.9570
[Epoch 88/200] Train Loss: 0.0892 Acc: 0.9656 | Val Loss: 0.1249 Acc: 0.9551
[Epoch 89/200] Train Loss: 0.0834 Acc: 0.9701 | Val Loss: 0.1338 Acc: 0.9542
[Epoch 90/200] Train Loss: 0.0822 Acc: 0.9675 | Val Loss: 0.1254 Acc: 0.9554
[Epoch 91/200] Train Loss: 0.0805 Acc: 0.9689 | Val Loss: 0.1390 Acc: 0.9513
[Epoch 92/200] Train Loss: 0.0844 Acc: 0.9662 | Val Loss: 0.1494 Acc: 0.9507
[Epoch 93/200] Train Loss: 0.0842 Acc: 0.9696 | Val Loss: 0.1685 Acc: 0.9464
[Epoch 94/200] Train Loss: 0.0852 Acc: 0.9661 | Val Loss: 0.1285 Acc: 0.9556
[Epoch 95/200] Train Loss: 0.0801 Acc: 0.9682 | Val Loss: 0.1232 Acc: 0.9551
[Epoch 96/200] Train Loss: 0.0834 Acc: 0.9673 | Val Loss: 0.1466 Acc: 0.9474
[Epoch 97/200] Train Loss: 0.0857 Acc: 0.9681 | Val Loss: 0.1266 Acc: 0.9560
[Epoch 98/200] Train Loss: 0.0797 Acc: 0.9682 | Val Loss: 0.1234 Acc: 0.9580
[Epoch 99/200] Train Loss: 0.0800 Acc: 0.9677 | Val Loss: 0.1327 Acc: 0.9551
[Epoch 100/200] Train Loss: 0.0798 Acc: 0.9689 | Val Loss: 0.1326 Acc: 0.9523
[Epoch 101/200] Train Loss: 0.0804 Acc: 0.9687 | Val Loss: 0.1252 Acc: 0.9556
[Epoch 102/200] Train Loss: 0.0847 Acc: 0.9676 | Val Loss: 0.1311 Acc: 0.9569
[Epoch 103/200] Train Loss: 0.0833 Acc: 0.9675 | Val Loss: 0.1344 Acc: 0.9545
[Epoch 104/200] Train Loss: 0.0787 Acc: 0.9694 | Val Loss: 0.1431 Acc: 0.9503
[Epoch 105/200] Train Loss: 0.0826 Acc: 0.9678 | Val Loss: 0.1206 Acc: 0.9570
[Epoch 106/200] Train Loss: 0.0801 Acc: 0.9686 | Val Loss: 0.1924 Acc: 0.9406
[Epoch 107/200] Train Loss: 0.0815 Acc: 0.9684 | Val Loss: 0.1353 Acc: 0.9529
[Epoch 108/200] Train Loss: 0.0791 Acc: 0.9688 | Val Loss: 0.1407 Acc: 0.9532
[Epoch 109/200] Train Loss: 0.0770 Acc: 0.9705 | Val Loss: 0.1365 Acc: 0.9516
[Epoch 110/200] Train Loss: 0.0799 Acc: 0.9688 | Val Loss: 0.1242 Acc: 0.9554
[Epoch 111/200] Train Loss: 0.0865 Acc: 0.9661 | Val Loss: 0.1354 Acc: 0.9500
[Epoch 112/200] Train Loss: 0.0828 Acc: 0.9673 | Val Loss: 0.1172 Acc: 0.9598
[Epoch 113/200] Train Loss: 0.0776 Acc: 0.9704 | Val Loss: 0.1259 Acc: 0.9585
[Epoch 114/200] Train Loss: 0.0787 Acc: 0.9691 | Val Loss: 0.1715 Acc: 0.9440
[Epoch 115/200] Train Loss: 0.0778 Acc: 0.9695 | Val Loss: 0.1300 Acc: 0.9543
[Epoch 116/200] Train Loss: 0.0781 Acc: 0.9697 | Val Loss: 0.1745 Acc: 0.9400
[Epoch 117/200] Train Loss: 0.0782 Acc: 0.9691 | Val Loss: 0.1425 Acc: 0.9516
[Epoch 118/200] Train Loss: 0.0761 Acc: 0.9700 | Val Loss: 0.1280 Acc: 0.9547
[Epoch 119/200] Train Loss: 0.0783 Acc: 0.9703 | Val Loss: 0.1236 Acc: 0.9585
[Epoch 120/200] Train Loss: 0.0764 Acc: 0.9701 | Val Loss: 0.1382 Acc: 0.9527
[Epoch 121/200] Train Loss: 0.0889 Acc: 0.9652 | Val Loss: 0.1326 Acc: 0.9543
[Epoch 122/200] Train Loss: 0.0762 Acc: 0.9704 | Val Loss: 0.1310 Acc: 0.9532
[Epoch 123/200] Train Loss: 0.0725 Acc: 0.9721 | Val Loss: 0.1619 Acc: 0.9480
[Epoch 124/200] Train Loss: 0.0816 Acc: 0.9689 | Val Loss: 0.1377 Acc: 0.9518
[Epoch 125/200] Train Loss: 0.0776 Acc: 0.9699 | Val Loss: 0.1500 Acc: 0.9545
[Epoch 126/200] Train Loss: 0.0752 Acc: 0.9713 | Val Loss: 0.1221 Acc: 0.9569
[Epoch 127/200] Train Loss: 0.0751 Acc: 0.9706 | Val Loss: 0.1454 Acc: 0.9500
[Epoch 128/200] Train Loss: 0.0782 Acc: 0.9698 | Val Loss: 0.1249 Acc: 0.9567
[Epoch 129/200] Train Loss: 0.0778 Acc: 0.9695 | Val Loss: 0.1452 Acc: 0.9502
[Epoch 130/200] Train Loss: 0.0797 Acc: 0.9690 | Val Loss: 0.1216 Acc: 0.9594
[Epoch 131/200] Train Loss: 0.0748 Acc: 0.9715 | Val Loss: 0.1258 Acc: 0.9576
[Epoch 132/200] Train Loss: 0.0739 Acc: 0.9703 | Val Loss: 0.1417 Acc: 0.9523
[Epoch 133/200] Train Loss: 0.0790 Acc: 0.9686 | Val Loss: 0.1348 Acc: 0.9513
[Epoch 134/200] Train Loss: 0.0714 Acc: 0.9721 | Val Loss: 0.1378 Acc: 0.9527
[Epoch 135/200] Train Loss: 0.0751 Acc: 0.9714 | Val Loss: 0.1300 Acc: 0.9561
[Epoch 136/200] Train Loss: 0.0744 Acc: 0.9713 | Val Loss: 0.1323 Acc: 0.9542
[Epoch 137/200] Train Loss: 0.0748 Acc: 0.9715 | Val Loss: 0.1226 Acc: 0.9587
[Epoch 138/200] Train Loss: 0.0752 Acc: 0.9718 | Val Loss: 0.1895 Acc: 0.9415
[Epoch 139/200] Train Loss: 0.0766 Acc: 0.9692 | Val Loss: 0.1445 Acc: 0.9520
[Epoch 140/200] Train Loss: 0.0801 Acc: 0.9690 | Val Loss: 0.1311 Acc: 0.9549
[Epoch 141/200] Train Loss: 0.0732 Acc: 0.9721 | Val Loss: 0.1262 Acc: 0.9561
[Epoch 142/200] Train Loss: 0.0762 Acc: 0.9692 | Val Loss: 0.1233 Acc: 0.9547
[Epoch 143/200] Train Loss: 0.0690 Acc: 0.9717 | Val Loss: 0.1209 Acc: 0.9587
[Epoch 144/200] Train Loss: 0.0742 Acc: 0.9713 | Val Loss: 0.1327 Acc: 0.9543
[Epoch 145/200] Train Loss: 0.0707 Acc: 0.9736 | Val Loss: 0.1588 Acc: 0.9482
[Epoch 146/200] Train Loss: 0.0792 Acc: 0.9700 | Val Loss: 0.1400 Acc: 0.9552
[Epoch 147/200] Train Loss: 0.0754 Acc: 0.9709 | Val Loss: 0.1237 Acc: 0.9576
[Epoch 148/200] Train Loss: 0.0711 Acc: 0.9720 | Val Loss: 0.1353 Acc: 0.9552
[Epoch 149/200] Train Loss: 0.0720 Acc: 0.9718 | Val Loss: 0.1454 Acc: 0.9532
[Epoch 150/200] Train Loss: 0.0737 Acc: 0.9721 | Val Loss: 0.1257 Acc: 0.9583
[Epoch 151/200] Train Loss: 0.0725 Acc: 0.9713 | Val Loss: 0.1587 Acc: 0.9489
[Epoch 152/200] Train Loss: 0.0747 Acc: 0.9711 | Val Loss: 0.1336 Acc: 0.9538
[Epoch 153/200] Train Loss: 0.0734 Acc: 0.9715 | Val Loss: 0.1153 Acc: 0.9609
[Epoch 154/200] Train Loss: 0.0724 Acc: 0.9714 | Val Loss: 0.1440 Acc: 0.9534
[Epoch 155/200] Train Loss: 0.0754 Acc: 0.9701 | Val Loss: 0.1209 Acc: 0.9610
[Epoch 156/200] Train Loss: 0.0733 Acc: 0.9715 | Val Loss: 0.1254 Acc: 0.9563
[Epoch 157/200] Train Loss: 0.0737 Acc: 0.9711 | Val Loss: 0.1474 Acc: 0.9516
[Epoch 158/200] Train Loss: 0.0727 Acc: 0.9726 | Val Loss: 0.1287 Acc: 0.9565
[Epoch 159/200] Train Loss: 0.0696 Acc: 0.9731 | Val Loss: 0.1277 Acc: 0.9563
[Epoch 160/200] Train Loss: 0.0714 Acc: 0.9726 | Val Loss: 0.1356 Acc: 0.9542
[Epoch 161/200] Train Loss: 0.0709 Acc: 0.9718 | Val Loss: 0.1261 Acc: 0.9607
[Epoch 162/200] Train Loss: 0.0720 Acc: 0.9721 | Val Loss: 0.1387 Acc: 0.9525
[Epoch 163/200] Train Loss: 0.0698 Acc: 0.9732 | Val Loss: 0.1598 Acc: 0.9491
[Epoch 164/200] Train Loss: 0.0737 Acc: 0.9719 | Val Loss: 0.1400 Acc: 0.9531
[Epoch 165/200] Train Loss: 0.0733 Acc: 0.9723 | Val Loss: 0.1314 Acc: 0.9545
[Epoch 166/200] Train Loss: 0.0782 Acc: 0.9710 | Val Loss: 0.1445 Acc: 0.9522
[Epoch 167/200] Train Loss: 0.0693 Acc: 0.9728 | Val Loss: 0.1226 Acc: 0.9563
[Epoch 168/200] Train Loss: 0.0699 Acc: 0.9724 | Val Loss: 0.1321 Acc: 0.9542
[Epoch 169/200] Train Loss: 0.0739 Acc: 0.9713 | Val Loss: 0.1145 Acc: 0.9581
[Epoch 170/200] Train Loss: 0.0712 Acc: 0.9726 | Val Loss: 0.1208 Acc: 0.9596
[Epoch 171/200] Train Loss: 0.0724 Acc: 0.9717 | Val Loss: 0.1318 Acc: 0.9554
[Epoch 172/200] Train Loss: 0.0698 Acc: 0.9737 | Val Loss: 0.1639 Acc: 0.9422
[Epoch 173/200] Train Loss: 0.0738 Acc: 0.9715 | Val Loss: 0.1529 Acc: 0.9514
[Epoch 174/200] Train Loss: 0.0676 Acc: 0.9744 | Val Loss: 0.1476 Acc: 0.9527
[Epoch 175/200] Train Loss: 0.0695 Acc: 0.9728 | Val Loss: 0.1864 Acc: 0.9427
[Epoch 176/200] Train Loss: 0.0750 Acc: 0.9721 | Val Loss: 0.1457 Acc: 0.9523
[Epoch 177/200] Train Loss: 0.0690 Acc: 0.9723 | Val Loss: 0.1216 Acc: 0.9601
[Epoch 178/200] Train Loss: 0.0730 Acc: 0.9712 | Val Loss: 0.1344 Acc: 0.9540
[Epoch 179/200] Train Loss: 0.0674 Acc: 0.9738 | Val Loss: 0.1422 Acc: 0.9513
[Epoch 180/200] Train Loss: 0.0692 Acc: 0.9725 | Val Loss: 0.1733 Acc: 0.9482
[Epoch 181/200] Train Loss: 0.0701 Acc: 0.9725 | Val Loss: 0.1353 Acc: 0.9558
[Epoch 182/200] Train Loss: 0.0678 Acc: 0.9732 | Val Loss: 0.1237 Acc: 0.9578
[Epoch 183/200] Train Loss: 0.0738 Acc: 0.9715 | Val Loss: 0.1340 Acc: 0.9565
[Epoch 184/200] Train Loss: 0.0709 Acc: 0.9729 | Val Loss: 0.1336 Acc: 0.9570
[Epoch 185/200] Train Loss: 0.0696 Acc: 0.9728 | Val Loss: 0.1346 Acc: 0.9587
[Epoch 186/200] Train Loss: 0.0676 Acc: 0.9755 | Val Loss: 0.1340 Acc: 0.9532
[Epoch 187/200] Train Loss: 0.0654 Acc: 0.9745 | Val Loss: 0.1303 Acc: 0.9576
[Epoch 188/200] Train Loss: 0.0677 Acc: 0.9729 | Val Loss: 0.1278 Acc: 0.9569
[Epoch 189/200] Train Loss: 0.0724 Acc: 0.9728 | Val Loss: 0.1384 Acc: 0.9523
[Epoch 190/200] Train Loss: 0.0679 Acc: 0.9739 | Val Loss: 0.1368 Acc: 0.9540
[Epoch 191/200] Train Loss: 0.0670 Acc: 0.9737 | Val Loss: 0.1510 Acc: 0.9520
[Epoch 192/200] Train Loss: 0.0659 Acc: 0.9742 | Val Loss: 0.1343 Acc: 0.9574
[Epoch 193/200] Train Loss: 0.0673 Acc: 0.9744 | Val Loss: 0.1732 Acc: 0.9449
[Epoch 194/200] Train Loss: 0.0689 Acc: 0.9730 | Val Loss: 0.1176 Acc: 0.9596
[Epoch 195/200] Train Loss: 0.0670 Acc: 0.9730 | Val Loss: 0.1266 Acc: 0.9576
[Epoch 196/200] Train Loss: 0.0659 Acc: 0.9733 | Val Loss: 0.1297 Acc: 0.9570
[Epoch 197/200] Train Loss: 0.0674 Acc: 0.9736 | Val Loss: 0.1258 Acc: 0.9580
[Epoch 198/200] Train Loss: 0.0635 Acc: 0.9748 | Val Loss: 0.1559 Acc: 0.9505
[Epoch 199/200] Train Loss: 0.0680 Acc: 0.9741 | Val Loss: 0.2450 Acc: 0.9277
[Epoch 200/200] Train Loss: 0.0672 Acc: 0.9730 | Val Loss: 0.1496 Acc: 0.9547
Training completed in 1021.60 seconds.
